2026-10-08T02:45:40.0593797Z Current runner version: '2.337.0'
2026-10-08T02:45:40.0619139Z ##[group]Runner Image Provisioner
2026-10-08T02:45:40.0620268Z Hosted Compute Agent
2026-10-08T02:45:40.0620997Z Version: 20260901.588
2026-10-08T02:45:40.0621985Z Commit: f88ec8081b781fac6c440065ac7ff9e710ce3d0b
2026-10-08T02:45:40.0622881Z Build Date: 2026-09-01T19:56:44Z
2026-10-08T02:45:40.0623699Z Worker ID: {02803c21-3df6-48a7-bed2-75b90c3dd6cd}
2026-10-08T02:45:40.0624526Z Azure Region: eastus
2026-10-08T02:45:40.0625171Z ##[endgroup]
2026-10-08T02:45:40.0626857Z ##[group]Operating System
2026-10-08T02:45:40.0627582Z Ubuntu
2026-10-08T02:45:40.0628570Z 24.04.5
2026-10-08T02:45:40.0629199Z LTS
2026-10-08T02:45:40.0629741Z ##[endgroup]
2026-10-08T02:45:40.0630436Z ##[group]Runner Image
2026-10-08T02:45:40.0631124Z Image: ubuntu-24.04
2026-10-08T02:45:40.0632146Z Version: 20260927.320.1
2026-10-08T02:45:40.0633535Z Included Software: https://github.com/actions/runner-images/blob/ubuntu24/20260927.320/images/ubuntu/Ubuntu2404-Readme.md
2026-10-08T02:45:40.0635152Z Image Release: https://github.com/actions/runner-images/releases/tag/ubuntu24%2F20260927.320
2026-10-08T02:45:40.0636309Z ##[endgroup]
2026-10-08T02:45:40.0637490Z ##[group]GITHUB_TOKEN Permissions
2026-10-08T02:45:40.0639764Z Contents: read
2026-10-08T02:45:40.0640503Z Metadata: read
2026-10-08T02:45:40.0641208Z ##[endgroup]
2026-10-08T02:45:40.0643547Z Secret source: Actions
2026-10-08T02:45:40.0644628Z Cache mode: write
2026-10-08T02:45:40.0645657Z Prepare workflow directory
2026-10-08T02:45:40.1029424Z Prepare all required actions
2026-10-08T02:45:40.1077901Z Getting action download info
2026-10-08T02:45:40.2515459Z Download action repository 'actions/checkout@v4' (SHA:11d5960a326750d5838078e36cf38b85af677262)
2026-10-08T02:45:40.3431123Z Download action repository 'actions/upload-artifact@v4' (SHA:ea165f8d65b6e75b540449e92b4886f43607fa02)
2026-10-08T02:45:40.5537421Z Complete job name: devtest
2026-10-08T02:45:40.6348805Z ##[group]Run actions/checkout@v4
2026-10-08T02:45:40.6349703Z with:
2026-10-08T02:45:40.6350336Z   repository: Ctrl-CV-Master/erpnext-tmc-external-validation
2026-10-08T02:45:40.6354948Z   token: ***
2026-10-08T02:45:40.6355434Z   ssh-strict: true
2026-10-08T02:45:40.6355897Z   ssh-user: git
2026-10-08T02:45:40.6356365Z   persist-credentials: true
2026-10-08T02:45:40.6356883Z   clean: true
2026-10-08T02:45:40.6357360Z   sparse-checkout-cone-mode: true
2026-10-08T02:45:40.6357903Z   fetch-depth: 1
2026-10-08T02:45:40.6358362Z   fetch-tags: false
2026-10-08T02:45:40.6358832Z   show-progress: true
2026-10-08T02:45:40.6359304Z   lfs: false
2026-10-08T02:45:40.6359728Z   submodules: false
2026-10-08T02:45:40.6360202Z   set-safe-directory: true
2026-10-08T02:45:40.6360727Z   allow-unsafe-pr-checkout: false
2026-10-08T02:45:40.6361787Z env:
2026-10-08T02:45:40.6362258Z   ERPNEXT_VERSION: v15.99.1
2026-10-08T02:45:40.6362916Z   FRAPPE_DOCKER_SHA: f71a386bc13f75dcc0cf7462f025f531576a04fc
2026-10-08T02:45:40.6363653Z   ADMIN_PASSWORD: Smoke2026x!
2026-10-08T02:45:40.6364228Z   DB_PASSWORD: Smoke2026x!
2026-10-08T02:45:40.6364733Z ##[endgroup]
2026-10-08T02:45:40.7374346Z Syncing repository: Ctrl-CV-Master/erpnext-tmc-external-validation
2026-10-08T02:45:40.7377207Z ##[group]Getting Git version info
2026-10-08T02:45:40.7378896Z Working directory is '/home/runner/work/erpnext-tmc-external-validation/erpnext-tmc-external-validation'
2026-10-08T02:45:40.7381169Z [command]/usr/bin/git version
2026-10-08T02:45:40.7455452Z git version 2.55.0
2026-10-08T02:45:40.7478212Z ##[endgroup]
2026-10-08T02:45:40.7493893Z Temporarily overriding HOME='/home/runner/work/_temp/32eb6534-3faf-41ab-8f3a-587a162ae28c' before making global git config changes
2026-10-08T02:45:40.7496461Z Adding repository directory to the temporary git global config as a safe directory
2026-10-08T02:45:40.7501324Z [command]/usr/bin/git config --global --add safe.directory /home/runner/work/erpnext-tmc-external-validation/erpnext-tmc-external-validation
2026-10-08T02:45:40.7555533Z Deleting the contents of '/home/runner/work/erpnext-tmc-external-validation/erpnext-tmc-external-validation'
2026-10-08T02:45:40.7558682Z ##[group]Initializing the repository
2026-10-08T02:45:40.7563217Z [command]/usr/bin/git init /home/runner/work/erpnext-tmc-external-validation/erpnext-tmc-external-validation
2026-10-08T02:45:40.7679642Z hint: Using 'master' as the name for the initial branch. This default branch name
2026-10-08T02:45:40.7680822Z hint: will change to "main" in Git 3.0. To configure the initial branch name
2026-10-08T02:45:40.7682951Z hint: to use in all of your new repositories, which will suppress this warning,
2026-10-08T02:45:40.7684512Z hint: call:
2026-10-08T02:45:40.7685333Z hint:
2026-10-08T02:45:40.7686355Z hint: 	git config --global init.defaultBranch <name>
2026-10-08T02:45:40.7687351Z hint:
2026-10-08T02:45:40.7688265Z hint: Names commonly chosen instead of 'master' are 'main', 'trunk' and
2026-10-08T02:45:40.7689759Z hint: 'development'. The just-created branch can be renamed via this command:
2026-10-08T02:45:40.7691112Z hint:
2026-10-08T02:45:40.7692080Z hint: 	git branch -m <name>
2026-10-08T02:45:40.7692639Z hint:
2026-10-08T02:45:40.7693316Z hint: Disable this message with "git config set advice.defaultBranchName false"
2026-10-08T02:45:40.7694759Z Initialized empty Git repository in /home/runner/work/erpnext-tmc-external-validation/erpnext-tmc-external-validation/.git/
2026-10-08T02:45:40.7698597Z [command]/usr/bin/git remote add origin https://github.com/Ctrl-CV-Master/erpnext-tmc-external-validation
2026-10-08T02:45:40.7770353Z ##[endgroup]
2026-10-08T02:45:40.7771967Z ##[group]Disabling automatic garbage collection
2026-10-08T02:45:40.7773185Z [command]/usr/bin/git config --local gc.auto 0
2026-10-08T02:45:40.7797329Z ##[endgroup]
2026-10-08T02:45:40.7798165Z ##[group]Setting up auth
2026-10-08T02:45:40.7805737Z [command]/usr/bin/git config --local --name-only --get-regexp core\.sshCommand
2026-10-08T02:45:40.7852324Z [command]/usr/bin/git submodule foreach --recursive sh -c "git config --local --name-only --get-regexp 'core\.sshCommand' && git config --local --unset-all 'core.sshCommand' || :"
2026-10-08T02:45:40.8269690Z [command]/usr/bin/git config --local --name-only --get-regexp http\.https\:\/\/github\.com\/\.extraheader
2026-10-08T02:45:40.8299571Z [command]/usr/bin/git submodule foreach --recursive sh -c "git config --local --name-only --get-regexp 'http\.https\:\/\/github\.com\/\.extraheader' && git config --local --unset-all 'http.https://github.com/.extraheader' || :"
2026-10-08T02:45:40.8527745Z [command]/usr/bin/git config --local --name-only --get-regexp ^includeIf\.gitdir:
2026-10-08T02:45:40.8565287Z [command]/usr/bin/git submodule foreach --recursive git config --local --show-origin --name-only --get-regexp remote.origin.url
2026-10-08T02:45:40.8790307Z [command]/usr/bin/git config --local http.https://github.com/.extraheader AUTHORIZATION: basic ***
2026-10-08T02:45:40.8830744Z ##[endgroup]
2026-10-08T02:45:40.8832234Z ##[group]Fetching the repository
2026-10-08T02:45:40.8841142Z [command]/usr/bin/git -c protocol.version=2 fetch --no-tags --prune --no-recurse-submodules --depth=1 origin +99f054d0b70289bc8db36af6237152cc42ab0891:refs/remotes/origin/main
2026-10-08T02:45:41.2104162Z From https://github.com/Ctrl-CV-Master/erpnext-tmc-external-validation
2026-10-08T02:45:41.2106409Z  * [new ref]         99f054d0b70289bc8db36af6237152cc42ab0891 -> origin/main
2026-10-08T02:45:41.2110929Z ##[endgroup]
2026-10-08T02:45:41.2113104Z ##[group]Determining the checkout info
2026-10-08T02:45:41.2115662Z ##[endgroup]
2026-10-08T02:45:41.2120193Z [command]/usr/bin/git sparse-checkout disable
2026-10-08T02:45:41.2177624Z [command]/usr/bin/git config --local --unset-all extensions.worktreeConfig
2026-10-08T02:45:41.2210072Z ##[group]Checking out the ref
2026-10-08T02:45:41.2214606Z [command]/usr/bin/git checkout --progress --force -B main refs/remotes/origin/main
2026-10-08T02:45:41.2599316Z Switched to a new branch 'main'
2026-10-08T02:45:41.2605825Z branch 'main' set up to track 'origin/main'.
2026-10-08T02:45:41.2614191Z ##[endgroup]
2026-10-08T02:45:41.2655580Z [command]/usr/bin/git log -1 --format=%H
2026-10-08T02:45:41.2682525Z 99f054d0b70289bc8db36af6237152cc42ab0891
2026-10-08T02:45:41.2904352Z ##[group]Run bash scripts/cleanup_runner_disk.sh normal
2026-10-08T02:45:41.2905311Z [36;1mbash scripts/cleanup_runner_disk.sh normal[0m
2026-10-08T02:45:41.3183626Z shell: /usr/bin/bash -e {0}
2026-10-08T02:45:41.3184290Z env:
2026-10-08T02:45:41.3184814Z   ERPNEXT_VERSION: v15.99.1
2026-10-08T02:45:41.3185584Z   FRAPPE_DOCKER_SHA: f71a386bc13f75dcc0cf7462f025f531576a04fc
2026-10-08T02:45:41.3186416Z   ADMIN_PASSWORD: Smoke2026x!
2026-10-08T02:45:41.3187061Z   DB_PASSWORD: Smoke2026x!
2026-10-08T02:45:41.3187653Z ##[endgroup]
2026-10-08T02:45:41.3322172Z === df -h before cleanup ===
2026-10-08T02:45:41.3475093Z Filesystem      Size  Used Avail Use% Mounted on
2026-10-08T02:45:41.3476048Z /dev/root       145G   59G   87G  41% /
2026-10-08T02:46:38.9459848Z removing /usr/local/lib/android                        11G
2026-10-08T02:47:08.5313972Z removing /usr/share/dotnet                             5.8G
2026-10-08T02:47:13.7082883Z removing /usr/local/.ghcup                             3.7G
2026-10-08T02:47:19.5850394Z removing /opt/hostedtoolcache/CodeQL                   1.4G
2026-10-08T02:47:22.3978294Z removing /usr/share/swift                              3.5G
2026-10-08T02:47:29.6186745Z removing /usr/share/miniconda                          980M
2026-10-08T02:47:39.2034696Z removing /opt/hostedtoolcache/go                       799M
2026-10-08T02:47:43.7532625Z removing /opt/hostedtoolcache/PyPy                     523M
2026-10-08T02:47:44.8520456Z removing /usr/share/apache-maven-3.9.16                11M
2026-10-08T02:47:44.8940469Z removing /usr/share/gradle-9.8.0                       165M
2026-10-08T02:47:44.9825289Z removing /usr/share/kotlinc                            94M
2026-10-08T02:47:45.2350240Z removing /usr/lib/jvm                                  1.5G
2026-10-08T02:47:53.5199093Z removing /opt/pipx                                     500M
2026-10-08T02:47:56.2603069Z removing /usr/share/mysql                              9.5M
2026-10-08T02:47:56.2751853Z removing /var/lib/mysql                                4.0K
2026-10-08T02:48:12.7196676Z === df -h after cleanup ===
2026-10-08T02:48:12.7221637Z Filesystem      Size  Used Avail Use% Mounted on
2026-10-08T02:48:12.7229651Z /dev/root       145G   27G  118G  19% /
2026-10-08T02:48:12.7327260Z ##[group]Run bash smoke/start_erpnext.sh
2026-10-08T02:48:12.7327650Z [36;1mbash smoke/start_erpnext.sh[0m
2026-10-08T02:48:12.7397560Z shell: /usr/bin/bash -e {0}
2026-10-08T02:48:12.7397852Z env:
2026-10-08T02:48:12.7398072Z   ERPNEXT_VERSION: v15.99.1
2026-10-08T02:48:12.7398631Z   FRAPPE_DOCKER_SHA: f71a386bc13f75dcc0cf7462f025f531576a04fc
2026-10-08T02:48:12.7399005Z   ADMIN_PASSWORD: Smoke2026x!
2026-10-08T02:48:12.7399261Z   DB_PASSWORD: Smoke2026x!
2026-10-08T02:48:12.7399564Z ##[endgroup]
2026-10-08T02:48:13.2225150Z 3:    image: frappe/erpnext:v15.99.1
2026-10-08T02:48:13.2228568Z 22:    image: frappe/erpnext:v15.99.1
2026-10-08T02:48:13.2229253Z 51:    image: frappe/erpnext:v15.99.1
2026-10-08T02:48:13.2229867Z 111:    image: frappe/erpnext:v15.99.1
2026-10-08T02:48:13.2230468Z 138:    image: frappe/erpnext:v15.99.1
2026-10-08T02:48:13.2231109Z 160:    image: frappe/erpnext:v15.99.1
2026-10-08T02:48:13.2231943Z 200:    image: frappe/erpnext:v15.99.1
2026-10-08T02:48:13.2232706Z 217:    image: frappe/erpnext:v15.99.1
2026-10-08T02:48:13.2253851Z [02:48:13] pulling pinned images ...
2026-10-08T02:48:51.3686959Z  dfc4cfbee500 Pull complete 
2026-10-08T02:48:51.3687941Z  4f4fb700ef54 Extracting [==================================================>]      32B/32B
2026-10-08T02:48:51.3689002Z  4f4fb700ef54 Extracting [==================================================>]      32B/32B
2026-10-08T02:48:51.3689842Z  4f4fb700ef54 Pull complete 
2026-10-08T02:48:51.3690411Z  configurator Pulled 
2026-10-08T02:48:51.3846404Z mariadb:10.6	309MB
2026-10-08T02:48:51.3847063Z redis:6.2-alpine	27.8MB
2026-10-08T02:48:51.3848181Z frappe/erpnext:v15.99.1	2.27GB
2026-10-08T02:48:51.4429119Z === df -h after image pull ===
2026-10-08T02:48:51.4442399Z Filesystem      Size  Used Avail Use% Mounted on
2026-10-08T02:48:51.4443178Z /dev/root       145G   29G  116G  21% /
2026-10-08T02:48:51.4598797Z [02:48:51] starting stack ...
2026-10-08T02:48:51.5443750Z  Network frappe_docker_frappe_network  Creating
2026-10-08T02:48:51.5804239Z  Network frappe_docker_frappe_network  Created
2026-10-08T02:48:51.5871382Z  Volume "frappe_docker_redis-queue-data"  Creating
2026-10-08T02:48:51.5882796Z  Volume "frappe_docker_redis-queue-data"  Created
2026-10-08T02:48:51.5886204Z  Volume "frappe_docker_db-data"  Creating
2026-10-08T02:48:51.5894964Z  Volume "frappe_docker_db-data"  Created
2026-10-08T02:48:51.5904889Z  Volume "frappe_docker_sites"  Creating
2026-10-08T02:48:51.5912335Z  Volume "frappe_docker_sites"  Created
2026-10-08T02:48:51.5915589Z  Volume "frappe_docker_logs"  Creating
2026-10-08T02:48:51.5927831Z  Volume "frappe_docker_logs"  Created
2026-10-08T02:48:51.5932930Z  Container frappe_docker-db-1  Creating
2026-10-08T02:48:51.5934092Z  Container frappe_docker-redis-cache-1  Creating
2026-10-08T02:48:51.5934719Z  Container frappe_docker-redis-queue-1  Creating
2026-10-08T02:48:51.5935287Z  Container frappe_docker-create-site-1  Creating
2026-10-08T02:48:51.5936013Z  Container frappe_docker-configurator-1  Creating
2026-10-08T02:48:51.6293626Z  Container frappe_docker-redis-cache-1  Created
2026-10-08T02:48:51.6295112Z  Container frappe_docker-db-1  Created
2026-10-08T02:48:51.6295918Z  Container frappe_docker-redis-queue-1  Created
2026-10-08T02:48:51.6548057Z  Container frappe_docker-configurator-1  Created
2026-10-08T02:48:51.6549043Z  Container frappe_docker-queue-short-1  Creating
2026-10-08T02:48:51.6549965Z  Container frappe_docker-backend-1  Creating
2026-10-08T02:48:51.6552641Z  Container frappe_docker-websocket-1  Creating
2026-10-08T02:48:51.6553421Z  Container frappe_docker-queue-long-1  Creating
2026-10-08T02:48:51.6568989Z  Container frappe_docker-scheduler-1  Creating
2026-10-08T02:48:51.6955861Z  Container frappe_docker-create-site-1  Created
2026-10-08T02:48:51.7358548Z  Container frappe_docker-queue-long-1  Created
2026-10-08T02:48:51.7365076Z  Container frappe_docker-websocket-1  Created
2026-10-08T02:48:51.7365842Z  Container frappe_docker-scheduler-1  Created
2026-10-08T02:48:51.7367727Z  Container frappe_docker-queue-short-1  Created
2026-10-08T02:48:51.7369808Z  Container frappe_docker-backend-1  Created
2026-10-08T02:48:51.7372505Z  Container frappe_docker-frontend-1  Creating
2026-10-08T02:48:51.7646447Z  Container frappe_docker-frontend-1  Created
2026-10-08T02:48:51.7668934Z  Container frappe_docker-db-1  Starting
2026-10-08T02:48:51.7672222Z  Container frappe_docker-configurator-1  Starting
2026-10-08T02:48:51.7672880Z  Container frappe_docker-redis-queue-1  Starting
2026-10-08T02:48:51.7673518Z  Container frappe_docker-redis-cache-1  Starting
2026-10-08T02:48:51.7674124Z  Container frappe_docker-create-site-1  Starting
2026-10-08T02:48:52.0904943Z  Container frappe_docker-db-1  Started
2026-10-08T02:48:52.1087883Z  Container frappe_docker-create-site-1  Started
2026-10-08T02:48:52.1089345Z  Container frappe_docker-redis-queue-1  Started
2026-10-08T02:48:52.1167565Z  Container frappe_docker-configurator-1  Started
2026-10-08T02:48:52.1169471Z  Container frappe_docker-configurator-1  Waiting
2026-10-08T02:48:52.1170721Z  Container frappe_docker-configurator-1  Waiting
2026-10-08T02:48:52.1171947Z  Container frappe_docker-configurator-1  Waiting
2026-10-08T02:48:52.1172829Z  Container frappe_docker-configurator-1  Waiting
2026-10-08T02:48:52.1173677Z  Container frappe_docker-configurator-1  Waiting
2026-10-08T02:48:52.1224561Z  Container frappe_docker-redis-cache-1  Started
2026-10-08T02:48:56.6191231Z  Container frappe_docker-configurator-1  Exited
2026-10-08T02:48:56.6248800Z  Container frappe_docker-backend-1  Starting
2026-10-08T02:48:56.6249505Z  Container frappe_docker-configurator-1  Exited
2026-10-08T02:48:56.6250463Z  Container frappe_docker-queue-short-1  Starting
2026-10-08T02:48:56.6251067Z  Container frappe_docker-configurator-1  Exited
2026-10-08T02:48:56.6251926Z  Container frappe_docker-scheduler-1  Starting
2026-10-08T02:48:56.6252534Z  Container frappe_docker-configurator-1  Exited
2026-10-08T02:48:56.6253122Z  Container frappe_docker-websocket-1  Starting
2026-10-08T02:48:56.6253723Z  Container frappe_docker-configurator-1  Exited
2026-10-08T02:48:56.6254302Z  Container frappe_docker-queue-long-1  Starting
2026-10-08T02:48:56.8977053Z  Container frappe_docker-queue-long-1  Started
2026-10-08T02:48:56.9495544Z  Container frappe_docker-queue-short-1  Started
2026-10-08T02:48:56.9545340Z  Container frappe_docker-websocket-1  Started
2026-10-08T02:48:56.9827278Z  Container frappe_docker-scheduler-1  Started
2026-10-08T02:48:57.0016898Z  Container frappe_docker-backend-1  Started
2026-10-08T02:48:57.0020000Z  Container frappe_docker-frontend-1  Starting
2026-10-08T02:48:57.3416387Z  Container frappe_docker-frontend-1  Started
2026-10-08T02:50:01.7294648Z create-site completed successfully at 02:50:01
2026-10-08T02:50:01.8661071Z ERPNEXT_READY after 70s (create-site exit 0 + pong)
2026-10-08T02:50:01.9835950Z detected site: frontend
2026-10-08T02:50:02.1005094Z db_name raw match: "db_name": "_5e5899d8398b5f7b"
2026-10-08T02:50:02.1036641Z db: _5e5899d8398b5f7b
2026-10-08T02:50:02.9933014Z setup_complete written via SQL
2026-10-08T02:50:03.1138139Z setup_complete now: 1
2026-10-08T02:50:03.2322495Z installed_apps: erpnext=1 frappe=1 
2026-10-08T02:50:03.3574852Z language set to en
2026-10-08T02:50:06.8234296Z curl_login_http=200 body={"message":"Logged In","home_page":"/app/home","full_name":"Administrator"}
2026-10-08T02:50:06.9012706Z NAME                          IMAGE                     COMMAND                  SERVICE       CREATED              STATUS                        PORTS
2026-10-08T02:50:06.9014391Z frappe_docker-backend-1       frappe/erpnext:v15.99.1   "/home/frappe/frappe…"   backend       About a minute ago   Up About a minute             
2026-10-08T02:50:06.9015491Z frappe_docker-db-1            mariadb:10.6              "docker-entrypoint.s…"   db            About a minute ago   Up About a minute (healthy)   3306/tcp
2026-10-08T02:50:06.9021374Z frappe_docker-frontend-1      frappe/erpnext:v15.99.1   "nginx-entrypoint.sh"    frontend      About a minute ago   Up About a minute             0.0.0.0:8080->8080/tcp, [::]:8080->8080/tcp
2026-10-08T02:50:06.9023049Z frappe_docker-queue-long-1    frappe/erpnext:v15.99.1   "bench worker --queu…"   queue-long    About a minute ago   Up About a minute             
2026-10-08T02:50:06.9024129Z frappe_docker-queue-short-1   frappe/erpnext:v15.99.1   "bench worker --queu…"   queue-short   About a minute ago   Up About a minute             
2026-10-08T02:50:06.9025208Z frappe_docker-redis-cache-1   redis:6.2-alpine          "docker-entrypoint.s…"   redis-cache   About a minute ago   Up About a minute             6379/tcp
2026-10-08T02:50:06.9026344Z frappe_docker-redis-queue-1   redis:6.2-alpine          "docker-entrypoint.s…"   redis-queue   About a minute ago   Up About a minute             6379/tcp
2026-10-08T02:50:06.9027301Z frappe_docker-scheduler-1     frappe/erpnext:v15.99.1   "bench schedule"         scheduler     About a minute ago   Up About a minute             
2026-10-08T02:50:06.9028540Z frappe_docker-websocket-1     frappe/erpnext:v15.99.1   "node /home/frappe/f…"   websocket     About a minute ago   Up About a minute             
2026-10-08T02:50:06.9061254Z === df -h after startup ===
2026-10-08T02:50:06.9079324Z Filesystem      Size  Used Avail Use% Mounted on
2026-10-08T02:50:06.9079937Z /dev/root       145G   30G  115G  21% /
2026-10-08T02:50:11.9137723Z ##[group]Run bash fixtures/restore_base.sh
2026-10-08T02:50:11.9138086Z [36;1mbash fixtures/restore_base.sh[0m
2026-10-08T02:50:11.9198649Z shell: /usr/bin/bash -e {0}
2026-10-08T02:50:11.9198910Z env:
2026-10-08T02:50:11.9199117Z   ERPNEXT_VERSION: v15.99.1
2026-10-08T02:50:11.9199645Z   FRAPPE_DOCKER_SHA: f71a386bc13f75dcc0cf7462f025f531576a04fc
2026-10-08T02:50:11.9200001Z   ADMIN_PASSWORD: Smoke2026x!
2026-10-08T02:50:11.9200262Z   DB_PASSWORD: Smoke2026x!
2026-10-08T02:50:11.9200494Z ##[endgroup]
2026-10-08T02:50:11.9328014Z restore: site=frontend db=_5e5899d8398b5f7b
2026-10-08T02:50:18.5450104Z restore: /login http=200
2026-10-08T02:50:18.5453009Z BASE_RESTORED
2026-10-08T02:50:18.5489050Z ##[group]Run python3 -m venv .venv
2026-10-08T02:50:18.5489398Z [36;1mpython3 -m venv .venv[0m
2026-10-08T02:50:18.5489704Z [36;1m.venv/bin/pip install -q --upgrade pip[0m
2026-10-08T02:50:18.5490091Z [36;1m.venv/bin/pip install -q "playwright==1.52.0"[0m
2026-10-08T02:50:18.5490545Z [36;1m.venv/bin/python -m playwright install --with-deps chromium[0m
2026-10-08T02:50:18.5552166Z shell: /usr/bin/bash -e {0}
2026-10-08T02:50:18.5552433Z env:
2026-10-08T02:50:18.5552643Z   ERPNEXT_VERSION: v15.99.1
2026-10-08T02:50:18.5552974Z   FRAPPE_DOCKER_SHA: f71a386bc13f75dcc0cf7462f025f531576a04fc
2026-10-08T02:50:18.5553344Z   ADMIN_PASSWORD: Smoke2026x!
2026-10-08T02:50:18.5553617Z   DB_PASSWORD: Smoke2026x!
2026-10-08T02:50:18.5553856Z ##[endgroup]
2026-10-08T02:50:25.3649055Z Installing dependencies...
2026-10-08T02:50:25.3725173Z Switching to root user to install dependencies...
2026-10-08T02:50:25.4472983Z Get:1 file:/etc/apt/apt-mirrors.txt Mirrorlist [144 B]
2026-10-08T02:50:25.4839308Z Get:6 https://packages.microsoft.com/ubuntu/24.04/prod noble InRelease [3600 B]
2026-10-08T02:50:25.5528862Z Get:2 http://azure.archive.ubuntu.com/ubuntu noble InRelease [256 kB]
2026-10-08T02:50:25.5602704Z Get:7 https://packages.microsoft.com/ubuntu/24.04/prod noble/main armhf Packages [12.3 kB]
2026-10-08T02:50:25.5713339Z Get:3 http://azure.archive.ubuntu.com/ubuntu noble-updates InRelease [126 kB]
2026-10-08T02:50:25.5714613Z Get:4 http://azure.archive.ubuntu.com/ubuntu noble-backports InRelease [126 kB]
2026-10-08T02:50:25.5715762Z Get:5 http://azure.archive.ubuntu.com/ubuntu noble-security InRelease [126 kB]
2026-10-08T02:50:25.5752221Z Get:8 https://packages.microsoft.com/ubuntu/24.04/prod noble/main amd64 Packages [529 kB]
2026-10-08T02:50:25.5860192Z Get:9 https://packages.microsoft.com/ubuntu/24.04/prod noble/main all Packages [640 B]
2026-10-08T02:50:25.5901711Z Get:10 https://packages.microsoft.com/ubuntu/24.04/prod noble/main arm64 Packages [473 kB]
2026-10-08T02:50:25.6243388Z Get:11 http://azure.archive.ubuntu.com/ubuntu noble/main amd64 Packages [1401 kB]
2026-10-08T02:50:25.6382535Z Get:12 http://azure.archive.ubuntu.com/ubuntu noble/main Translation-en [513 kB]
2026-10-08T02:50:25.6422268Z Get:13 http://azure.archive.ubuntu.com/ubuntu noble/main amd64 Components [464 kB]
2026-10-08T02:50:25.6454088Z Get:14 http://azure.archive.ubuntu.com/ubuntu noble/main amd64 c-n-f Metadata [30.5 kB]
2026-10-08T02:50:25.6482727Z Get:15 http://azure.archive.ubuntu.com/ubuntu noble/universe amd64 Packages [15.0 MB]
2026-10-08T02:50:25.7188041Z Get:16 http://azure.archive.ubuntu.com/ubuntu noble/universe Translation-en [5982 kB]
2026-10-08T02:50:25.7493533Z Get:17 http://azure.archive.ubuntu.com/ubuntu noble/universe amd64 Components [3871 kB]
2026-10-08T02:50:25.7673508Z Get:18 http://azure.archive.ubuntu.com/ubuntu noble/universe amd64 c-n-f Metadata [301 kB]
2026-10-08T02:50:25.7699277Z Get:19 http://azure.archive.ubuntu.com/ubuntu noble/restricted amd64 Packages [93.9 kB]
2026-10-08T02:50:25.7720501Z Get:20 http://azure.archive.ubuntu.com/ubuntu noble/restricted Translation-en [18.7 kB]
2026-10-08T02:50:25.7729265Z Get:21 http://azure.archive.ubuntu.com/ubuntu noble/restricted amd64 c-n-f Metadata [416 B]
2026-10-08T02:50:25.8181709Z Get:22 http://azure.archive.ubuntu.com/ubuntu noble/multiverse amd64 Packages [269 kB]
2026-10-08T02:50:25.8205847Z Get:23 http://azure.archive.ubuntu.com/ubuntu noble/multiverse Translation-en [118 kB]
2026-10-08T02:50:25.8223171Z Get:24 http://azure.archive.ubuntu.com/ubuntu noble/multiverse amd64 Components [35.0 kB]
2026-10-08T02:50:25.8236892Z Get:25 http://azure.archive.ubuntu.com/ubuntu noble/multiverse amd64 c-n-f Metadata [8328 B]
2026-10-08T02:50:25.8251113Z Get:26 http://azure.archive.ubuntu.com/ubuntu noble-updates/main amd64 Packages [1375 kB]
2026-10-08T02:50:25.8354930Z Get:27 http://azure.archive.ubuntu.com/ubuntu noble-updates/main Translation-en [306 kB]
2026-10-08T02:50:25.8381432Z Get:28 http://azure.archive.ubuntu.com/ubuntu noble-updates/main amd64 Components [181 kB]
2026-10-08T02:50:25.8401852Z Get:29 http://azure.archive.ubuntu.com/ubuntu noble-updates/main amd64 c-n-f Metadata [17.7 kB]
2026-10-08T02:50:25.8416223Z Get:30 http://azure.archive.ubuntu.com/ubuntu noble-updates/universe amd64 Packages [1702 kB]
2026-10-08T02:50:25.8502488Z Get:31 http://azure.archive.ubuntu.com/ubuntu noble-updates/universe Translation-en [341 kB]
2026-10-08T02:50:25.8540498Z Get:32 http://azure.archive.ubuntu.com/ubuntu noble-updates/universe amd64 Components [388 kB]
2026-10-08T02:50:25.8572689Z Get:33 http://azure.archive.ubuntu.com/ubuntu noble-updates/universe amd64 c-n-f Metadata [34.9 kB]
2026-10-08T02:50:25.8583685Z Get:34 http://azure.archive.ubuntu.com/ubuntu noble-updates/restricted amd64 Packages [1761 kB]
2026-10-08T02:50:25.8672301Z Get:35 http://azure.archive.ubuntu.com/ubuntu noble-updates/restricted Translation-en [401 kB]
2026-10-08T02:50:25.8701058Z Get:36 http://azure.archive.ubuntu.com/ubuntu noble-updates/restricted amd64 Components [212 B]
2026-10-08T02:50:25.9143568Z Get:37 http://azure.archive.ubuntu.com/ubuntu noble-updates/restricted amd64 c-n-f Metadata [456 B]
2026-10-08T02:50:25.9159545Z Get:38 http://azure.archive.ubuntu.com/ubuntu noble-updates/multiverse amd64 Packages [55.0 kB]
2026-10-08T02:50:25.9173573Z Get:39 http://azure.archive.ubuntu.com/ubuntu noble-updates/multiverse Translation-en [14.3 kB]
2026-10-08T02:50:25.9187026Z Get:40 http://azure.archive.ubuntu.com/ubuntu noble-updates/multiverse amd64 Components [940 B]
2026-10-08T02:50:25.9199417Z Get:41 http://azure.archive.ubuntu.com/ubuntu noble-updates/multiverse amd64 c-n-f Metadata [656 B]
2026-10-08T02:50:25.9212230Z Get:42 http://azure.archive.ubuntu.com/ubuntu noble-backports/main amd64 Packages [40.6 kB]
2026-10-08T02:50:25.9226397Z Get:43 http://azure.archive.ubuntu.com/ubuntu noble-backports/main Translation-en [9172 B]
2026-10-08T02:50:25.9240346Z Get:44 http://azure.archive.ubuntu.com/ubuntu noble-backports/main amd64 Components [5752 B]
2026-10-08T02:50:25.9252775Z Get:45 http://azure.archive.ubuntu.com/ubuntu noble-backports/main amd64 c-n-f Metadata [368 B]
2026-10-08T02:50:25.9265739Z Get:46 http://azure.archive.ubuntu.com/ubuntu noble-backports/universe amd64 Packages [31.0 kB]
2026-10-08T02:50:25.9292831Z Get:47 http://azure.archive.ubuntu.com/ubuntu noble-backports/universe Translation-en [18.6 kB]
2026-10-08T02:50:25.9295307Z Get:48 http://azure.archive.ubuntu.com/ubuntu noble-backports/universe amd64 Components [12.6 kB]
2026-10-08T02:50:25.9307531Z Get:49 http://azure.archive.ubuntu.com/ubuntu noble-backports/universe amd64 c-n-f Metadata [1588 B]
2026-10-08T02:50:25.9317838Z Get:50 http://azure.archive.ubuntu.com/ubuntu noble-backports/restricted amd64 Components [212 B]
2026-10-08T02:50:25.9741240Z Get:51 http://azure.archive.ubuntu.com/ubuntu noble-backports/restricted amd64 c-n-f Metadata [116 B]
2026-10-08T02:50:25.9753137Z Get:52 http://azure.archive.ubuntu.com/ubuntu noble-backports/multiverse amd64 Packages [748 B]
2026-10-08T02:50:25.9765785Z Get:53 http://azure.archive.ubuntu.com/ubuntu noble-backports/multiverse Translation-en [340 B]
2026-10-08T02:50:25.9777669Z Get:54 http://azure.archive.ubuntu.com/ubuntu noble-backports/multiverse amd64 Components [212 B]
2026-10-08T02:50:25.9790238Z Get:55 http://azure.archive.ubuntu.com/ubuntu noble-backports/multiverse amd64 c-n-f Metadata [116 B]
2026-10-08T02:50:25.9835067Z Get:56 http://azure.archive.ubuntu.com/ubuntu noble-security/main amd64 Packages [1073 kB]
2026-10-08T02:50:25.9955677Z Get:57 http://azure.archive.ubuntu.com/ubuntu noble-security/main Translation-en [223 kB]
2026-10-08T02:50:25.9977892Z Get:58 http://azure.archive.ubuntu.com/ubuntu noble-security/main amd64 Components [46.4 kB]
2026-10-08T02:50:25.9992689Z Get:59 http://azure.archive.ubuntu.com/ubuntu noble-security/main amd64 c-n-f Metadata [11.9 kB]
2026-10-08T02:50:26.0006522Z Get:60 http://azure.archive.ubuntu.com/ubuntu noble-security/universe amd64 Packages [1218 kB]
2026-10-08T02:50:26.0070006Z Get:61 http://azure.archive.ubuntu.com/ubuntu noble-security/universe Translation-en [245 kB]
2026-10-08T02:50:26.0091768Z Get:62 http://azure.archive.ubuntu.com/ubuntu noble-security/universe amd64 Components [76.3 kB]
2026-10-08T02:50:26.0107469Z Get:63 http://azure.archive.ubuntu.com/ubuntu noble-security/universe amd64 c-n-f Metadata [24.2 kB]
2026-10-08T02:50:26.0124990Z Get:64 http://azure.archive.ubuntu.com/ubuntu noble-security/restricted amd64 Packages [1566 kB]
2026-10-08T02:50:26.0662647Z Get:65 http://azure.archive.ubuntu.com/ubuntu noble-security/restricted Translation-en [361 kB]
2026-10-08T02:50:26.0688765Z Get:66 http://azure.archive.ubuntu.com/ubuntu noble-security/restricted amd64 Components [212 B]
2026-10-08T02:50:26.0702031Z Get:67 http://azure.archive.ubuntu.com/ubuntu noble-security/restricted amd64 c-n-f Metadata [444 B]
2026-10-08T02:50:26.0714868Z Get:68 http://azure.archive.ubuntu.com/ubuntu noble-security/multiverse amd64 Packages [40.3 kB]
2026-10-08T02:50:26.0729291Z Get:69 http://azure.archive.ubuntu.com/ubuntu noble-security/multiverse Translation-en [11.6 kB]
2026-10-08T02:50:26.0742051Z Get:70 http://azure.archive.ubuntu.com/ubuntu noble-security/multiverse amd64 Components [208 B]
2026-10-08T02:50:26.0755608Z Get:71 http://azure.archive.ubuntu.com/ubuntu noble-security/multiverse amd64 c-n-f Metadata [468 B]
2026-10-08T02:50:37.6300708Z Fetched 41.4 MB in 4s (9968 kB/s)
2026-10-08T02:50:38.4783954Z Reading package lists...
2026-10-08T02:50:38.5018687Z Reading package lists...
2026-10-08T02:50:38.6741470Z Building dependency tree...
2026-10-08T02:50:38.6748656Z Reading state information...
2026-10-08T02:50:38.8104866Z libasound2t64 is already the newest version (1.2.11-1ubuntu0.3).
2026-10-08T02:50:38.8105754Z libasound2t64 set to manually installed.
2026-10-08T02:50:38.8106584Z libatk-bridge2.0-0t64 is already the newest version (2.52.0-1build1).
2026-10-08T02:50:38.8107518Z libatk-bridge2.0-0t64 set to manually installed.
2026-10-08T02:50:38.8108371Z libatk1.0-0t64 is already the newest version (2.52.0-1build1).
2026-10-08T02:50:38.8109192Z libatk1.0-0t64 set to manually installed.
2026-10-08T02:50:38.8109987Z libatspi2.0-0t64 is already the newest version (2.52.0-1build1).
2026-10-08T02:50:38.8110798Z libatspi2.0-0t64 set to manually installed.
2026-10-08T02:50:38.8111893Z libcairo2 is already the newest version (1.18.0-3build1).
2026-10-08T02:50:38.8112652Z libcairo2 set to manually installed.
2026-10-08T02:50:38.8113423Z libcups2t64 is already the newest version (2.4.7-1.2ubuntu7.14).
2026-10-08T02:50:38.8114249Z libcups2t64 set to manually installed.
2026-10-08T02:50:38.8114973Z libdbus-1-3 is already the newest version (1.14.10-4ubuntu4.1).
2026-10-08T02:50:38.8115594Z libdbus-1-3 set to manually installed.
2026-10-08T02:50:38.8115994Z libdrm2 is already the newest version (2.4.125-1ubuntu0.1~24.04.2).
2026-10-08T02:50:38.8116410Z libdrm2 set to manually installed.
2026-10-08T02:50:38.8116799Z libglib2.0-0t64 is already the newest version (2.80.0-6ubuntu3.9).
2026-10-08T02:50:38.8117229Z libglib2.0-0t64 set to manually installed.
2026-10-08T02:50:38.8117622Z libnspr4 is already the newest version (2:4.35-1.1build1).
2026-10-08T02:50:38.8118006Z libnspr4 set to manually installed.
2026-10-08T02:50:38.8118371Z libnss3 is already the newest version (2:3.98-1ubuntu0.2).
2026-10-08T02:50:38.8118750Z libnss3 set to manually installed.
2026-10-08T02:50:38.8119134Z libpango-1.0-0 is already the newest version (1.52.1+ds-1build1).
2026-10-08T02:50:38.8119573Z libpango-1.0-0 set to manually installed.
2026-10-08T02:50:38.8138213Z libx11-6 is already the newest version (2:1.8.7-1build1).
2026-10-08T02:50:38.8138761Z libx11-6 set to manually installed.
2026-10-08T02:50:38.8139413Z libxcb1 is already the newest version (1.15-1ubuntu2).
2026-10-08T02:50:38.8139749Z libxcb1 set to manually installed.
2026-10-08T02:50:38.8140095Z libxcomposite1 is already the newest version (1:0.4.5-1build3).
2026-10-08T02:50:38.8140497Z libxcomposite1 set to manually installed.
2026-10-08T02:50:38.8141009Z libxdamage1 is already the newest version (1:1.1.6-1build1).
2026-10-08T02:50:38.8141375Z libxdamage1 set to manually installed.
2026-10-08T02:50:38.8141978Z libxext6 is already the newest version (2:1.3.4-1build2).
2026-10-08T02:50:38.8142309Z libxext6 set to manually installed.
2026-10-08T02:50:38.8142632Z libxfixes3 is already the newest version (1:6.0.0-2build1).
2026-10-08T02:50:38.8142974Z libxfixes3 set to manually installed.
2026-10-08T02:50:38.8143314Z libxkbcommon0 is already the newest version (1.6.0-1build1).
2026-10-08T02:50:38.8143664Z libxkbcommon0 set to manually installed.
2026-10-08T02:50:38.8144009Z libxrandr2 is already the newest version (2:1.5.2-2build1).
2026-10-08T02:50:38.8144359Z libxrandr2 set to manually installed.
2026-10-08T02:50:38.8144675Z xvfb is already the newest version (2:21.1.12-1ubuntu1.8).
2026-10-08T02:50:38.8145151Z fonts-noto-color-emoji is already the newest version (2.047-0ubuntu0.24.04.1).
2026-10-08T02:50:38.8145644Z libfontconfig1 is already the newest version (2.15.0-1.1ubuntu2).
2026-10-08T02:50:38.8146017Z libfontconfig1 set to manually installed.
2026-10-08T02:50:38.8146360Z fonts-liberation is already the newest version (1:2.1.5-3).
2026-10-08T02:50:38.8146714Z fonts-liberation set to manually installed.
2026-10-08T02:50:38.8147059Z The following additional packages will be installed:
2026-10-08T02:50:38.8147527Z   libgl1-mesa-dri libglx-mesa0 mesa-libgallium xfonts-encodings xfonts-utils
2026-10-08T02:50:38.8147939Z Recommended packages:
2026-10-08T02:50:38.8148189Z   fonts-ipafont-mincho fonts-tlwg-loma
2026-10-08T02:50:38.8285280Z The following NEW packages will be installed:
2026-10-08T02:50:38.8286077Z   fonts-freefont-ttf fonts-ipafont-gothic fonts-tlwg-loma-otf fonts-unifont
2026-10-08T02:50:38.8292679Z   fonts-wqy-zenhei xfonts-cyrillic xfonts-encodings xfonts-scalable
2026-10-08T02:50:38.8293251Z   xfonts-utils
2026-10-08T02:50:38.8297734Z The following packages will be upgraded:
2026-10-08T02:50:38.8303313Z   libfreetype6 libgbm1 libgl1-mesa-dri libglx-mesa0 mesa-libgallium
2026-10-08T02:50:38.8486080Z 5 upgraded, 9 newly installed, 0 to remove and 26 not upgraded.
2026-10-08T02:50:38.8486783Z Need to get 32.5 MB of archives.
2026-10-08T02:50:38.8487409Z After this operation, 79.5 MB of additional disk space will be used.
2026-10-08T02:50:38.8488153Z Get:1 file:/etc/apt/apt-mirrors.txt Mirrorlist [144 B]
2026-10-08T02:50:38.9504585Z Get:2 http://azure.archive.ubuntu.com/ubuntu noble/universe amd64 fonts-ipafont-gothic all 00303-21ubuntu1 [3513 kB]
2026-10-08T02:50:39.1225581Z Get:3 http://azure.archive.ubuntu.com/ubuntu noble/main amd64 fonts-freefont-ttf all 20211204+svn4273-2 [5641 kB]
2026-10-08T02:50:39.3508153Z Get:4 http://azure.archive.ubuntu.com/ubuntu noble/universe amd64 fonts-tlwg-loma-otf all 1:0.7.3-1 [107 kB]
2026-10-08T02:50:39.4360091Z Get:5 http://azure.archive.ubuntu.com/ubuntu noble/universe amd64 fonts-unifont all 1:15.1.01-1build1 [2993 kB]
2026-10-08T02:50:39.5945992Z Get:6 http://azure.archive.ubuntu.com/ubuntu noble/universe amd64 fonts-wqy-zenhei all 0.9.45-8 [7472 kB]
2026-10-08T02:50:39.8712170Z Get:7 http://azure.archive.ubuntu.com/ubuntu noble-updates/main amd64 libfreetype6 amd64 2.13.2+dfsg-1ubuntu0.2 [403 kB]
2026-10-08T02:50:39.9643737Z Get:8 http://azure.archive.ubuntu.com/ubuntu noble-updates/main amd64 libgl1-mesa-dri amd64 25.2.8-0ubuntu0.24.04.4 [38.0 kB]
2026-10-08T02:50:40.0474371Z Get:9 http://azure.archive.ubuntu.com/ubuntu noble-updates/main amd64 libglx-mesa0 amd64 25.2.8-0ubuntu0.24.04.4 [110 kB]
2026-10-08T02:50:40.1315592Z Get:10 http://azure.archive.ubuntu.com/ubuntu noble-updates/main amd64 libgbm1 amd64 25.2.8-0ubuntu0.24.04.4 [34.2 kB]
2026-10-08T02:50:40.2140285Z Get:11 http://azure.archive.ubuntu.com/ubuntu noble-updates/main amd64 mesa-libgallium amd64 25.2.8-0ubuntu0.24.04.4 [10.8 MB]
2026-10-08T02:50:40.5764306Z Get:12 http://azure.archive.ubuntu.com/ubuntu noble/main amd64 xfonts-encodings all 1:1.0.5-0ubuntu2 [578 kB]
2026-10-08T02:50:40.6722724Z Get:13 http://azure.archive.ubuntu.com/ubuntu noble/main amd64 xfonts-utils amd64 1:7.7+6build3 [94.4 kB]
2026-10-08T02:50:40.7560205Z Get:14 http://azure.archive.ubuntu.com/ubuntu noble/universe amd64 xfonts-cyrillic all 1:1.0.5+nmu1 [384 kB]
2026-10-08T02:50:40.8496912Z Get:15 http://azure.archive.ubuntu.com/ubuntu noble/main amd64 xfonts-scalable all 1:1.0.3-1.3 [304 kB]
2026-10-08T02:50:41.0998912Z Fetched 32.5 MB in 2s (16.1 MB/s)
2026-10-08T02:50:41.1239358Z Selecting previously unselected package fonts-ipafont-gothic.
2026-10-08T02:50:41.1527882Z (Reading database ... 
2026-10-08T02:50:41.1528554Z (Reading database ... 5%
2026-10-08T02:50:41.1528974Z (Reading database ... 10%
2026-10-08T02:50:41.1529379Z (Reading database ... 15%
2026-10-08T02:50:41.1529823Z (Reading database ... 20%
2026-10-08T02:50:41.1530184Z (Reading database ... 25%
2026-10-08T02:50:41.1530564Z (Reading database ... 30%
2026-10-08T02:50:41.1530917Z (Reading database ... 35%
2026-10-08T02:50:41.1531774Z (Reading database ... 40%
2026-10-08T02:50:41.1532363Z (Reading database ... 45%
2026-10-08T02:50:41.1532980Z (Reading database ... 50%
2026-10-08T02:50:41.1570941Z (Reading database ... 55%
2026-10-08T02:50:41.2440009Z (Reading database ... 60%
2026-10-08T02:50:41.4890076Z (Reading database ... 65%
2026-10-08T02:50:41.6935236Z (Reading database ... 70%
2026-10-08T02:50:41.8424152Z (Reading database ... 75%
2026-10-08T02:50:41.9958008Z (Reading database ... 80%
2026-10-08T02:50:42.1347160Z (Reading database ... 85%
2026-10-08T02:50:42.2335922Z (Reading database ... 90%
2026-10-08T02:50:42.3476326Z (Reading database ... 95%
2026-10-08T02:50:42.3476953Z (Reading database ... 100%
2026-10-08T02:50:42.3477594Z (Reading database ... 202296 files and directories currently installed.)
2026-10-08T02:50:42.3518028Z Preparing to unpack .../00-fonts-ipafont-gothic_00303-21ubuntu1_all.deb ...
2026-10-08T02:50:42.3608857Z Unpacking fonts-ipafont-gothic (00303-21ubuntu1) ...
2026-10-08T02:50:42.5872744Z Selecting previously unselected package fonts-freefont-ttf.
2026-10-08T02:50:42.6000926Z Preparing to unpack .../01-fonts-freefont-ttf_20211204+svn4273-2_all.deb ...
2026-10-08T02:50:42.6007944Z Unpacking fonts-freefont-ttf (20211204+svn4273-2) ...
2026-10-08T02:50:42.6753373Z Selecting previously unselected package fonts-tlwg-loma-otf.
2026-10-08T02:50:42.6876237Z Preparing to unpack .../02-fonts-tlwg-loma-otf_1%3a0.7.3-1_all.deb ...
2026-10-08T02:50:42.6883513Z Unpacking fonts-tlwg-loma-otf (1:0.7.3-1) ...
2026-10-08T02:50:42.7079297Z Selecting previously unselected package fonts-unifont.
2026-10-08T02:50:42.7202182Z Preparing to unpack .../03-fonts-unifont_1%3a15.1.01-1build1_all.deb ...
2026-10-08T02:50:42.7208331Z Unpacking fonts-unifont (1:15.1.01-1build1) ...
2026-10-08T02:50:42.8216667Z Selecting previously unselected package fonts-wqy-zenhei.
2026-10-08T02:50:42.8340184Z Preparing to unpack .../04-fonts-wqy-zenhei_0.9.45-8_all.deb ...
2026-10-08T02:50:42.8436997Z Unpacking fonts-wqy-zenhei (0.9.45-8) ...
2026-10-08T02:50:43.3131721Z Preparing to unpack .../05-libfreetype6_2.13.2+dfsg-1ubuntu0.2_amd64.deb ...
2026-10-08T02:50:43.3162569Z Unpacking libfreetype6:amd64 (2.13.2+dfsg-1ubuntu0.2) over (2.13.2+dfsg-1ubuntu0.1) ...
2026-10-08T02:50:43.3590242Z Preparing to unpack .../06-libgl1-mesa-dri_25.2.8-0ubuntu0.24.04.4_amd64.deb ...
2026-10-08T02:50:43.3742378Z Unpacking libgl1-mesa-dri:amd64 (25.2.8-0ubuntu0.24.04.4) over (25.2.8-0ubuntu0.24.04.2) ...
2026-10-08T02:50:43.4216308Z Preparing to unpack .../07-libglx-mesa0_25.2.8-0ubuntu0.24.04.4_amd64.deb ...
2026-10-08T02:50:43.4237946Z Unpacking libglx-mesa0:amd64 (25.2.8-0ubuntu0.24.04.4) over (25.2.8-0ubuntu0.24.04.2) ...
2026-10-08T02:50:43.4621154Z Preparing to unpack .../08-libgbm1_25.2.8-0ubuntu0.24.04.4_amd64.deb ...
2026-10-08T02:50:43.4645598Z Unpacking libgbm1:amd64 (25.2.8-0ubuntu0.24.04.4) over (25.2.8-0ubuntu0.24.04.2) ...
2026-10-08T02:50:43.5002549Z Preparing to unpack .../09-mesa-libgallium_25.2.8-0ubuntu0.24.04.4_amd64.deb ...
2026-10-08T02:50:43.5024738Z Unpacking mesa-libgallium:amd64 (25.2.8-0ubuntu0.24.04.4) over (25.2.8-0ubuntu0.24.04.2) ...
2026-10-08T02:50:43.6838701Z Selecting previously unselected package xfonts-encodings.
2026-10-08T02:50:43.6964519Z Preparing to unpack .../10-xfonts-encodings_1%3a1.0.5-0ubuntu2_all.deb ...
2026-10-08T02:50:43.6971704Z Unpacking xfonts-encodings (1:1.0.5-0ubuntu2) ...
2026-10-08T02:50:43.7251739Z Selecting previously unselected package xfonts-utils.
2026-10-08T02:50:43.7376012Z Preparing to unpack .../11-xfonts-utils_1%3a7.7+6build3_amd64.deb ...
2026-10-08T02:50:43.7383396Z Unpacking xfonts-utils (1:7.7+6build3) ...
2026-10-08T02:50:43.7750821Z Selecting previously unselected package xfonts-cyrillic.
2026-10-08T02:50:43.7874172Z Preparing to unpack .../12-xfonts-cyrillic_1%3a1.0.5+nmu1_all.deb ...
2026-10-08T02:50:43.7881577Z Unpacking xfonts-cyrillic (1:1.0.5+nmu1) ...
2026-10-08T02:50:43.8218532Z Selecting previously unselected package xfonts-scalable.
2026-10-08T02:50:43.8346752Z Preparing to unpack .../13-xfonts-scalable_1%3a1.0.3-1.3_all.deb ...
2026-10-08T02:50:43.8353729Z Unpacking xfonts-scalable (1:1.0.3-1.3) ...
2026-10-08T02:50:43.8788372Z Setting up mesa-libgallium:amd64 (25.2.8-0ubuntu0.24.04.4) ...
2026-10-08T02:50:43.8808510Z Setting up libgbm1:amd64 (25.2.8-0ubuntu0.24.04.4) ...
2026-10-08T02:50:43.8824828Z Setting up libgl1-mesa-dri:amd64 (25.2.8-0ubuntu0.24.04.4) ...
2026-10-08T02:50:43.8899562Z Setting up fonts-wqy-zenhei (0.9.45-8) ...
2026-10-08T02:50:43.9009638Z Setting up fonts-freefont-ttf (20211204+svn4273-2) ...
2026-10-08T02:50:43.9026358Z Setting up fonts-tlwg-loma-otf (1:0.7.3-1) ...
2026-10-08T02:50:43.9043460Z Setting up libfreetype6:amd64 (2.13.2+dfsg-1ubuntu0.2) ...
2026-10-08T02:50:43.9065151Z Setting up xfonts-encodings (1:1.0.5-0ubuntu2) ...
2026-10-08T02:50:43.9081936Z Setting up fonts-ipafont-gothic (00303-21ubuntu1) ...
2026-10-08T02:50:43.9142514Z update-alternatives: using /usr/share/fonts/opentype/ipafont-gothic/ipag.ttf to provide /usr/share/fonts/truetype/fonts-japanese-gothic.ttf (fonts-japanese-gothic.ttf) in auto mode
2026-10-08T02:50:43.9157972Z Setting up fonts-unifont (1:15.1.01-1build1) ...
2026-10-08T02:50:43.9174678Z Setting up libglx-mesa0:amd64 (25.2.8-0ubuntu0.24.04.4) ...
2026-10-08T02:50:43.9192082Z Setting up xfonts-utils (1:7.7+6build3) ...
2026-10-08T02:50:43.9228828Z Setting up xfonts-cyrillic (1:1.0.5+nmu1) ...
2026-10-08T02:50:43.9501030Z Setting up xfonts-scalable (1:1.0.3-1.3) ...
2026-10-08T02:50:43.9763471Z Processing triggers for libc-bin (2.39-0ubuntu8.9) ...
2026-10-08T02:50:44.0105368Z Processing triggers for man-db (2.12.0-4build2) ...
2026-10-08T02:50:44.0125641Z Not building database; man-db/auto-update is not 'true'.
2026-10-08T02:50:44.0136226Z Processing triggers for fontconfig (2.15.0-1.1ubuntu2) ...
2026-10-08T02:50:44.7529571Z 
2026-10-08T02:50:44.7530677Z Running kernel seems to be up-to-date.
2026-10-08T02:50:44.7530996Z 
2026-10-08T02:50:44.7531117Z Restarting services...
2026-10-08T02:50:44.7611054Z  systemctl restart php8.3-fpm.service
2026-10-08T02:50:44.8684019Z 
2026-10-08T02:50:44.8685850Z No containers need to be restarted.
2026-10-08T02:50:44.8686268Z 
2026-10-08T02:50:44.8712417Z No user sessions are running outdated binaries.
2026-10-08T02:50:44.8714154Z 
2026-10-08T02:50:44.8714618Z No VM guests are running outdated hypervisor (qemu) binaries on this host.
2026-10-08T02:50:45.7117425Z Downloading Chromium 136.0.7103.25 (playwright build v1169) from https://cdn.playwright.dev/dbazure/download/playwright/builds/chromium/1169/chromium-linux.zip
2026-10-08T02:50:45.8745745Z |                                                                                |   0% of 167.7 MiB
2026-10-08T02:50:46.0032348Z |■■■■■■■■                                                                        |  10% of 167.7 MiB
2026-10-08T02:50:46.0890129Z |■■■■■■■■■■■■■■■■                                                                |  20% of 167.7 MiB
2026-10-08T02:50:46.2039621Z |■■■■■■■■■■■■■■■■■■■■■■■■                                                        |  30% of 167.7 MiB
2026-10-08T02:50:46.2714646Z |■■■■■■■■■■■■■■■■■■■■■■■■■■■■■■■■                                                |  40% of 167.7 MiB
2026-10-08T02:50:46.3453936Z |■■■■■■■■■■■■■■■■■■■■■■■■■■■■■■■■■■■■■■■■                                        |  50% of 167.7 MiB
2026-10-08T02:50:46.4124769Z |■■■■■■■■■■■■■■■■■■■■■■■■■■■■■■■■■■■■■■■■■■■■■■■■                                |  60% of 167.7 MiB
2026-10-08T02:50:46.4743077Z |■■■■■■■■■■■■■■■■■■■■■■■■■■■■■■■■■■■■■■■■■■■■■■■■■■■■■■■■                        |  70% of 167.7 MiB
2026-10-08T02:50:46.5350504Z |■■■■■■■■■■■■■■■■■■■■■■■■■■■■■■■■■■■■■■■■■■■■■■■■■■■■■■■■■■■■■■■■                |  80% of 167.7 MiB
2026-10-08T02:50:46.5936439Z |■■■■■■■■■■■■■■■■■■■■■■■■■■■■■■■■■■■■■■■■■■■■■■■■■■■■■■■■■■■■■■■■■■■■■■■■        |  90% of 167.7 MiB
2026-10-08T02:50:46.6628245Z |■■■■■■■■■■■■■■■■■■■■■■■■■■■■■■■■■■■■■■■■■■■■■■■■■■■■■■■■■■■■■■■■■■■■■■■■■■■■■■■■| 100% of 167.7 MiB
2026-10-08T02:50:50.0030280Z Chromium 136.0.7103.25 (playwright build v1169) downloaded to /home/runner/.cache/ms-playwright/chromium-1169
2026-10-08T02:50:50.0032005Z Downloading FFMPEG playwright build v1011 from https://cdn.playwright.dev/dbazure/download/playwright/builds/ffmpeg/1011/ffmpeg-linux.zip
2026-10-08T02:50:50.1501895Z |                                                                                |   0% of 2.3 MiB
2026-10-08T02:50:50.1550740Z |■■■■■■■■                                                                        |  10% of 2.3 MiB
2026-10-08T02:50:50.1590662Z |■■■■■■■■■■■■■■■■                                                                |  20% of 2.3 MiB
2026-10-08T02:50:50.1614118Z |■■■■■■■■■■■■■■■■■■■■■■■■                                                        |  30% of 2.3 MiB
2026-10-08T02:50:50.1642446Z |■■■■■■■■■■■■■■■■■■■■■■■■■■■■■■■■                                                |  40% of 2.3 MiB
2026-10-08T02:50:50.1666113Z |■■■■■■■■■■■■■■■■■■■■■■■■■■■■■■■■■■■■■■■■                                        |  50% of 2.3 MiB
2026-10-08T02:50:50.1687030Z |■■■■■■■■■■■■■■■■■■■■■■■■■■■■■■■■■■■■■■■■■■■■■■■■                                |  60% of 2.3 MiB
2026-10-08T02:50:50.1707508Z |■■■■■■■■■■■■■■■■■■■■■■■■■■■■■■■■■■■■■■■■■■■■■■■■■■■■■■■■                        |  70% of 2.3 MiB
2026-10-08T02:50:50.1721365Z |■■■■■■■■■■■■■■■■■■■■■■■■■■■■■■■■■■■■■■■■■■■■■■■■■■■■■■■■■■■■■■■■                |  80% of 2.3 MiB
2026-10-08T02:50:50.1744754Z |■■■■■■■■■■■■■■■■■■■■■■■■■■■■■■■■■■■■■■■■■■■■■■■■■■■■■■■■■■■■■■■■■■■■■■■■        |  90% of 2.3 MiB
2026-10-08T02:50:50.1757651Z |■■■■■■■■■■■■■■■■■■■■■■■■■■■■■■■■■■■■■■■■■■■■■■■■■■■■■■■■■■■■■■■■■■■■■■■■■■■■■■■■| 100% of 2.3 MiB
2026-10-08T02:50:50.2327617Z FFMPEG playwright build v1011 downloaded to /home/runner/.cache/ms-playwright/ffmpeg-1011
2026-10-08T02:50:50.2329919Z Downloading Chromium Headless Shell 136.0.7103.25 (playwright build v1169) from https://cdn.playwright.dev/dbazure/download/playwright/builds/chromium/1169/chromium-headless-shell-linux.zip
2026-10-08T02:50:50.3766230Z |                                                                                |   0% of 101.4 MiB
2026-10-08T02:50:50.4637987Z |■■■■■■■■                                                                        |  10% of 101.4 MiB
2026-10-08T02:50:50.5506688Z |■■■■■■■■■■■■■■■■                                                                |  20% of 101.4 MiB
2026-10-08T02:50:50.6747868Z |■■■■■■■■■■■■■■■■■■■■■■■■                                                        |  30% of 101.4 MiB
2026-10-08T02:50:50.7362361Z |■■■■■■■■■■■■■■■■■■■■■■■■■■■■■■■■                                                |  40% of 101.4 MiB
2026-10-08T02:50:50.8169336Z |■■■■■■■■■■■■■■■■■■■■■■■■■■■■■■■■■■■■■■■■                                        |  50% of 101.4 MiB
2026-10-08T02:50:50.8880270Z |■■■■■■■■■■■■■■■■■■■■■■■■■■■■■■■■■■■■■■■■■■■■■■■■                                |  60% of 101.4 MiB
2026-10-08T02:50:50.9366736Z |■■■■■■■■■■■■■■■■■■■■■■■■■■■■■■■■■■■■■■■■■■■■■■■■■■■■■■■■                        |  70% of 101.4 MiB
2026-10-08T02:50:50.9870411Z |■■■■■■■■■■■■■■■■■■■■■■■■■■■■■■■■■■■■■■■■■■■■■■■■■■■■■■■■■■■■■■■■                |  80% of 101.4 MiB
2026-10-08T02:50:51.0495959Z |■■■■■■■■■■■■■■■■■■■■■■■■■■■■■■■■■■■■■■■■■■■■■■■■■■■■■■■■■■■■■■■■■■■■■■■■        |  90% of 101.4 MiB
2026-10-08T02:50:51.0913894Z |■■■■■■■■■■■■■■■■■■■■■■■■■■■■■■■■■■■■■■■■■■■■■■■■■■■■■■■■■■■■■■■■■■■■■■■■■■■■■■■■| 100% of 101.4 MiB
2026-10-08T02:50:52.9918075Z Chromium Headless Shell 136.0.7103.25 (playwright build v1169) downloaded to /home/runner/.cache/ms-playwright/chromium_headless_shell-1169
2026-10-08T02:50:53.0801965Z ##[group]Run MOCK=
2026-10-08T02:50:53.0802280Z [36;1mMOCK=[0m
2026-10-08T02:50:53.0802659Z [36;1m.venv/bin/python harness/runner.py --task "tasks/dev/DF06/DF06-N-I2.json" \[0m
2026-10-08T02:50:53.0803147Z [36;1m  --method "R3" --out-dir runs/dev $MOCK[0m
2026-10-08T02:50:53.0803543Z [36;1mecho "## devtest result" >> "$GITHUB_STEP_SUMMARY"[0m
2026-10-08T02:50:53.0803987Z [36;1mcat runs/dev/*.manifest.json >> "$GITHUB_STEP_SUMMARY" || true[0m
2026-10-08T02:50:53.0864417Z shell: /usr/bin/bash -e {0}
2026-10-08T02:50:53.0864678Z env:
2026-10-08T02:50:53.0864887Z   ERPNEXT_VERSION: v15.99.1
2026-10-08T02:50:53.0865228Z   FRAPPE_DOCKER_SHA: f71a386bc13f75dcc0cf7462f025f531576a04fc
2026-10-08T02:50:53.0865586Z   ADMIN_PASSWORD: Smoke2026x!
2026-10-08T02:50:53.0865853Z   DB_PASSWORD: Smoke2026x!
2026-10-08T02:50:53.0866622Z   GLM_API_KEY: ***
2026-10-08T02:50:53.0866980Z   GLM_API_KEY_2: ***
2026-10-08T02:50:53.0867293Z   GLM_API_KEY_3: ***
2026-10-08T02:50:53.0867644Z   GLM_API_KEY_4: ***
2026-10-08T02:50:53.0867940Z   GLM_API_KEY_5: ***
2026-10-08T02:50:53.0868239Z   GLM_API_KEY_6: ***
2026-10-08T02:50:53.0868460Z   ERPNEXT_SITE: frontend
2026-10-08T02:50:53.0868698Z ##[endgroup]
2026-10-08T02:56:47.8691654Z EVAL_REWARD 0 FAILED 1
2026-10-08T02:56:48.0717914Z RUN_DONE DF06-N-I2 R3 reward 0
2026-10-08T02:56:48.0984329Z ##[error]Process completed with exit code 1.
2026-10-08T02:56:48.1061311Z ##[group]Run actions/upload-artifact@v4
2026-10-08T02:56:48.1061842Z with:
2026-10-08T02:56:48.1062063Z   name: devtest-results
2026-10-08T02:56:48.1062301Z   path: runs/
2026-10-08T02:56:48.1062515Z   retention-days: 7
2026-10-08T02:56:48.1062741Z   if-no-files-found: warn
2026-10-08T02:56:48.1062991Z   compression-level: 6
2026-10-08T02:56:48.1063216Z   overwrite: false
2026-10-08T02:56:48.1063447Z   include-hidden-files: false
2026-10-08T02:56:48.1063692Z env:
2026-10-08T02:56:48.1063897Z   ERPNEXT_VERSION: v15.99.1
2026-10-08T02:56:48.1064213Z   FRAPPE_DOCKER_SHA: f71a386bc13f75dcc0cf7462f025f531576a04fc
2026-10-08T02:56:48.1064578Z   ADMIN_PASSWORD: Smoke2026x!
2026-10-08T02:56:48.1064846Z   DB_PASSWORD: Smoke2026x!
2026-10-08T02:56:48.1065083Z ##[endgroup]
2026-10-08T02:56:48.2768913Z (node:8580) [DEP0040] DeprecationWarning: The `punycode` module is deprecated. Please use a userland alternative instead.
2026-10-08T02:56:48.2770264Z (Use `node --trace-deprecation ...` to show where the warning was created)
2026-10-08T02:56:48.2865121Z With the provided path, there will be 3 files uploaded
2026-10-08T02:56:48.2872274Z Artifact name is valid!
2026-10-08T02:56:48.2873161Z Root directory input is valid!
2026-10-08T02:56:48.4857820Z Beginning upload of artifact content to blob storage
2026-10-08T02:56:48.5079331Z (node:8580) [DEP0169] DeprecationWarning: `url.parse()` behavior is not standardized and prone to errors that have security implications. Use the WHATWG URL API instead. CVEs are not issued for `url.parse()` vulnerabilities.
2026-10-08T02:56:48.5298459Z Uploaded bytes 1612
2026-10-08T02:56:48.5440002Z Finished uploading artifact content to blob storage!
2026-10-08T02:56:48.5440986Z SHA256 digest of uploaded artifact zip is c9ab70f097dbac63c2dba1a0a75ab8d73d7259d3bd117242e5b0833d77ddca59
2026-10-08T02:56:48.5443348Z Finalizing artifact upload
2026-10-08T02:56:48.7425055Z Artifact devtest-results.zip successfully finalized. Artifact ID 11525610849
2026-10-08T02:56:48.7426469Z Artifact devtest-results has been successfully uploaded! Final size is 1612 bytes. Artifact ID is 11525610849
2026-10-08T02:56:48.7430816Z Artifact download URL: https://github.com/Ctrl-CV-Master/erpnext-tmc-external-validation/actions/runs/37719441766/artifacts/11525610849
2026-10-08T02:56:48.7641421Z Post job cleanup.
2026-10-08T02:56:48.8548445Z [command]/usr/bin/git version
2026-10-08T02:56:48.8596238Z git version 2.55.0
2026-10-08T02:56:48.8635730Z Temporarily overriding HOME='/home/runner/work/_temp/58ce3890-0c5e-40c8-ab34-335693b48299' before making global git config changes
2026-10-08T02:56:48.8637322Z Adding repository directory to the temporary git global config as a safe directory
2026-10-08T02:56:48.8643027Z [command]/usr/bin/git config --global --add safe.directory /home/runner/work/erpnext-tmc-external-validation/erpnext-tmc-external-validation
2026-10-08T02:56:48.8682604Z [command]/usr/bin/git config --local --name-only --get-regexp core\.sshCommand
2026-10-08T02:56:48.8722534Z [command]/usr/bin/git submodule foreach --recursive sh -c "git config --local --name-only --get-regexp 'core\.sshCommand' && git config --local --unset-all 'core.sshCommand' || :"
2026-10-08T02:56:48.8975573Z [command]/usr/bin/git config --local --name-only --get-regexp http\.https\:\/\/github\.com\/\.extraheader
2026-10-08T02:56:48.9004608Z http.https://github.com/.extraheader
2026-10-08T02:56:48.9026229Z [command]/usr/bin/git config --local --unset-all http.https://github.com/.extraheader
2026-10-08T02:56:48.9059361Z [command]/usr/bin/git submodule foreach --recursive sh -c "git config --local --name-only --get-regexp 'http\.https\:\/\/github\.com\/\.extraheader' && git config --local --unset-all 'http.https://github.com/.extraheader' || :"
2026-10-08T02:56:48.9325149Z [command]/usr/bin/git config --local --name-only --get-regexp ^includeIf\.gitdir:
2026-10-08T02:56:48.9362246Z [command]/usr/bin/git submodule foreach --recursive git config --local --show-origin --name-only --get-regexp remote.origin.url
2026-10-08T02:56:48.9778638Z Cleaning up orphan processes
2026-10-08T02:56:49.0137730Z Terminate orphan process: pid (2467) (bash)
2026-10-08T02:56:49.0393410Z Terminate orphan process: pid (8597) (sleep)
2026-10-08T02:56:49.0403352Z ##[warning]Node.js 20 is deprecated. The following actions target Node.js 20 but are being forced to run on Node.js 24: actions/checkout@v4, actions/upload-artifact@v4. For more information see: https://github.blog/changelog/2025-09-19-deprecation-of-node-20-on-github-actions-runners/
