2026-10-06T18:10:13.3361542Z Current runner version: '2.337.0'
2026-10-06T18:10:13.3386914Z ##[group]Runner Image Provisioner
2026-10-06T18:10:13.3387728Z Hosted Compute Agent
2026-10-06T18:10:13.3388246Z Version: 20261002.596
2026-10-06T18:10:13.3388867Z Commit: c3d12f3313a95f25162a1503be624f3b0617f8c0
2026-10-06T18:10:13.3389509Z Build Date: 2026-10-02T22:28:27Z
2026-10-06T18:10:13.3390089Z Worker ID: {120bad61-34d8-4d58-83e8-9d9fc85e51c2}
2026-10-06T18:10:13.3390768Z Region: westus3
2026-10-06T18:10:13.3391243Z Cloud: Azure
2026-10-06T18:10:13.3391718Z ##[endgroup]
2026-10-06T18:10:13.3393223Z ##[group]Operating System
2026-10-06T18:10:13.3393773Z Ubuntu
2026-10-06T18:10:13.3394286Z 24.04.5
2026-10-06T18:10:13.3394756Z LTS
2026-10-06T18:10:13.3395242Z ##[endgroup]
2026-10-06T18:10:13.3395926Z ##[group]Runner Image
2026-10-06T18:10:13.3396478Z Image: ubuntu-24.04
2026-10-06T18:10:13.3397079Z Version: 20261004.327.1
2026-10-06T18:10:13.3398253Z Included Software: https://github.com/actions/runner-images/blob/ubuntu24/20261004.327/images/ubuntu/Ubuntu2404-Readme.md
2026-10-06T18:10:13.3399655Z Image Release: https://github.com/actions/runner-images/releases/tag/ubuntu24%2F20261004.327
2026-10-06T18:10:13.3400502Z ##[endgroup]
2026-10-06T18:10:13.3401515Z ##[group]GITHUB_TOKEN Permissions
2026-10-06T18:10:13.3403789Z Contents: read
2026-10-06T18:10:13.3404360Z Metadata: read
2026-10-06T18:10:13.3404892Z ##[endgroup]
2026-10-06T18:10:13.3407473Z Secret source: Actions
2026-10-06T18:10:13.3408298Z Cache mode: write
2026-10-06T18:10:13.3408922Z Prepare workflow directory
2026-10-06T18:10:13.3794523Z Prepare all required actions
2026-10-06T18:10:13.3844060Z Getting action download info
2026-10-06T18:10:13.7260108Z Download action repository 'actions/checkout@v4' (SHA:11d5960a326750d5838078e36cf38b85af677262)
2026-10-06T18:10:13.8025817Z Download action repository 'actions/upload-artifact@v4' (SHA:ea165f8d65b6e75b540449e92b4886f43607fa02)
2026-10-06T18:10:13.9793781Z Complete job name: build
2026-10-06T18:10:14.0477992Z ##[group]Run actions/checkout@v4
2026-10-06T18:10:14.0479207Z with:
2026-10-06T18:10:14.0479811Z   repository: Ctrl-CV-Master/erpnext-tmc-external-validation
2026-10-06T18:10:14.0483752Z   token: ***
2026-10-06T18:10:14.0484257Z   ssh-strict: true
2026-10-06T18:10:14.0484751Z   ssh-user: git
2026-10-06T18:10:14.0485240Z   persist-credentials: true
2026-10-06T18:10:14.0485931Z   clean: true
2026-10-06T18:10:14.0486415Z   sparse-checkout-cone-mode: true
2026-10-06T18:10:14.0486981Z   fetch-depth: 1
2026-10-06T18:10:14.0487436Z   fetch-tags: false
2026-10-06T18:10:14.0487905Z   show-progress: true
2026-10-06T18:10:14.0488368Z   lfs: false
2026-10-06T18:10:14.0488813Z   submodules: false
2026-10-06T18:10:14.0489292Z   set-safe-directory: true
2026-10-06T18:10:14.0489843Z   allow-unsafe-pr-checkout: false
2026-10-06T18:10:14.0490765Z env:
2026-10-06T18:10:14.0491228Z   ERPNEXT_VERSION: v15.99.1
2026-10-06T18:10:14.0491770Z   FRAPPE_VERSION: version-15
2026-10-06T18:10:14.0492502Z   FRAPPE_DOCKER_SHA: f71a386bc13f75dcc0cf7462f025f531576a04fc
2026-10-06T18:10:14.0493182Z   ADMIN_PASSWORD: Smoke2026x!
2026-10-06T18:10:14.0493715Z   DB_PASSWORD: Smoke2026x!
2026-10-06T18:10:14.0494194Z ##[endgroup]
2026-10-06T18:10:14.1594831Z Syncing repository: Ctrl-CV-Master/erpnext-tmc-external-validation
2026-10-06T18:10:14.1597284Z ##[group]Getting Git version info
2026-10-06T18:10:14.1598207Z Working directory is '/home/runner/work/erpnext-tmc-external-validation/erpnext-tmc-external-validation'
2026-10-06T18:10:14.1599419Z [command]/usr/bin/git version
2026-10-06T18:10:14.1660978Z git version 2.55.0
2026-10-06T18:10:14.1682594Z ##[endgroup]
2026-10-06T18:10:14.1698009Z Temporarily overriding HOME='/home/runner/work/_temp/267a7665-9f8a-4c5f-a5ce-a26b5edfd4a2' before making global git config changes
2026-10-06T18:10:14.1700600Z Adding repository directory to the temporary git global config as a safe directory
2026-10-06T18:10:14.1704300Z [command]/usr/bin/git config --global --add safe.directory /home/runner/work/erpnext-tmc-external-validation/erpnext-tmc-external-validation
2026-10-06T18:10:14.1752727Z Deleting the contents of '/home/runner/work/erpnext-tmc-external-validation/erpnext-tmc-external-validation'
2026-10-06T18:10:14.1757358Z ##[group]Initializing the repository
2026-10-06T18:10:14.1763872Z [command]/usr/bin/git init /home/runner/work/erpnext-tmc-external-validation/erpnext-tmc-external-validation
2026-10-06T18:10:14.1860829Z hint: Using 'master' as the name for the initial branch. This default branch name
2026-10-06T18:10:14.1862523Z hint: will change to "main" in Git 3.0. To configure the initial branch name
2026-10-06T18:10:14.1863793Z hint: to use in all of your new repositories, which will suppress this warning,
2026-10-06T18:10:14.1864583Z hint: call:
2026-10-06T18:10:14.1865033Z hint:
2026-10-06T18:10:14.1865823Z hint: 	git config --global init.defaultBranch <name>
2026-10-06T18:10:14.1866471Z hint:
2026-10-06T18:10:14.1867119Z hint: Names commonly chosen instead of 'master' are 'main', 'trunk' and
2026-10-06T18:10:14.1868039Z hint: 'development'. The just-created branch can be renamed via this command:
2026-10-06T18:10:14.1868789Z hint:
2026-10-06T18:10:14.1869244Z hint: 	git branch -m <name>
2026-10-06T18:10:14.1869754Z hint:
2026-10-06T18:10:14.1870480Z hint: Disable this message with "git config set advice.defaultBranchName false"
2026-10-06T18:10:14.1872043Z Initialized empty Git repository in /home/runner/work/erpnext-tmc-external-validation/erpnext-tmc-external-validation/.git/
2026-10-06T18:10:14.1874305Z [command]/usr/bin/git remote add origin https://github.com/Ctrl-CV-Master/erpnext-tmc-external-validation
2026-10-06T18:10:14.1917676Z ##[endgroup]
2026-10-06T18:10:14.1918382Z ##[group]Disabling automatic garbage collection
2026-10-06T18:10:14.1922765Z [command]/usr/bin/git config --local gc.auto 0
2026-10-06T18:10:14.1950729Z ##[endgroup]
2026-10-06T18:10:14.1951382Z ##[group]Setting up auth
2026-10-06T18:10:14.1959544Z [command]/usr/bin/git config --local --name-only --get-regexp core\.sshCommand
2026-10-06T18:10:14.1989731Z [command]/usr/bin/git submodule foreach --recursive sh -c "git config --local --name-only --get-regexp 'core\.sshCommand' && git config --local --unset-all 'core.sshCommand' || :"
2026-10-06T18:10:14.2316308Z [command]/usr/bin/git config --local --name-only --get-regexp http\.https\:\/\/github\.com\/\.extraheader
2026-10-06T18:10:14.2346239Z [command]/usr/bin/git submodule foreach --recursive sh -c "git config --local --name-only --get-regexp 'http\.https\:\/\/github\.com\/\.extraheader' && git config --local --unset-all 'http.https://github.com/.extraheader' || :"
2026-10-06T18:10:14.2544066Z [command]/usr/bin/git config --local --name-only --get-regexp ^includeIf\.gitdir:
2026-10-06T18:10:14.2583139Z [command]/usr/bin/git submodule foreach --recursive git config --local --show-origin --name-only --get-regexp remote.origin.url
2026-10-06T18:10:14.2769209Z [command]/usr/bin/git config --local http.https://github.com/.extraheader AUTHORIZATION: basic ***
2026-10-06T18:10:14.2801959Z ##[endgroup]
2026-10-06T18:10:14.2802683Z ##[group]Fetching the repository
2026-10-06T18:10:14.2811453Z [command]/usr/bin/git -c protocol.version=2 fetch --no-tags --prune --no-recurse-submodules --depth=1 origin +1f54e8339df385980fc26adc6f15b83eccf3f7d5:refs/remotes/origin/main
2026-10-06T18:10:15.1451993Z From https://github.com/Ctrl-CV-Master/erpnext-tmc-external-validation
2026-10-06T18:10:15.1455145Z  * [new ref]         1f54e8339df385980fc26adc6f15b83eccf3f7d5 -> origin/main
2026-10-06T18:10:15.1461547Z ##[endgroup]
2026-10-06T18:10:15.1464368Z ##[group]Determining the checkout info
2026-10-06T18:10:15.1467796Z ##[endgroup]
2026-10-06T18:10:15.1469750Z [command]/usr/bin/git sparse-checkout disable
2026-10-06T18:10:15.1514296Z [command]/usr/bin/git config --local --unset-all extensions.worktreeConfig
2026-10-06T18:10:15.1549083Z ##[group]Checking out the ref
2026-10-06T18:10:15.1554938Z [command]/usr/bin/git checkout --progress --force -B main refs/remotes/origin/main
2026-10-06T18:10:15.1689271Z Switched to a new branch 'main'
2026-10-06T18:10:15.1691547Z branch 'main' set up to track 'origin/main'.
2026-10-06T18:10:15.1699814Z ##[endgroup]
2026-10-06T18:10:15.1737777Z [command]/usr/bin/git log -1 --format=%H
2026-10-06T18:10:15.1760131Z 1f54e8339df385980fc26adc6f15b83eccf3f7d5
2026-10-06T18:10:15.2001241Z ##[group]Run bash scripts/cleanup_runner_disk.sh normal
2026-10-06T18:10:15.2003140Z [36;1mbash scripts/cleanup_runner_disk.sh normal[0m
2026-10-06T18:10:15.2193600Z shell: /usr/bin/bash -e {0}
2026-10-06T18:10:15.2194862Z env:
2026-10-06T18:10:15.2196002Z   ERPNEXT_VERSION: v15.99.1
2026-10-06T18:10:15.2197168Z   FRAPPE_VERSION: version-15
2026-10-06T18:10:15.2198617Z   FRAPPE_DOCKER_SHA: f71a386bc13f75dcc0cf7462f025f531576a04fc
2026-10-06T18:10:15.2200227Z   ADMIN_PASSWORD: Smoke2026x!
2026-10-06T18:10:15.2201407Z   DB_PASSWORD: Smoke2026x!
2026-10-06T18:10:15.2202523Z ##[endgroup]
2026-10-06T18:10:15.2325079Z === df -h before cleanup ===
2026-10-06T18:10:15.2498075Z Filesystem      Size  Used Avail Use% Mounted on
2026-10-06T18:10:15.2501053Z /dev/root       145G   59G   86G  41% /
2026-10-06T18:11:08.1682058Z removing /usr/local/lib/android                        12G
2026-10-06T18:11:28.4569303Z removing /usr/share/dotnet                             5.8G
2026-10-06T18:11:32.1824149Z removing /usr/local/.ghcup                             3.7G
2026-10-06T18:11:37.6484594Z removing /opt/hostedtoolcache/CodeQL                   1.4G
2026-10-06T18:11:39.4219902Z removing /usr/share/swift                              3.5G
2026-10-06T18:11:53.6878862Z removing /usr/share/miniconda                          980M
2026-10-06T18:11:59.0283173Z removing /opt/hostedtoolcache/go                       799M
2026-10-06T18:12:02.1346295Z removing /opt/hostedtoolcache/PyPy                     523M
2026-10-06T18:12:02.8627912Z removing /usr/share/gradle-9.8.0                       165M
2026-10-06T18:12:02.9533215Z removing /usr/share/kotlinc                            94M
2026-10-06T18:12:03.3667813Z removing /usr/lib/jvm                                  1.5G
2026-10-06T18:12:24.2620182Z removing /opt/pipx                                     500M
2026-10-06T18:12:26.1268714Z removing /usr/share/mysql                              9.5M
2026-10-06T18:12:26.1385836Z removing /var/lib/mysql                                4.0K
2026-10-06T18:12:59.7730621Z === df -h after cleanup ===
2026-10-06T18:12:59.7742202Z Filesystem      Size  Used Avail Use% Mounted on
2026-10-06T18:12:59.7743551Z /dev/root       145G   27G  118G  19% /
2026-10-06T18:12:59.7830137Z ##[group]Run bash smoke/start_erpnext.sh
2026-10-06T18:12:59.7830783Z [36;1mbash smoke/start_erpnext.sh[0m
2026-10-06T18:12:59.7915891Z shell: /usr/bin/bash -e {0}
2026-10-06T18:12:59.7916163Z env:
2026-10-06T18:12:59.7916374Z   ERPNEXT_VERSION: v15.99.1
2026-10-06T18:12:59.7916619Z   FRAPPE_VERSION: version-15
2026-10-06T18:12:59.7916927Z   FRAPPE_DOCKER_SHA: f71a386bc13f75dcc0cf7462f025f531576a04fc
2026-10-06T18:12:59.7917253Z   ADMIN_PASSWORD: Smoke2026x!
2026-10-06T18:12:59.7917489Z   DB_PASSWORD: Smoke2026x!
2026-10-06T18:12:59.7917737Z ##[endgroup]
2026-10-06T18:13:01.2397708Z 3:    image: frappe/erpnext:v15.99.1
2026-10-06T18:13:01.2399534Z 22:    image: frappe/erpnext:v15.99.1
2026-10-06T18:13:01.2399808Z 51:    image: frappe/erpnext:v15.99.1
2026-10-06T18:13:01.2400256Z 111:    image: frappe/erpnext:v15.99.1
2026-10-06T18:13:01.2400517Z 138:    image: frappe/erpnext:v15.99.1
2026-10-06T18:13:01.2400809Z 160:    image: frappe/erpnext:v15.99.1
2026-10-06T18:13:01.2401180Z 200:    image: frappe/erpnext:v15.99.1
2026-10-06T18:13:01.2401438Z 217:    image: frappe/erpnext:v15.99.1
2026-10-06T18:13:01.2421464Z [18:13:01] pulling pinned images ...
2026-10-06T18:13:31.9170072Z  dfc4cfbee500 Pull complete 
2026-10-06T18:13:31.9170767Z  4f4fb700ef54 Extracting [==================================================>]      32B/32B
2026-10-06T18:13:31.9171432Z  4f4fb700ef54 Extracting [==================================================>]      32B/32B
2026-10-06T18:13:31.9171977Z  4f4fb700ef54 Pull complete 
2026-10-06T18:13:31.9173064Z  frontend Pulled 
2026-10-06T18:13:31.9299896Z mariadb:10.6	309MB
2026-10-06T18:13:31.9300633Z redis:6.2-alpine	27.8MB
2026-10-06T18:13:31.9301191Z frappe/erpnext:v15.99.1	2.27GB
2026-10-06T18:13:31.9889785Z === df -h after image pull ===
2026-10-06T18:13:31.9901899Z Filesystem      Size  Used Avail Use% Mounted on
2026-10-06T18:13:31.9902281Z /dev/root       145G   30G  116G  21% /
2026-10-06T18:13:32.0049472Z [18:13:32] starting stack ...
2026-10-06T18:13:32.0816723Z  Network frappe_docker_frappe_network  Creating
2026-10-06T18:13:32.1110971Z  Network frappe_docker_frappe_network  Created
2026-10-06T18:13:32.1356410Z  Volume "frappe_docker_sites"  Creating
2026-10-06T18:13:32.1370560Z  Volume "frappe_docker_sites"  Created
2026-10-06T18:13:32.1373876Z  Volume "frappe_docker_logs"  Creating
2026-10-06T18:13:32.1382291Z  Volume "frappe_docker_logs"  Created
2026-10-06T18:13:32.1385228Z  Volume "frappe_docker_redis-queue-data"  Creating
2026-10-06T18:13:32.1398568Z  Volume "frappe_docker_redis-queue-data"  Created
2026-10-06T18:13:32.1399384Z  Volume "frappe_docker_db-data"  Creating
2026-10-06T18:13:32.1412606Z  Volume "frappe_docker_db-data"  Created
2026-10-06T18:13:32.1416566Z  Container frappe_docker-db-1  Creating
2026-10-06T18:13:32.1419166Z  Container frappe_docker-redis-queue-1  Creating
2026-10-06T18:13:32.1419517Z  Container frappe_docker-redis-cache-1  Creating
2026-10-06T18:13:32.1419837Z  Container frappe_docker-configurator-1  Creating
2026-10-06T18:13:32.1420174Z  Container frappe_docker-create-site-1  Creating
2026-10-06T18:13:32.1780260Z  Container frappe_docker-redis-cache-1  Created
2026-10-06T18:13:32.1799422Z  Container frappe_docker-db-1  Created
2026-10-06T18:13:32.1805217Z  Container frappe_docker-redis-queue-1  Created
2026-10-06T18:13:32.2021564Z  Container frappe_docker-create-site-1  Created
2026-10-06T18:13:32.2117615Z  Container frappe_docker-configurator-1  Created
2026-10-06T18:13:32.2118825Z  Container frappe_docker-websocket-1  Creating
2026-10-06T18:13:32.2119804Z  Container frappe_docker-queue-short-1  Creating
2026-10-06T18:13:32.2120872Z  Container frappe_docker-scheduler-1  Creating
2026-10-06T18:13:32.2121794Z  Container frappe_docker-queue-long-1  Creating
2026-10-06T18:13:32.2122732Z  Container frappe_docker-backend-1  Creating
2026-10-06T18:13:32.2594469Z  Container frappe_docker-backend-1  Created
2026-10-06T18:13:32.2595329Z  Container frappe_docker-queue-short-1  Created
2026-10-06T18:13:32.2600335Z  Container frappe_docker-queue-long-1  Created
2026-10-06T18:13:32.2601120Z  Container frappe_docker-websocket-1  Created
2026-10-06T18:13:32.2601993Z  Container frappe_docker-frontend-1  Creating
2026-10-06T18:13:32.2647336Z  Container frappe_docker-scheduler-1  Created
2026-10-06T18:13:32.2835183Z  Container frappe_docker-frontend-1  Created
2026-10-06T18:13:32.2855685Z  Container frappe_docker-redis-cache-1  Starting
2026-10-06T18:13:32.2857160Z  Container frappe_docker-redis-queue-1  Starting
2026-10-06T18:13:32.2857681Z  Container frappe_docker-db-1  Starting
2026-10-06T18:13:32.2858080Z  Container frappe_docker-create-site-1  Starting
2026-10-06T18:13:32.2858443Z  Container frappe_docker-configurator-1  Starting
2026-10-06T18:13:32.5288505Z  Container frappe_docker-redis-cache-1  Started
2026-10-06T18:13:32.5313346Z  Container frappe_docker-db-1  Started
2026-10-06T18:13:32.5443046Z  Container frappe_docker-configurator-1  Started
2026-10-06T18:13:32.5457041Z  Container frappe_docker-configurator-1  Waiting
2026-10-06T18:13:32.5474753Z  Container frappe_docker-configurator-1  Waiting
2026-10-06T18:13:32.5484966Z  Container frappe_docker-configurator-1  Waiting
2026-10-06T18:13:32.5486317Z  Container frappe_docker-configurator-1  Waiting
2026-10-06T18:13:32.5486970Z  Container frappe_docker-configurator-1  Waiting
2026-10-06T18:13:32.5520552Z  Container frappe_docker-redis-queue-1  Started
2026-10-06T18:13:32.5639323Z  Container frappe_docker-create-site-1  Started
2026-10-06T18:13:36.5456652Z  Container frappe_docker-configurator-1  Exited
2026-10-06T18:13:36.5462510Z  Container frappe_docker-backend-1  Starting
2026-10-06T18:13:36.5464024Z  Container frappe_docker-configurator-1  Exited
2026-10-06T18:13:36.5483169Z  Container frappe_docker-websocket-1  Starting
2026-10-06T18:13:36.5484255Z  Container frappe_docker-configurator-1  Exited
2026-10-06T18:13:36.5485070Z  Container frappe_docker-queue-short-1  Starting
2026-10-06T18:13:36.5486033Z  Container frappe_docker-configurator-1  Exited
2026-10-06T18:13:36.5486720Z  Container frappe_docker-scheduler-1  Starting
2026-10-06T18:13:36.5487550Z  Container frappe_docker-configurator-1  Exited
2026-10-06T18:13:36.5488262Z  Container frappe_docker-queue-long-1  Starting
2026-10-06T18:13:36.7732334Z  Container frappe_docker-queue-long-1  Started
2026-10-06T18:13:36.8010373Z  Container frappe_docker-scheduler-1  Started
2026-10-06T18:13:36.8228141Z  Container frappe_docker-websocket-1  Started
2026-10-06T18:13:36.8231184Z  Container frappe_docker-backend-1  Started
2026-10-06T18:13:36.8232044Z  Container frappe_docker-frontend-1  Starting
2026-10-06T18:13:36.8262038Z  Container frappe_docker-queue-short-1  Started
2026-10-06T18:13:37.1693334Z  Container frappe_docker-frontend-1  Started
2026-10-06T18:14:33.4352364Z create-site completed successfully at 18:14:33
2026-10-06T18:14:33.5677427Z ERPNEXT_READY after 61s (create-site exit 0 + pong)
2026-10-06T18:14:33.6819451Z detected site: frontend
2026-10-06T18:14:33.7912112Z db_name raw match: "db_name": "_5e5899d8398b5f7b"
2026-10-06T18:14:33.7939262Z db: _5e5899d8398b5f7b
2026-10-06T18:14:34.6399231Z setup_complete written via SQL
2026-10-06T18:14:34.7544024Z setup_complete now: 1
2026-10-06T18:14:34.8706786Z installed_apps: frappe=1 erpnext=1 
2026-10-06T18:14:34.9833565Z language set to en
2026-10-06T18:14:38.1460754Z curl_login_http=200 body={"message":"Logged In","home_page":"/app/home","full_name":"Administrator"}
2026-10-06T18:14:38.2290609Z NAME                          IMAGE                     COMMAND                  SERVICE       CREATED              STATUS                        PORTS
2026-10-06T18:14:38.2292732Z frappe_docker-backend-1       frappe/erpnext:v15.99.1   "/home/frappe/frappe…"   backend       About a minute ago   Up About a minute             
2026-10-06T18:14:38.2294517Z frappe_docker-db-1            mariadb:10.6              "docker-entrypoint.s…"   db            About a minute ago   Up About a minute (healthy)   3306/tcp
2026-10-06T18:14:38.2303560Z frappe_docker-frontend-1      frappe/erpnext:v15.99.1   "nginx-entrypoint.sh"    frontend      About a minute ago   Up About a minute             0.0.0.0:8080->8080/tcp, [::]:8080->8080/tcp
2026-10-06T18:14:38.2306313Z frappe_docker-queue-long-1    frappe/erpnext:v15.99.1   "bench worker --queu…"   queue-long    About a minute ago   Up About a minute             
2026-10-06T18:14:38.2308156Z frappe_docker-queue-short-1   frappe/erpnext:v15.99.1   "bench worker --queu…"   queue-short   About a minute ago   Up About a minute             
2026-10-06T18:14:38.2310053Z frappe_docker-redis-cache-1   redis:6.2-alpine          "docker-entrypoint.s…"   redis-cache   About a minute ago   Up About a minute             6379/tcp
2026-10-06T18:14:38.2311879Z frappe_docker-redis-queue-1   redis:6.2-alpine          "docker-entrypoint.s…"   redis-queue   About a minute ago   Up About a minute             6379/tcp
2026-10-06T18:14:38.2313493Z frappe_docker-scheduler-1     frappe/erpnext:v15.99.1   "bench schedule"         scheduler     About a minute ago   Up About a minute             
2026-10-06T18:14:38.2315203Z frappe_docker-websocket-1     frappe/erpnext:v15.99.1   "node /home/frappe/f…"   websocket     About a minute ago   Up About a minute             
2026-10-06T18:14:38.2343770Z === df -h after startup ===
2026-10-06T18:14:38.2360303Z Filesystem      Size  Used Avail Use% Mounted on
2026-10-06T18:14:38.2362601Z /dev/root       145G   30G  115G  21% /
2026-10-06T18:14:43.2413760Z ##[group]Run cd "$GITHUB_WORKSPACE/frappe_docker"
2026-10-06T18:14:43.2414229Z [36;1mcd "$GITHUB_WORKSPACE/frappe_docker"[0m
2026-10-06T18:14:43.2414889Z [36;1mSITE=$(grep -m1 '^erpnext_site=' ../smoke-out/manifest.env | cut -d= -f2)[0m
2026-10-06T18:14:43.2415604Z [36;1mDB=$(grep -m1 '^erpnext_db=' ../smoke-out/manifest.env | cut -d= -f2)[0m
2026-10-06T18:14:43.2416049Z [36;1mecho "site=$SITE db=$DB"[0m
2026-10-06T18:14:43.2416456Z [36;1mBENCH_PY=$(docker compose -f pwd.yml exec -T backend bash -c \[0m
2026-10-06T18:14:43.2417434Z [36;1m  'for p in /home/frappe/frappe-bench/env/bin/python /home/frappe/frappe-bench/env/bin/python3; do [ -x "$p" ] && echo "$p" && exit 0; done; head -1 "$(command -v bench)" | sed "s/^#!//"' | tail -1)[0m
2026-10-06T18:14:43.2418302Z [36;1mecho "bench python: $BENCH_PY"[0m
2026-10-06T18:14:43.2418861Z [36;1mdocker compose -f pwd.yml exec -T backend "$BENCH_PY" -c "import frappe; print('frappe import ok')"[0m
2026-10-06T18:14:43.2419505Z [36;1mCID=$(docker compose -f pwd.yml ps -q backend)[0m
2026-10-06T18:14:43.2420092Z [36;1mdocker cp ../fixtures/build_base_fixture.py "$CID:/home/frappe/frappe-bench/build_base_fixture.py"[0m
2026-10-06T18:14:43.2421341Z [36;1mdocker compose -f pwd.yml exec -T -u root backend bash -c "mkdir -p /home/frappe/logs /home/frappe/frappe-bench/logs /home/frappe/frappe-bench/*/logs /home/frappe/frappe-bench/sites/*/logs /home/frappe/frappe-bench/${SITE}/logs"[0m
2026-10-06T18:14:43.2422501Z [36;1m# last dir: v15 site logger writes CWD-relative <site>/logs (utils/logger.py)[0m
2026-10-06T18:14:43.2423167Z [36;1mdocker compose -f pwd.yml exec -T -u root -w /home/frappe/frappe-bench -e SITE="$SITE" backend \[0m
2026-10-06T18:14:43.2423805Z [36;1m  "$BENCH_PY" build_base_fixture.py 2>&1 | tee ../smoke-out/build.log[0m
2026-10-06T18:14:43.2424266Z [36;1mgrep -q "BUILD_DONE" ../smoke-out/build.log[0m
2026-10-06T18:14:43.2424781Z [36;1mgrep "STATE_HASH=" ../smoke-out/build.log | tee ../smoke-out/state_hash_build.txt[0m
2026-10-06T18:14:43.2463052Z shell: /usr/bin/bash -e {0}
2026-10-06T18:14:43.2463303Z env:
2026-10-06T18:14:43.2463500Z   ERPNEXT_VERSION: v15.99.1
2026-10-06T18:14:43.2463751Z   FRAPPE_VERSION: version-15
2026-10-06T18:14:43.2464048Z   FRAPPE_DOCKER_SHA: f71a386bc13f75dcc0cf7462f025f531576a04fc
2026-10-06T18:14:43.2464379Z   ADMIN_PASSWORD: Smoke2026x!
2026-10-06T18:14:43.2464625Z   DB_PASSWORD: Smoke2026x!
2026-10-06T18:14:43.2464842Z ##[endgroup]
2026-10-06T18:14:43.2549113Z site=frontend db=_5e5899d8398b5f7b
2026-10-06T18:14:43.3738472Z bench python: /home/frappe/frappe-bench/env/bin/python
2026-10-06T18:14:43.6340270Z frappe import ok
2026-10-06T18:14:54.4988646Z created Warehouse Type: Transit
2026-10-06T18:14:54.4989168Z created Warehouse Type: Stores
2026-10-06T18:14:54.4989721Z created Warehouse Type: Work In Progress
2026-10-06T18:14:54.4990310Z created Warehouse Type: Finished Goods
2026-10-06T18:14:54.4990876Z created Warehouse Type: Rejection
2026-10-06T18:14:54.4991483Z created Warehouse Type: Quarantine
2026-10-06T18:14:54.4991947Z created Warehouse Type: Reserved
2026-10-06T18:14:54.4992510Z created Warehouse Type: Supplier
2026-10-06T18:14:54.4992991Z created Warehouse Type: Customer
2026-10-06T18:14:54.4993433Z company ready
2026-10-06T18:14:54.4993909Z created Item Group root: All Item Groups
2026-10-06T18:14:54.4994432Z created Item Group: Preparations
2026-10-06T18:14:54.4994880Z created Item Group: Raw Materials
2026-10-06T18:14:54.4995428Z created Warehouse: RM-WH - OPL
2026-10-06T18:14:54.4996068Z created Warehouse: WIP-WH - OPL
2026-10-06T18:14:54.4996562Z created Warehouse: FG-WH - OPL
2026-10-06T18:14:54.4997028Z created Warehouse: QC-HOLD - OPL
2026-10-06T18:14:54.4997555Z stock settings: serial/batch inventory enabled
2026-10-06T18:14:54.4998057Z created Item: PREP-A
2026-10-06T18:14:54.4998449Z created Item: PREP-B
2026-10-06T18:14:54.4998904Z created Item: PREP-C
2026-10-06T18:14:54.4999279Z created Item: PREP-D
2026-10-06T18:14:54.4999865Z created Item: PREP-E
2026-10-06T18:14:54.5000611Z created Item: PREP-F
2026-10-06T18:14:54.5000963Z created Item: RM-A01
2026-10-06T18:14:54.5001438Z created Item: RM-A02
2026-10-06T18:14:54.5001815Z created Item: RM-A03
2026-10-06T18:14:54.5002361Z created Item: RM-A04
2026-10-06T18:14:54.5002863Z created Item: RM-A05
2026-10-06T18:14:54.5003371Z created Item: RM-A06
2026-10-06T18:14:54.5004434Z created Item: RM-A07
2026-10-06T18:14:54.5004846Z created Item: RM-A08
2026-10-06T18:14:54.5005713Z created Item: RM-A09
2026-10-06T18:14:54.5006096Z created Item: RM-A10
2026-10-06T18:14:54.5006922Z created Item: RM-A11
2026-10-06T18:14:54.5007775Z created Item: RM-A12
2026-10-06T18:14:54.5008256Z created Item: RM-A13
2026-10-06T18:14:54.5008657Z created Item: RM-A14
2026-10-06T18:14:54.5009242Z created Item: RM-A15
2026-10-06T18:14:54.5010175Z created Item: RM-A16
2026-10-06T18:14:54.5010702Z created Item: RM-A17
2026-10-06T18:14:54.5011171Z created Item: RM-A18
2026-10-06T18:14:54.5011612Z created Workstation: WS-WEIGH
2026-10-06T18:14:54.5012131Z created Workstation: WS-MIX
2026-10-06T18:14:54.5012656Z created Workstation: WS-FILL
2026-10-06T18:14:54.5013147Z created Workstation: WS-PACK
2026-10-06T18:14:54.5013652Z created Operation: Weighing
2026-10-06T18:14:54.5014202Z created Operation: Mixing
2026-10-06T18:14:54.5014628Z created Operation: Filling
2026-10-06T18:14:54.5015095Z created Operation: Packaging
2026-10-06T18:14:54.5016022Z created Quality Inspection Parameter: Appearance
2026-10-06T18:14:54.5016621Z created Quality Inspection Parameter: pH Value
2026-10-06T18:14:54.5017217Z created Quality Inspection Parameter: Fill Volume
2026-10-06T18:14:54.5017859Z created Quality Inspection Parameter: Viscosity
2026-10-06T18:14:54.5018493Z created Quality Inspection Parameter: Package Integrity
2026-10-06T18:14:54.5019096Z created Quality Inspection Template: QI-LIQUID
2026-10-06T18:14:54.5019661Z created Quality Inspection Template: QI-SEMI
2026-10-06T18:14:54.5020309Z created Quality Inspection Template: QI-PACK
2026-10-06T18:14:54.5020851Z created Routing: ROUTE-LIQUID
2026-10-06T18:14:54.5021325Z created Routing: ROUTE-SEMI
2026-10-06T18:14:54.5021754Z created Fiscal Year FY2026
2026-10-06T18:14:54.5022215Z ensured Batch RM-A01-B0001
2026-10-06T18:14:54.5022644Z ensured Batch RM-A02-B0001
2026-10-06T18:14:54.5023094Z ensured Batch RM-A03-B0001
2026-10-06T18:14:54.5023516Z ensured Batch RM-A04-B0001
2026-10-06T18:14:54.5024020Z ensured Batch RM-A05-B0001
2026-10-06T18:14:54.5024564Z ensured Batch RM-A06-B0001
2026-10-06T18:14:54.5025034Z SR expense_account: Temporary Opening - OPL
2026-10-06T18:14:54.5025795Z created+submitted Stock Reconciliation (opening RM stock)
2026-10-06T18:14:54.5026360Z created+submitted BOM for PREP-A
2026-10-06T18:14:54.5026887Z created+submitted BOM for PREP-B
2026-10-06T18:14:54.5027401Z created+submitted BOM for PREP-C
2026-10-06T18:14:54.5027991Z created+submitted BOM for PREP-D
2026-10-06T18:14:54.5028494Z created+submitted BOM for PREP-E
2026-10-06T18:14:54.5029003Z created+submitted BOM for PREP-F
2026-10-06T18:14:54.5029742Z created Work Order for PREP-C qty=20 ds=0 name=MFG-WO-2026-00001
2026-10-06T18:14:54.5030408Z created Work Order for PREP-D qty=15 ds=0 name=MFG-WO-2026-00002
2026-10-06T18:14:54.5031112Z created Work Order for PREP-E qty=25 ds=0 name=MFG-WO-2026-00003
2026-10-06T18:14:54.5031764Z created Work Order for PREP-F qty=18 ds=0 name=MFG-WO-2026-00004
2026-10-06T18:14:54.5032428Z created Work Order for PREP-A qty=30 ds=0 name=MFG-WO-2026-00005
2026-10-06T18:14:54.5033095Z created Work Order for PREP-B qty=40 ds=0 name=MFG-WO-2026-00006
2026-10-06T18:14:54.5033812Z created Work Order for PREP-C qty=46 ds=0 name=MFG-WO-2026-00007
2026-10-06T18:14:54.5034473Z created Work Order for PREP-D qty=56 ds=0 name=MFG-WO-2026-00008
2026-10-06T18:14:54.5035141Z created Work Order for PREP-E qty=31 ds=0 name=MFG-WO-2026-00009
2026-10-06T18:14:54.5036013Z created Work Order for PREP-F qty=21 ds=0 name=MFG-WO-2026-00010
2026-10-06T18:14:54.5036675Z created Work Order for PREP-A qty=61 ds=0 name=MFG-WO-2026-00011
2026-10-06T18:14:54.5037535Z created Work Order for PREP-B qty=62 ds=0 name=MFG-WO-2026-00012
2026-10-06T18:14:54.5038108Z created Work Order for PREP-C qty=63 ds=0 name=MFG-WO-2026-00013
2026-10-06T18:14:54.5038822Z created Work Order for PREP-D qty=64 ds=0 name=MFG-WO-2026-00014
2026-10-06T18:14:54.5039493Z created Work Order for PREP-E qty=65 ds=0 name=MFG-WO-2026-00015
2026-10-06T18:14:54.5040128Z created Work Order for PREP-F qty=66 ds=0 name=MFG-WO-2026-00016
2026-10-06T18:14:54.5040769Z created Work Order for PREP-A qty=81 ds=0 name=MFG-WO-2026-00017
2026-10-06T18:14:54.5041519Z created Work Order for PREP-B qty=82 ds=0 name=MFG-WO-2026-00018
2026-10-06T18:14:54.5042165Z created Work Order for PREP-C qty=83 ds=0 name=MFG-WO-2026-00019
2026-10-06T18:14:54.5042777Z created Work Order for PREP-D qty=84 ds=0 name=MFG-WO-2026-00020
2026-10-06T18:14:54.5043542Z created Work Order for PREP-E qty=85 ds=0 name=MFG-WO-2026-00021
2026-10-06T18:14:54.5044242Z created Work Order for PREP-F qty=86 ds=0 name=MFG-WO-2026-00022
2026-10-06T18:14:54.5044988Z created Work Order for PREP-A qty=71 ds=1 name=MFG-WO-2026-00023
2026-10-06T18:14:54.5045898Z created Work Order for PREP-B qty=72 ds=1 name=MFG-WO-2026-00024
2026-10-06T18:14:54.5046571Z created Work Order for PREP-C qty=73 ds=1 name=MFG-WO-2026-00025
2026-10-06T18:14:54.5047251Z created Work Order for PREP-D qty=74 ds=1 name=MFG-WO-2026-00026
2026-10-06T18:14:54.5047963Z created Work Order for PREP-E qty=75 ds=1 name=MFG-WO-2026-00027
2026-10-06T18:14:54.5048692Z created Work Order for PREP-F qty=76 ds=1 name=MFG-WO-2026-00028
2026-10-06T18:14:54.5049411Z created Customer Group: All Customer Groups
2026-10-06T18:14:54.5050025Z created Territory: All Territories
2026-10-06T18:14:54.5050898Z created Supplier Group: All Supplier Groups
2026-10-06T18:14:54.5051449Z created Customer Alpha Lab Client
2026-10-06T18:14:54.5051914Z created Customer Beta Lab Client
2026-10-06T18:14:54.5052787Z created Supplier Alpha Lab Vendor
2026-10-06T18:14:54.5053261Z created Supplier Beta Lab Vendor
2026-10-06T18:14:54.5053696Z BUILD_DONE
2026-10-06T18:14:54.5054416Z STATE_HASH=13cd68f47589591aeb8645ba12f918fb276210810a2df836c32f998fb8f76cf4
2026-10-06T18:14:54.6406140Z STATE_HASH=13cd68f47589591aeb8645ba12f918fb276210810a2df836c32f998fb8f76cf4
2026-10-06T18:14:54.6441504Z ##[group]Run cd "$GITHUB_WORKSPACE/frappe_docker"
2026-10-06T18:14:54.6441885Z [36;1mcd "$GITHUB_WORKSPACE/frappe_docker"[0m
2026-10-06T18:14:54.6442271Z [36;1mDB=$(grep -m1 '^erpnext_db=' ../smoke-out/manifest.env | cut -d= -f2)[0m
2026-10-06T18:14:54.6442619Z [36;1mecho "db=$DB"[0m
2026-10-06T18:14:54.6443265Z [36;1mdocker compose -f pwd.yml exec -T db sh -c "exec mariadb-dump -uroot -p\"\$MYSQL_ROOT_PASSWORD\" --single-transaction --hex-blob --default-character-set=utf8mb4 $DB" \[0m
2026-10-06T18:14:54.6443943Z [36;1m  | gzip > ../base_fixture.sql.gz[0m
2026-10-06T18:14:54.6444220Z [36;1mls -la ../base_fixture.sql.gz[0m
2026-10-06T18:14:54.6444590Z [36;1msha256sum ../base_fixture.sql.gz | tee ../smoke-out/base_fixture_sha256.txt[0m
2026-10-06T18:14:54.6480990Z shell: /usr/bin/bash -e {0}
2026-10-06T18:14:54.6481244Z env:
2026-10-06T18:14:54.6481454Z   ERPNEXT_VERSION: v15.99.1
2026-10-06T18:14:54.6481717Z   FRAPPE_VERSION: version-15
2026-10-06T18:14:54.6482077Z   FRAPPE_DOCKER_SHA: f71a386bc13f75dcc0cf7462f025f531576a04fc
2026-10-06T18:14:54.6482412Z   ADMIN_PASSWORD: Smoke2026x!
2026-10-06T18:14:54.6482647Z   DB_PASSWORD: Smoke2026x!
2026-10-06T18:14:54.6482867Z ##[endgroup]
2026-10-06T18:14:54.6563087Z db=_5e5899d8398b5f7b
2026-10-06T18:14:55.6205027Z -rw-r--r-- 1 runner runner 813962 Oct  6 18:14 ../base_fixture.sql.gz
2026-10-06T18:14:55.6238488Z d626f21ec513ac04487b41609411d20516ff296b493dd8dfc290ee0a31befedf  ../base_fixture.sql.gz
2026-10-06T18:14:55.6269441Z ##[group]Run cd "$GITHUB_WORKSPACE/frappe_docker"
2026-10-06T18:14:55.6269842Z [36;1mcd "$GITHUB_WORKSPACE/frappe_docker"[0m
2026-10-06T18:14:55.6270240Z [36;1mSITE=$(grep -m1 '^erpnext_site=' ../smoke-out/manifest.env | cut -d= -f2)[0m
2026-10-06T18:14:55.6270705Z [36;1mDB=$(grep -m1 '^erpnext_db=' ../smoke-out/manifest.env | cut -d= -f2)[0m
2026-10-06T18:14:55.6271064Z [36;1mecho "site=$SITE db=$DB"[0m
2026-10-06T18:14:55.6271516Z [36;1mBENCH_PY=$(docker compose -f pwd.yml exec -T backend bash -c \[0m
2026-10-06T18:14:55.6272313Z [36;1m  'for p in /home/frappe/frappe-bench/env/bin/python /home/frappe/frappe-bench/env/bin/python3; do [ -x "$p" ] && echo "$p" && exit 0; done; head -1 "$(command -v bench)" | sed "s/^#!//"' | tail -1)[0m
2026-10-06T18:14:55.6273521Z [36;1mdocker compose -f pwd.yml exec -T db sh -c "exec mariadb -uroot -p\"\$MYSQL_ROOT_PASSWORD\" -e \"DROP DATABASE IF EXISTS $DB; CREATE DATABASE $DB CHARACTER SET utf8mb4 COLLATE utf8mb4_unicode_ci;\""[0m
2026-10-06T18:14:55.6274507Z [36;1mgunzip -c ../base_fixture.sql.gz | docker compose -f pwd.yml exec -T db sh -c "exec mariadb -uroot -p\"\$MYSQL_ROOT_PASSWORD\" $DB"[0m
2026-10-06T18:14:55.6275064Z [36;1mdocker compose -f pwd.yml restart backend[0m
2026-10-06T18:14:55.6275350Z [36;1mfor i in $(seq 1 60); do[0m
2026-10-06T18:14:55.6275943Z [36;1m  body=$(curl -s -m 5 "http://localhost:8080/api/method/ping" || true)[0m
2026-10-06T18:14:55.6276329Z [36;1m  echo "$body" | grep -q "pong" && break[0m
2026-10-06T18:14:55.6276602Z [36;1m  sleep 5[0m
2026-10-06T18:14:55.6276798Z [36;1mdone[0m
2026-10-06T18:14:55.6277591Z [36;1mdocker compose -f pwd.yml exec -T -u root backend bash -c "mkdir -p /home/frappe/logs /home/frappe/frappe-bench/logs /home/frappe/frappe-bench/*/logs /home/frappe/frappe-bench/sites/*/logs /home/frappe/frappe-bench/${SITE}/logs"[0m
2026-10-06T18:14:55.6278554Z [36;1m# last dir: v15 site logger writes CWD-relative <site>/logs (utils/logger.py)[0m
2026-10-06T18:14:55.6279111Z [36;1mdocker compose -f pwd.yml exec -T -u root -w /home/frappe/frappe-bench -e SITE="$SITE" backend \[0m
2026-10-06T18:14:55.6279722Z [36;1m  "$BENCH_PY" build_base_fixture.py --hash-only 2>&1 | tee ../smoke-out/state_hash_restore.txt[0m
2026-10-06T18:14:55.6280258Z [36;1mH1=$(grep -o 'STATE_HASH=.*' ../smoke-out/state_hash_build.txt | cut -d= -f2)[0m
2026-10-06T18:14:55.6280744Z [36;1mH2=$(grep -o 'STATE_HASH=.*' ../smoke-out/state_hash_restore.txt | cut -d= -f2)[0m
2026-10-06T18:14:55.6281131Z [36;1mecho "build hash:   $H1"[0m
2026-10-06T18:14:55.6281379Z [36;1mecho "restore hash: $H2"[0m
2026-10-06T18:14:55.6281777Z [36;1m[ -n "$H1" ] && [ "$H1" = "$H2" ] && echo "RESTORE_HASH_MATCH" || { echo "RESTORE_HASH_MISMATCH"; exit 1; }[0m
2026-10-06T18:14:55.6317890Z shell: /usr/bin/bash -e {0}
2026-10-06T18:14:55.6318142Z env:
2026-10-06T18:14:55.6318342Z   ERPNEXT_VERSION: v15.99.1
2026-10-06T18:14:55.6318581Z   FRAPPE_VERSION: version-15
2026-10-06T18:14:55.6318903Z   FRAPPE_DOCKER_SHA: f71a386bc13f75dcc0cf7462f025f531576a04fc
2026-10-06T18:14:55.6319224Z   ADMIN_PASSWORD: Smoke2026x!
2026-10-06T18:14:55.6319456Z   DB_PASSWORD: Smoke2026x!
2026-10-06T18:14:55.6319665Z ##[endgroup]
2026-10-06T18:14:55.6475658Z site=frontend db=_5e5899d8398b5f7b
2026-10-06T18:14:59.1610797Z  Container frappe_docker-backend-1  Restarting
2026-10-06T18:14:59.4394053Z  Container frappe_docker-backend-1  Started
2026-10-06T18:23:05.7621783Z STATE_HASH=13cd68f47589591aeb8645ba12f918fb276210810a2df836c32f998fb8f76cf4
2026-10-06T18:23:05.8213672Z build hash:   13cd68f47589591aeb8645ba12f918fb276210810a2df836c32f998fb8f76cf4
2026-10-06T18:23:05.8215079Z restore hash: 13cd68f47589591aeb8645ba12f918fb276210810a2df836c32f998fb8f76cf4
2026-10-06T18:23:05.8215725Z RESTORE_HASH_MATCH
2026-10-06T18:23:05.8269136Z ##[group]Run actions/upload-artifact@v4
2026-10-06T18:23:05.8269422Z with:
2026-10-06T18:23:05.8269642Z   name: fixture-build-results
2026-10-06T18:23:05.8269902Z   path: base_fixture.sql.gz
smoke-out/

2026-10-06T18:23:05.8270155Z   retention-days: 30
2026-10-06T18:23:05.8270371Z   if-no-files-found: warn
2026-10-06T18:23:05.8270597Z   compression-level: 6
2026-10-06T18:23:05.8270800Z   overwrite: false
2026-10-06T18:23:05.8271009Z   include-hidden-files: false
2026-10-06T18:23:05.8271230Z env:
2026-10-06T18:23:05.8271409Z   ERPNEXT_VERSION: v15.99.1
2026-10-06T18:23:05.8271642Z   FRAPPE_VERSION: version-15
2026-10-06T18:23:05.8271930Z   FRAPPE_DOCKER_SHA: f71a386bc13f75dcc0cf7462f025f531576a04fc
2026-10-06T18:23:05.8272397Z   ADMIN_PASSWORD: Smoke2026x!
2026-10-06T18:23:05.8272622Z   DB_PASSWORD: Smoke2026x!
2026-10-06T18:23:05.8272839Z ##[endgroup]
2026-10-06T18:23:05.9846878Z (node:8538) [DEP0040] DeprecationWarning: The `punycode` module is deprecated. Please use a userland alternative instead.
2026-10-06T18:23:05.9847651Z (Use `node --trace-deprecation ...` to show where the warning was created)
2026-10-06T18:23:05.9972046Z Multiple search paths detected. Calculating the least common ancestor of all paths
2026-10-06T18:23:05.9974643Z The least common ancestor is /home/runner/work/erpnext-tmc-external-validation/erpnext-tmc-external-validation. This will be the root directory of the artifact
2026-10-06T18:23:05.9976125Z With the provided path, there will be 18 files uploaded
2026-10-06T18:23:05.9980008Z Artifact name is valid!
2026-10-06T18:23:05.9980578Z Root directory input is valid!
2026-10-06T18:23:06.4201873Z Beginning upload of artifact content to blob storage
2026-10-06T18:23:06.4831191Z (node:8538) [DEP0169] DeprecationWarning: `url.parse()` behavior is not standardized and prone to errors that have security implications. Use the WHATWG URL API instead. CVEs are not issued for `url.parse()` vulnerabilities.
2026-10-06T18:23:06.9699346Z Uploaded bytes 820427
2026-10-06T18:23:07.0328127Z Finished uploading artifact content to blob storage!
2026-10-06T18:23:07.0329284Z SHA256 digest of uploaded artifact zip is e0daa5987e8049739013db69d93772bf38d9b4f3416276b8357be6724688491f
2026-10-06T18:23:07.0331536Z Finalizing artifact upload
2026-10-06T18:23:07.3042873Z Artifact fixture-build-results.zip successfully finalized. Artifact ID 11434606922
2026-10-06T18:23:07.3044015Z Artifact fixture-build-results has been successfully uploaded! Final size is 820427 bytes. Artifact ID is 11434606922
2026-10-06T18:23:07.3051494Z Artifact download URL: https://github.com/Ctrl-CV-Master/erpnext-tmc-external-validation/actions/runs/37509208639/artifacts/11434606922
2026-10-06T18:23:07.3251032Z Post job cleanup.
2026-10-06T18:23:07.4087000Z [command]/usr/bin/git version
2026-10-06T18:23:07.4134133Z git version 2.55.0
2026-10-06T18:23:07.4178824Z Temporarily overriding HOME='/home/runner/work/_temp/e2b6a751-e497-420f-a20a-178d6173e5e3' before making global git config changes
2026-10-06T18:23:07.4179700Z Adding repository directory to the temporary git global config as a safe directory
2026-10-06T18:23:07.4186012Z [command]/usr/bin/git config --global --add safe.directory /home/runner/work/erpnext-tmc-external-validation/erpnext-tmc-external-validation
2026-10-06T18:23:07.4225942Z [command]/usr/bin/git config --local --name-only --get-regexp core\.sshCommand
2026-10-06T18:23:07.4259234Z [command]/usr/bin/git submodule foreach --recursive sh -c "git config --local --name-only --get-regexp 'core\.sshCommand' && git config --local --unset-all 'core.sshCommand' || :"
2026-10-06T18:23:07.4469549Z [command]/usr/bin/git config --local --name-only --get-regexp http\.https\:\/\/github\.com\/\.extraheader
2026-10-06T18:23:07.4497294Z http.https://github.com/.extraheader
2026-10-06T18:23:07.4507992Z [command]/usr/bin/git config --local --unset-all http.https://github.com/.extraheader
2026-10-06T18:23:07.4542512Z [command]/usr/bin/git submodule foreach --recursive sh -c "git config --local --name-only --get-regexp 'http\.https\:\/\/github\.com\/\.extraheader' && git config --local --unset-all 'http.https://github.com/.extraheader' || :"
2026-10-06T18:23:07.4766834Z [command]/usr/bin/git config --local --name-only --get-regexp ^includeIf\.gitdir:
2026-10-06T18:23:07.4804398Z [command]/usr/bin/git submodule foreach --recursive git config --local --show-origin --name-only --get-regexp remote.origin.url
2026-10-06T18:23:07.5193526Z Cleaning up orphan processes
2026-10-06T18:23:07.5506895Z Terminate orphan process: pid (2427) (bash)
2026-10-06T18:23:07.5751710Z Terminate orphan process: pid (8478) (sleep)
2026-10-06T18:23:07.5768642Z ##[warning]Node.js 20 is deprecated. The following actions target Node.js 20 but are being forced to run on Node.js 24: actions/checkout@v4, actions/upload-artifact@v4. For more information see: https://github.blog/changelog/2025-09-19-deprecation-of-node-20-on-github-actions-runners/
