2026-10-06T13:59:19.9561337Z Current runner version: '2.337.0'
2026-10-06T13:59:19.9578665Z ##[group]Runner Image Provisioner
2026-10-06T13:59:19.9579265Z Hosted Compute Agent
2026-10-06T13:59:19.9579676Z Version: 20261002.596
2026-10-06T13:59:19.9580128Z Commit: c3d12f3313a95f25162a1503be624f3b0617f8c0
2026-10-06T13:59:19.9580608Z Build Date: 2026-10-02T22:28:27Z
2026-10-06T13:59:19.9581090Z Worker ID: {5c69f5d7-b36e-4ec7-9d30-e43d1b152581}
2026-10-06T13:59:19.9581564Z Region: centralus
2026-10-06T13:59:19.9581989Z Cloud: Azure
2026-10-06T13:59:19.9582369Z ##[endgroup]
2026-10-06T13:59:19.9583363Z ##[group]Operating System
2026-10-06T13:59:19.9583794Z Ubuntu
2026-10-06T13:59:19.9584120Z 24.04.5
2026-10-06T13:59:19.9584550Z LTS
2026-10-06T13:59:19.9584883Z ##[endgroup]
2026-10-06T13:59:19.9585297Z ##[group]Runner Image
2026-10-06T13:59:19.9585689Z Image: ubuntu-24.04
2026-10-06T13:59:19.9586364Z Version: 20261004.327.1
2026-10-06T13:59:19.9587142Z Included Software: https://github.com/actions/runner-images/blob/ubuntu24/20261004.327/images/ubuntu/Ubuntu2404-Readme.md
2026-10-06T13:59:19.9588072Z Image Release: https://github.com/actions/runner-images/releases/tag/ubuntu24%2F20261004.327
2026-10-06T13:59:19.9588696Z ##[endgroup]
2026-10-06T13:59:19.9589421Z ##[group]GITHUB_TOKEN Permissions
2026-10-06T13:59:19.9590779Z Contents: read
2026-10-06T13:59:19.9591150Z Metadata: read
2026-10-06T13:59:19.9591542Z ##[endgroup]
2026-10-06T13:59:19.9593007Z Secret source: Actions
2026-10-06T13:59:19.9593568Z Cache mode: write
2026-10-06T13:59:19.9594092Z Prepare workflow directory
2026-10-06T13:59:19.9895169Z Prepare all required actions
2026-10-06T13:59:19.9924912Z Getting action download info
2026-10-06T13:59:20.2554905Z Download action repository 'actions/checkout@v4' (SHA:11d5960a326750d5838078e36cf38b85af677262)
2026-10-06T13:59:20.6636664Z Download action repository 'actions/upload-artifact@v4' (SHA:ea165f8d65b6e75b540449e92b4886f43607fa02)
2026-10-06T13:59:20.8995568Z Complete job name: formal (F03, 1)
2026-10-06T13:59:20.9450024Z ##[group]Run actions/checkout@v4
2026-10-06T13:59:20.9450512Z with:
2026-10-06T13:59:20.9450879Z   repository: Ctrl-CV-Master/erpnext-tmc-external-validation
2026-10-06T13:59:20.9453842Z   token: ***
2026-10-06T13:59:20.9454121Z   ssh-strict: true
2026-10-06T13:59:20.9454409Z   ssh-user: git
2026-10-06T13:59:20.9454703Z   persist-credentials: true
2026-10-06T13:59:20.9455029Z   clean: true
2026-10-06T13:59:20.9455321Z   sparse-checkout-cone-mode: true
2026-10-06T13:59:20.9455674Z   fetch-depth: 1
2026-10-06T13:59:20.9455955Z   fetch-tags: false
2026-10-06T13:59:20.9456255Z   show-progress: true
2026-10-06T13:59:20.9456547Z   lfs: false
2026-10-06T13:59:20.9456825Z   submodules: false
2026-10-06T13:59:20.9457119Z   set-safe-directory: true
2026-10-06T13:59:20.9457458Z   allow-unsafe-pr-checkout: false
2026-10-06T13:59:20.9457879Z env:
2026-10-06T13:59:20.9458143Z   ERPNEXT_VERSION: v15.99.1
2026-10-06T13:59:20.9458474Z   FRAPPE_VERSION: version-15
2026-10-06T13:59:20.9458900Z   FRAPPE_DOCKER_SHA: f71a386bc13f75dcc0cf7462f025f531576a04fc
2026-10-06T13:59:20.9459353Z   ADMIN_PASSWORD: Smoke2026x!
2026-10-06T13:59:20.9459692Z   DB_PASSWORD: Smoke2026x!
2026-10-06T13:59:20.9460046Z   ERPNEXT_SITE: frontend
2026-10-06T13:59:20.9460458Z   GLM_API_KEY: ***
2026-10-06T13:59:20.9460846Z   GLM_API_KEY_2: ***
2026-10-06T13:59:20.9461236Z   GLM_API_KEY_3: ***
2026-10-06T13:59:20.9461630Z   GLM_API_KEY_4: ***
2026-10-06T13:59:20.9462020Z   GLM_API_KEY_5: ***
2026-10-06T13:59:20.9462423Z   GLM_API_KEY_6: ***
2026-10-06T13:59:20.9462895Z ##[endgroup]
2026-10-06T13:59:21.0184616Z Syncing repository: Ctrl-CV-Master/erpnext-tmc-external-validation
2026-10-06T13:59:21.0186451Z ##[group]Getting Git version info
2026-10-06T13:59:21.0187551Z Working directory is '/home/runner/work/erpnext-tmc-external-validation/erpnext-tmc-external-validation'
2026-10-06T13:59:21.0189088Z [command]/usr/bin/git version
2026-10-06T13:59:21.1560571Z git version 2.55.0
2026-10-06T13:59:21.1574850Z ##[endgroup]
2026-10-06T13:59:21.1585236Z Temporarily overriding HOME='/home/runner/work/_temp/69e58b80-4081-4d42-a554-ed9790741a2c' before making global git config changes
2026-10-06T13:59:21.1586767Z Adding repository directory to the temporary git global config as a safe directory
2026-10-06T13:59:21.1590060Z [command]/usr/bin/git config --global --add safe.directory /home/runner/work/erpnext-tmc-external-validation/erpnext-tmc-external-validation
2026-10-06T13:59:21.1867544Z Deleting the contents of '/home/runner/work/erpnext-tmc-external-validation/erpnext-tmc-external-validation'
2026-10-06T13:59:21.1869845Z ##[group]Initializing the repository
2026-10-06T13:59:21.1873252Z [command]/usr/bin/git init /home/runner/work/erpnext-tmc-external-validation/erpnext-tmc-external-validation
2026-10-06T13:59:21.2431219Z hint: Using 'master' as the name for the initial branch. This default branch name
2026-10-06T13:59:21.2432359Z hint: will change to "main" in Git 3.0. To configure the initial branch name
2026-10-06T13:59:21.2433547Z hint: to use in all of your new repositories, which will suppress this warning,
2026-10-06T13:59:21.2434351Z hint: call:
2026-10-06T13:59:21.2434812Z hint:
2026-10-06T13:59:21.2435337Z hint: 	git config --global init.defaultBranch <name>
2026-10-06T13:59:21.2435796Z hint:
2026-10-06T13:59:21.2436194Z hint: Names commonly chosen instead of 'master' are 'main', 'trunk' and
2026-10-06T13:59:21.2436856Z hint: 'development'. The just-created branch can be renamed via this command:
2026-10-06T13:59:21.2437366Z hint:
2026-10-06T13:59:21.2437639Z hint: 	git branch -m <name>
2026-10-06T13:59:21.2438079Z hint:
2026-10-06T13:59:21.2438730Z hint: Disable this message with "git config set advice.defaultBranchName false"
2026-10-06T13:59:21.2439630Z Initialized empty Git repository in /home/runner/work/erpnext-tmc-external-validation/erpnext-tmc-external-validation/.git/
2026-10-06T13:59:21.2442817Z [command]/usr/bin/git remote add origin https://github.com/Ctrl-CV-Master/erpnext-tmc-external-validation
2026-10-06T13:59:21.2717887Z ##[endgroup]
2026-10-06T13:59:21.2718421Z ##[group]Disabling automatic garbage collection
2026-10-06T13:59:21.2720328Z [command]/usr/bin/git config --local gc.auto 0
2026-10-06T13:59:21.2746691Z ##[endgroup]
2026-10-06T13:59:21.2747172Z ##[group]Setting up auth
2026-10-06T13:59:21.2751607Z [command]/usr/bin/git config --local --name-only --get-regexp core\.sshCommand
2026-10-06T13:59:21.2777939Z [command]/usr/bin/git submodule foreach --recursive sh -c "git config --local --name-only --get-regexp 'core\.sshCommand' && git config --local --unset-all 'core.sshCommand' || :"
2026-10-06T13:59:21.4730070Z [command]/usr/bin/git config --local --name-only --get-regexp http\.https\:\/\/github\.com\/\.extraheader
2026-10-06T13:59:21.4760345Z [command]/usr/bin/git submodule foreach --recursive sh -c "git config --local --name-only --get-regexp 'http\.https\:\/\/github\.com\/\.extraheader' && git config --local --unset-all 'http.https://github.com/.extraheader' || :"
2026-10-06T13:59:21.4924342Z [command]/usr/bin/git config --local --name-only --get-regexp ^includeIf\.gitdir:
2026-10-06T13:59:21.4950361Z [command]/usr/bin/git submodule foreach --recursive git config --local --show-origin --name-only --get-regexp remote.origin.url
2026-10-06T13:59:21.5114270Z [command]/usr/bin/git config --local http.https://github.com/.extraheader AUTHORIZATION: basic ***
2026-10-06T13:59:21.5145238Z ##[endgroup]
2026-10-06T13:59:21.5150678Z ##[group]Fetching the repository
2026-10-06T13:59:21.5152726Z [command]/usr/bin/git -c protocol.version=2 fetch --no-tags --prune --no-recurse-submodules --depth=1 origin +d4e199b48f1f430aa685324996be4b58902a80a0:refs/remotes/origin/main
2026-10-06T13:59:22.2566767Z From https://github.com/Ctrl-CV-Master/erpnext-tmc-external-validation
2026-10-06T13:59:22.2567721Z  * [new ref]         d4e199b48f1f430aa685324996be4b58902a80a0 -> origin/main
2026-10-06T13:59:22.2570385Z ##[endgroup]
2026-10-06T13:59:22.2570675Z ##[group]Determining the checkout info
2026-10-06T13:59:22.2572106Z ##[endgroup]
2026-10-06T13:59:22.2576922Z [command]/usr/bin/git sparse-checkout disable
2026-10-06T13:59:22.2783195Z [command]/usr/bin/git config --local --unset-all extensions.worktreeConfig
2026-10-06T13:59:22.2818353Z ##[group]Checking out the ref
2026-10-06T13:59:22.2820679Z [command]/usr/bin/git checkout --progress --force -B main refs/remotes/origin/main
2026-10-06T13:59:22.2947517Z Switched to a new branch 'main'
2026-10-06T13:59:22.2951918Z branch 'main' set up to track 'origin/main'.
2026-10-06T13:59:22.2956996Z ##[endgroup]
2026-10-06T13:59:22.2992151Z [command]/usr/bin/git log -1 --format=%H
2026-10-06T13:59:22.3013824Z d4e199b48f1f430aa685324996be4b58902a80a0
2026-10-06T13:59:22.3220474Z ##[group]Run F="F03"
2026-10-06T13:59:22.3220733Z [36;1mF="F03"[0m
2026-10-06T13:59:22.3220897Z [36;1mWANT=""[0m
2026-10-06T13:59:22.3221071Z [36;1mif [ -n "$WANT" ]; then[0m
2026-10-06T13:59:22.3221269Z [36;1m  case ",$WANT," in[0m
2026-10-06T13:59:22.3221484Z [36;1m    *",$F,"*) echo "run=true" >> "$GITHUB_OUTPUT";;[0m
2026-10-06T13:59:22.3221733Z [36;1m    *) echo "run=false" >> "$GITHUB_OUTPUT";;[0m
2026-10-06T13:59:22.3221957Z [36;1m  esac[0m
2026-10-06T13:59:22.3222112Z [36;1melse[0m
2026-10-06T13:59:22.3222289Z [36;1m  echo "run=true" >> "$GITHUB_OUTPUT"[0m
2026-10-06T13:59:22.3222759Z [36;1mfi[0m
2026-10-06T13:59:22.4580082Z shell: /usr/bin/bash -e {0}
2026-10-06T13:59:22.4580299Z env:
2026-10-06T13:59:22.4580461Z   ERPNEXT_VERSION: v15.99.1
2026-10-06T13:59:22.4580646Z   FRAPPE_VERSION: version-15
2026-10-06T13:59:22.4580889Z   FRAPPE_DOCKER_SHA: f71a386bc13f75dcc0cf7462f025f531576a04fc
2026-10-06T13:59:22.4581148Z   ADMIN_PASSWORD: Smoke2026x!
2026-10-06T13:59:22.4581368Z   DB_PASSWORD: Smoke2026x!
2026-10-06T13:59:22.4581541Z   ERPNEXT_SITE: frontend
2026-10-06T13:59:22.4582015Z   GLM_API_KEY: ***
2026-10-06T13:59:22.4582231Z   GLM_API_KEY_2: ***
2026-10-06T13:59:22.4582444Z   GLM_API_KEY_3: ***
2026-10-06T13:59:22.4582821Z   GLM_API_KEY_4: ***
2026-10-06T13:59:22.4583045Z   GLM_API_KEY_5: ***
2026-10-06T13:59:22.4583285Z   GLM_API_KEY_6: ***
2026-10-06T13:59:22.4583457Z ##[endgroup]
2026-10-06T13:59:22.4775506Z ##[group]Run bash scripts/cleanup_runner_disk.sh normal
2026-10-06T13:59:22.4775794Z [36;1mbash scripts/cleanup_runner_disk.sh normal[0m
2026-10-06T13:59:22.4828766Z shell: /usr/bin/bash -e {0}
2026-10-06T13:59:22.4828952Z env:
2026-10-06T13:59:22.4829116Z   ERPNEXT_VERSION: v15.99.1
2026-10-06T13:59:22.4829301Z   FRAPPE_VERSION: version-15
2026-10-06T13:59:22.4829536Z   FRAPPE_DOCKER_SHA: f71a386bc13f75dcc0cf7462f025f531576a04fc
2026-10-06T13:59:22.4829778Z   ADMIN_PASSWORD: Smoke2026x!
2026-10-06T13:59:22.4829967Z   DB_PASSWORD: Smoke2026x!
2026-10-06T13:59:22.4830143Z   ERPNEXT_SITE: frontend
2026-10-06T13:59:22.4830491Z   GLM_API_KEY: ***
2026-10-06T13:59:22.4830742Z   GLM_API_KEY_2: ***
2026-10-06T13:59:22.4830965Z   GLM_API_KEY_3: ***
2026-10-06T13:59:22.4831185Z   GLM_API_KEY_4: ***
2026-10-06T13:59:22.4831399Z   GLM_API_KEY_5: ***
2026-10-06T13:59:22.4831622Z   GLM_API_KEY_6: ***
2026-10-06T13:59:22.4831783Z ##[endgroup]
2026-10-06T13:59:22.4920807Z === df -h before cleanup ===
2026-10-06T13:59:22.5035990Z Filesystem      Size  Used Avail Use% Mounted on
2026-10-06T13:59:22.5036243Z /dev/root       145G   59G   86G  41% /
2026-10-06T14:00:23.6562670Z removing /usr/local/lib/android                        12G
2026-10-06T14:01:08.9364620Z removing /usr/share/dotnet                             5.8G
2026-10-06T14:01:16.9988575Z removing /usr/local/.ghcup                             3.7G
2026-10-06T14:01:24.1742905Z removing /opt/hostedtoolcache/CodeQL                   1.4G
2026-10-06T14:01:28.9928274Z removing /usr/share/swift                              3.5G
2026-10-06T14:01:48.4960180Z removing /usr/share/miniconda                          980M
2026-10-06T14:01:56.8162834Z removing /opt/hostedtoolcache/go                       799M
2026-10-06T14:02:04.0558847Z removing /opt/hostedtoolcache/PyPy                     523M
2026-10-06T14:02:05.9906697Z removing /usr/share/gradle-9.8.0                       165M
2026-10-06T14:02:06.1406741Z removing /usr/share/kotlinc                            94M
2026-10-06T14:02:06.6346558Z removing /usr/lib/jvm                                  1.5G
2026-10-06T14:02:29.2967299Z removing /opt/pipx                                     500M
2026-10-06T14:02:34.5844899Z removing /usr/share/mysql                              9.5M
2026-10-06T14:02:34.6000732Z removing /var/lib/mysql                                4.0K
2026-10-06T14:02:58.1518738Z === df -h after cleanup ===
2026-10-06T14:02:58.1526795Z Filesystem      Size  Used Avail Use% Mounted on
2026-10-06T14:02:58.1528147Z /dev/root       145G   27G  118G  19% /
2026-10-06T14:02:58.1576336Z ##[group]Run bash smoke/start_erpnext.sh
2026-10-06T14:02:58.1576534Z [36;1mbash smoke/start_erpnext.sh[0m
2026-10-06T14:02:58.1624099Z shell: /usr/bin/bash -e {0}
2026-10-06T14:02:58.1624239Z env:
2026-10-06T14:02:58.1624354Z   ERPNEXT_VERSION: v15.99.1
2026-10-06T14:02:58.1624496Z   FRAPPE_VERSION: version-15
2026-10-06T14:02:58.1624669Z   FRAPPE_DOCKER_SHA: f71a386bc13f75dcc0cf7462f025f531576a04fc
2026-10-06T14:02:58.1624877Z   ADMIN_PASSWORD: Smoke2026x!
2026-10-06T14:02:58.1625015Z   DB_PASSWORD: Smoke2026x!
2026-10-06T14:02:58.1625151Z   ERPNEXT_SITE: frontend
2026-10-06T14:02:58.1625814Z   GLM_API_KEY: ***
2026-10-06T14:02:58.1625997Z   GLM_API_KEY_2: ***
2026-10-06T14:02:58.1626193Z   GLM_API_KEY_3: ***
2026-10-06T14:02:58.1626357Z   GLM_API_KEY_4: ***
2026-10-06T14:02:58.1626519Z   GLM_API_KEY_5: ***
2026-10-06T14:02:58.1626685Z   GLM_API_KEY_6: ***
2026-10-06T14:02:58.1626805Z ##[endgroup]
2026-10-06T14:02:59.0095607Z 3:    image: frappe/erpnext:v15.99.1
2026-10-06T14:02:59.0095957Z 22:    image: frappe/erpnext:v15.99.1
2026-10-06T14:02:59.0096122Z 51:    image: frappe/erpnext:v15.99.1
2026-10-06T14:02:59.0096282Z 111:    image: frappe/erpnext:v15.99.1
2026-10-06T14:02:59.0096440Z 138:    image: frappe/erpnext:v15.99.1
2026-10-06T14:02:59.0096593Z 160:    image: frappe/erpnext:v15.99.1
2026-10-06T14:02:59.0096992Z 200:    image: frappe/erpnext:v15.99.1
2026-10-06T14:02:59.0097413Z 217:    image: frappe/erpnext:v15.99.1
2026-10-06T14:02:59.0115727Z [14:02:59] pulling pinned images ...
2026-10-06T14:03:38.1272039Z  dfc4cfbee500 Pull complete 
2026-10-06T14:03:38.1272454Z  4f4fb700ef54 Extracting [==================================================>]      32B/32B
2026-10-06T14:03:38.1273008Z  4f4fb700ef54 Extracting [==================================================>]      32B/32B
2026-10-06T14:03:38.1273588Z  4f4fb700ef54 Pull complete 
2026-10-06T14:03:38.1273810Z  websocket Pulled 
2026-10-06T14:03:38.1370699Z mariadb:10.6	309MB
2026-10-06T14:03:38.1381175Z redis:6.2-alpine	27.8MB
2026-10-06T14:03:38.1381545Z frappe/erpnext:v15.99.1	2.27GB
2026-10-06T14:03:38.1841352Z === df -h after image pull ===
2026-10-06T14:03:38.1852248Z Filesystem      Size  Used Avail Use% Mounted on
2026-10-06T14:03:38.1852783Z /dev/root       145G   30G  116G  21% /
2026-10-06T14:03:38.1972259Z [14:03:38] starting stack ...
2026-10-06T14:03:38.2561082Z  Network frappe_docker_frappe_network  Creating
2026-10-06T14:03:38.2835914Z  Network frappe_docker_frappe_network  Created
2026-10-06T14:03:38.2896486Z  Volume "frappe_docker_redis-queue-data"  Creating
2026-10-06T14:03:38.2906089Z  Volume "frappe_docker_redis-queue-data"  Created
2026-10-06T14:03:38.2908676Z  Volume "frappe_docker_sites"  Creating
2026-10-06T14:03:38.2915383Z  Volume "frappe_docker_sites"  Created
2026-10-06T14:03:38.2917585Z  Volume "frappe_docker_logs"  Creating
2026-10-06T14:03:38.2928423Z  Volume "frappe_docker_logs"  Created
2026-10-06T14:03:38.2929957Z  Volume "frappe_docker_db-data"  Creating
2026-10-06T14:03:38.2938593Z  Volume "frappe_docker_db-data"  Created
2026-10-06T14:03:38.2942133Z  Container frappe_docker-redis-queue-1  Creating
2026-10-06T14:03:38.2942695Z  Container frappe_docker-create-site-1  Creating
2026-10-06T14:03:38.2943410Z  Container frappe_docker-configurator-1  Creating
2026-10-06T14:03:38.2943698Z  Container frappe_docker-redis-cache-1  Creating
2026-10-06T14:03:38.2943977Z  Container frappe_docker-db-1  Creating
2026-10-06T14:03:38.3710870Z  Container frappe_docker-db-1  Created
2026-10-06T14:03:38.3711149Z  Container frappe_docker-redis-queue-1  Created
2026-10-06T14:03:38.3727533Z  Container frappe_docker-redis-cache-1  Created
2026-10-06T14:03:38.5196585Z  Container frappe_docker-configurator-1  Created
2026-10-06T14:03:38.5196964Z  Container frappe_docker-create-site-1  Created
2026-10-06T14:03:38.5200075Z  Container frappe_docker-scheduler-1  Creating
2026-10-06T14:03:38.5202990Z  Container frappe_docker-queue-long-1  Creating
2026-10-06T14:03:38.5203299Z  Container frappe_docker-websocket-1  Creating
2026-10-06T14:03:38.5203940Z  Container frappe_docker-queue-short-1  Creating
2026-10-06T14:03:38.5204223Z  Container frappe_docker-backend-1  Creating
2026-10-06T14:03:38.8177118Z  Container frappe_docker-scheduler-1  Created
2026-10-06T14:03:38.8177516Z  Container frappe_docker-backend-1  Created
2026-10-06T14:03:38.8179206Z  Container frappe_docker-queue-long-1  Created
2026-10-06T14:03:38.8180526Z  Container frappe_docker-queue-short-1  Created
2026-10-06T14:03:38.8182102Z  Container frappe_docker-websocket-1  Created
2026-10-06T14:03:38.8182620Z  Container frappe_docker-frontend-1  Creating
2026-10-06T14:03:38.8816765Z  Container frappe_docker-frontend-1  Created
2026-10-06T14:03:38.8831599Z  Container frappe_docker-configurator-1  Starting
2026-10-06T14:03:38.8832150Z  Container frappe_docker-redis-queue-1  Starting
2026-10-06T14:03:38.8832736Z  Container frappe_docker-redis-cache-1  Starting
2026-10-06T14:03:38.8833264Z  Container frappe_docker-create-site-1  Starting
2026-10-06T14:03:38.8836825Z  Container frappe_docker-db-1  Starting
2026-10-06T14:03:40.0058210Z  Container frappe_docker-redis-cache-1  Started
2026-10-06T14:03:40.0329595Z  Container frappe_docker-configurator-1  Started
2026-10-06T14:03:40.0330064Z  Container frappe_docker-configurator-1  Waiting
2026-10-06T14:03:40.0330710Z  Container frappe_docker-redis-queue-1  Started
2026-10-06T14:03:40.0331338Z  Container frappe_docker-configurator-1  Waiting
2026-10-06T14:03:40.0331701Z  Container frappe_docker-configurator-1  Waiting
2026-10-06T14:03:40.0331996Z  Container frappe_docker-configurator-1  Waiting
2026-10-06T14:03:40.0332283Z  Container frappe_docker-configurator-1  Waiting
2026-10-06T14:03:40.0342818Z  Container frappe_docker-create-site-1  Started
2026-10-06T14:03:40.0415920Z  Container frappe_docker-db-1  Started
2026-10-06T14:03:43.0343435Z  Container frappe_docker-configurator-1  Exited
2026-10-06T14:03:43.0343823Z  Container frappe_docker-backend-1  Starting
2026-10-06T14:03:43.0344296Z  Container frappe_docker-configurator-1  Exited
2026-10-06T14:03:43.0344673Z  Container frappe_docker-scheduler-1  Starting
2026-10-06T14:03:43.0345088Z  Container frappe_docker-configurator-1  Exited
2026-10-06T14:03:43.0351329Z  Container frappe_docker-queue-short-1  Starting
2026-10-06T14:03:43.0351828Z  Container frappe_docker-configurator-1  Exited
2026-10-06T14:03:43.0352208Z  Container frappe_docker-queue-long-1  Starting
2026-10-06T14:03:43.0353172Z  Container frappe_docker-configurator-1  Exited
2026-10-06T14:03:43.0353531Z  Container frappe_docker-websocket-1  Starting
2026-10-06T14:03:43.2328728Z  Container frappe_docker-queue-long-1  Started
2026-10-06T14:03:43.2329443Z  Container frappe_docker-websocket-1  Started
2026-10-06T14:03:43.2345381Z  Container frappe_docker-scheduler-1  Started
2026-10-06T14:03:43.2361023Z  Container frappe_docker-backend-1  Started
2026-10-06T14:03:43.2361665Z  Container frappe_docker-frontend-1  Starting
2026-10-06T14:03:43.2955240Z  Container frappe_docker-queue-short-1  Started
2026-10-06T14:03:43.6100854Z  Container frappe_docker-frontend-1  Started
2026-10-06T14:04:23.8387131Z create-site completed successfully at 14:04:23
2026-10-06T14:04:23.9727406Z ERPNEXT_READY after 45s (create-site exit 0 + pong)
2026-10-06T14:04:24.0579169Z detected site: frontend
2026-10-06T14:04:24.1424572Z db_name raw match: "db_name": "_5e5899d8398b5f7b"
2026-10-06T14:04:24.1450021Z db: _5e5899d8398b5f7b
2026-10-06T14:04:24.7972174Z setup_complete written via SQL
2026-10-06T14:04:24.8865550Z setup_complete now: 1
2026-10-06T14:04:24.9747543Z installed_apps: erpnext=1 frappe=1 
2026-10-06T14:04:25.0696374Z language set to en
2026-10-06T14:04:27.4446795Z curl_login_http=200 body={"message":"Logged In","home_page":"/app/home","full_name":"Administrator"}
2026-10-06T14:04:27.5008767Z NAME                          IMAGE                     COMMAND                  SERVICE       CREATED          STATUS                    PORTS
2026-10-06T14:04:27.5010500Z frappe_docker-backend-1       frappe/erpnext:v15.99.1   "/home/frappe/frappe…"   backend       49 seconds ago   Up 44 seconds             
2026-10-06T14:04:27.5011070Z frappe_docker-db-1            mariadb:10.6              "docker-entrypoint.s…"   db            49 seconds ago   Up 48 seconds (healthy)   3306/tcp
2026-10-06T14:04:27.5016582Z frappe_docker-frontend-1      frappe/erpnext:v15.99.1   "nginx-entrypoint.sh"    frontend      49 seconds ago   Up 44 seconds             0.0.0.0:8080->8080/tcp, [::]:8080->8080/tcp
2026-10-06T14:04:27.5017241Z frappe_docker-queue-long-1    frappe/erpnext:v15.99.1   "bench worker --queu…"   queue-long    49 seconds ago   Up 44 seconds             
2026-10-06T14:04:27.5017783Z frappe_docker-queue-short-1   frappe/erpnext:v15.99.1   "bench worker --queu…"   queue-short   49 seconds ago   Up 44 seconds             
2026-10-06T14:04:27.5018338Z frappe_docker-redis-cache-1   redis:6.2-alpine          "docker-entrypoint.s…"   redis-cache   49 seconds ago   Up 48 seconds             6379/tcp
2026-10-06T14:04:27.5018913Z frappe_docker-redis-queue-1   redis:6.2-alpine          "docker-entrypoint.s…"   redis-queue   49 seconds ago   Up 48 seconds             6379/tcp
2026-10-06T14:04:27.5019391Z frappe_docker-scheduler-1     frappe/erpnext:v15.99.1   "bench schedule"         scheduler     49 seconds ago   Up 44 seconds             
2026-10-06T14:04:27.5019901Z frappe_docker-websocket-1     frappe/erpnext:v15.99.1   "node /home/frappe/f…"   websocket     49 seconds ago   Up 44 seconds             
2026-10-06T14:04:27.5060816Z === df -h after startup ===
2026-10-06T14:04:27.5074952Z Filesystem      Size  Used Avail Use% Mounted on
2026-10-06T14:04:27.5075258Z /dev/root       145G   30G  115G  21% /
2026-10-06T14:04:32.5131563Z ##[group]Run python3 -m venv .venv
2026-10-06T14:04:32.5131776Z [36;1mpython3 -m venv .venv[0m
2026-10-06T14:04:32.5132039Z [36;1m.venv/bin/pip install -q --upgrade pip[0m
2026-10-06T14:04:32.5132328Z [36;1m.venv/bin/pip install -q "playwright==1.52.0"[0m
2026-10-06T14:04:32.5132649Z [36;1m.venv/bin/python -m playwright install --with-deps chromium[0m
2026-10-06T14:04:32.5184145Z shell: /usr/bin/bash -e {0}
2026-10-06T14:04:32.5184295Z env:
2026-10-06T14:04:32.5184410Z   ERPNEXT_VERSION: v15.99.1
2026-10-06T14:04:32.5184551Z   FRAPPE_VERSION: version-15
2026-10-06T14:04:32.5184725Z   FRAPPE_DOCKER_SHA: f71a386bc13f75dcc0cf7462f025f531576a04fc
2026-10-06T14:04:32.5184916Z   ADMIN_PASSWORD: Smoke2026x!
2026-10-06T14:04:32.5185054Z   DB_PASSWORD: Smoke2026x!
2026-10-06T14:04:32.5185196Z   ERPNEXT_SITE: frontend
2026-10-06T14:04:32.5185454Z   GLM_API_KEY: ***
2026-10-06T14:04:32.5185629Z   GLM_API_KEY_2: ***
2026-10-06T14:04:32.5185799Z   GLM_API_KEY_3: ***
2026-10-06T14:04:32.5185989Z   GLM_API_KEY_4: ***
2026-10-06T14:04:32.5186149Z   GLM_API_KEY_5: ***
2026-10-06T14:04:32.5186314Z   GLM_API_KEY_6: ***
2026-10-06T14:04:32.5186433Z ##[endgroup]
2026-10-06T14:05:02.2352711Z Installing dependencies...
2026-10-06T14:05:02.2447652Z Switching to root user to install dependencies...
2026-10-06T14:05:02.3361245Z Get:1 file:/etc/apt/apt-mirrors.txt Mirrorlist [144 B]
2026-10-06T14:05:02.3589339Z Get:6 https://packages.microsoft.com/ubuntu/24.04/prod noble InRelease [3600 B]
2026-10-06T14:05:02.4106745Z Get:2 http://azure.archive.ubuntu.com/ubuntu noble InRelease [256 kB]
2026-10-06T14:05:02.4140026Z Get:3 http://azure.archive.ubuntu.com/ubuntu noble-updates InRelease [126 kB]
2026-10-06T14:05:02.4151520Z Get:4 http://azure.archive.ubuntu.com/ubuntu noble-backports InRelease [126 kB]
2026-10-06T14:05:02.4163697Z Get:5 http://azure.archive.ubuntu.com/ubuntu noble-security InRelease [126 kB]
2026-10-06T14:05:02.4738807Z Get:7 https://packages.microsoft.com/ubuntu/24.04/prod noble/main amd64 Packages [515 kB]
2026-10-06T14:05:02.4926220Z Get:8 https://packages.microsoft.com/ubuntu/24.04/prod noble/main armhf Packages [12.6 kB]
2026-10-06T14:05:02.5022063Z Get:9 https://packages.microsoft.com/ubuntu/24.04/prod noble/main arm64 Packages [458 kB]
2026-10-06T14:05:02.5093421Z Get:10 https://packages.microsoft.com/ubuntu/24.04/prod noble/main all Packages [643 B]
2026-10-06T14:05:02.5174051Z Get:11 http://azure.archive.ubuntu.com/ubuntu noble/main amd64 Packages [1401 kB]
2026-10-06T14:05:02.5243596Z Get:12 http://azure.archive.ubuntu.com/ubuntu noble/main Translation-en [513 kB]
2026-10-06T14:05:02.5255469Z Get:13 http://azure.archive.ubuntu.com/ubuntu noble/main amd64 c-n-f Metadata [30.5 kB]
2026-10-06T14:05:02.5264343Z Get:14 http://azure.archive.ubuntu.com/ubuntu noble/universe amd64 Packages [15.0 MB]
2026-10-06T14:05:02.6432180Z Get:15 http://azure.archive.ubuntu.com/ubuntu noble/universe Translation-en [5982 kB]
2026-10-06T14:05:02.6755915Z Get:16 http://azure.archive.ubuntu.com/ubuntu noble/universe amd64 c-n-f Metadata [301 kB]
2026-10-06T14:05:02.6850726Z Get:17 http://azure.archive.ubuntu.com/ubuntu noble/restricted amd64 Packages [93.9 kB]
2026-10-06T14:05:02.6860158Z Get:18 http://azure.archive.ubuntu.com/ubuntu noble/restricted Translation-en [18.7 kB]
2026-10-06T14:05:02.6866724Z Get:19 http://azure.archive.ubuntu.com/ubuntu noble/restricted amd64 c-n-f Metadata [416 B]
2026-10-06T14:05:02.6874249Z Get:20 http://azure.archive.ubuntu.com/ubuntu noble/multiverse amd64 Packages [269 kB]
2026-10-06T14:05:02.6887516Z Get:21 http://azure.archive.ubuntu.com/ubuntu noble/multiverse Translation-en [118 kB]
2026-10-06T14:05:02.7329955Z Get:22 http://azure.archive.ubuntu.com/ubuntu noble/multiverse amd64 c-n-f Metadata [8328 B]
2026-10-06T14:05:02.7338543Z Get:23 http://azure.archive.ubuntu.com/ubuntu noble-updates/main amd64 Packages [1370 kB]
2026-10-06T14:05:02.7383959Z Get:24 http://azure.archive.ubuntu.com/ubuntu noble-updates/main Translation-en [305 kB]
2026-10-06T14:05:02.7399589Z Get:25 http://azure.archive.ubuntu.com/ubuntu noble-updates/main amd64 c-n-f Metadata [17.7 kB]
2026-10-06T14:05:02.7409198Z Get:26 http://azure.archive.ubuntu.com/ubuntu noble-updates/universe amd64 Packages [1701 kB]
2026-10-06T14:05:02.7497476Z Get:27 http://azure.archive.ubuntu.com/ubuntu noble-updates/universe Translation-en [341 kB]
2026-10-06T14:05:02.7516475Z Get:28 http://azure.archive.ubuntu.com/ubuntu noble-updates/universe amd64 c-n-f Metadata [34.9 kB]
2026-10-06T14:05:02.7524236Z Get:29 http://azure.archive.ubuntu.com/ubuntu noble-updates/restricted amd64 Packages [1728 kB]
2026-10-06T14:05:02.7592106Z Get:30 http://azure.archive.ubuntu.com/ubuntu noble-updates/restricted Translation-en [395 kB]
2026-10-06T14:05:02.7602192Z Get:31 http://azure.archive.ubuntu.com/ubuntu noble-updates/restricted amd64 c-n-f Metadata [456 B]
2026-10-06T14:05:02.7608758Z Get:32 http://azure.archive.ubuntu.com/ubuntu noble-updates/multiverse amd64 Packages [45.7 kB]
2026-10-06T14:05:02.7619007Z Get:33 http://azure.archive.ubuntu.com/ubuntu noble-updates/multiverse Translation-en [13.3 kB]
2026-10-06T14:05:02.7624377Z Get:34 http://azure.archive.ubuntu.com/ubuntu noble-updates/multiverse amd64 c-n-f Metadata [656 B]
2026-10-06T14:05:02.7635643Z Get:35 http://azure.archive.ubuntu.com/ubuntu noble-backports/main amd64 Packages [40.6 kB]
2026-10-06T14:05:02.8092414Z Get:36 http://azure.archive.ubuntu.com/ubuntu noble-backports/main Translation-en [9172 B]
2026-10-06T14:05:02.8099521Z Get:37 http://azure.archive.ubuntu.com/ubuntu noble-backports/main amd64 c-n-f Metadata [368 B]
2026-10-06T14:05:02.8105692Z Get:38 http://azure.archive.ubuntu.com/ubuntu noble-backports/universe amd64 Packages [31.0 kB]
2026-10-06T14:05:02.8115181Z Get:39 http://azure.archive.ubuntu.com/ubuntu noble-backports/universe Translation-en [18.6 kB]
2026-10-06T14:05:02.8124572Z Get:40 http://azure.archive.ubuntu.com/ubuntu noble-backports/universe amd64 c-n-f Metadata [1588 B]
2026-10-06T14:05:02.8131510Z Get:41 http://azure.archive.ubuntu.com/ubuntu noble-backports/restricted amd64 c-n-f Metadata [116 B]
2026-10-06T14:05:02.8139849Z Get:42 http://azure.archive.ubuntu.com/ubuntu noble-backports/multiverse amd64 Packages [748 B]
2026-10-06T14:05:02.8147559Z Get:43 http://azure.archive.ubuntu.com/ubuntu noble-backports/multiverse Translation-en [340 B]
2026-10-06T14:05:02.8158404Z Get:44 http://azure.archive.ubuntu.com/ubuntu noble-backports/multiverse amd64 c-n-f Metadata [116 B]
2026-10-06T14:05:02.8167013Z Get:45 http://azure.archive.ubuntu.com/ubuntu noble-security/main amd64 Packages [1072 kB]
2026-10-06T14:05:02.8209857Z Get:46 http://azure.archive.ubuntu.com/ubuntu noble-security/main Translation-en [222 kB]
2026-10-06T14:05:02.8220480Z Get:47 http://azure.archive.ubuntu.com/ubuntu noble-security/main amd64 c-n-f Metadata [11.9 kB]
2026-10-06T14:05:02.8230681Z Get:48 http://azure.archive.ubuntu.com/ubuntu noble-security/universe amd64 Packages [1216 kB]
2026-10-06T14:05:02.8272317Z Get:49 http://azure.archive.ubuntu.com/ubuntu noble-security/universe Translation-en [244 kB]
2026-10-06T14:05:02.8293201Z Get:50 http://azure.archive.ubuntu.com/ubuntu noble-security/universe amd64 c-n-f Metadata [24.2 kB]
2026-10-06T14:05:02.8771957Z Get:51 http://azure.archive.ubuntu.com/ubuntu noble-security/restricted amd64 Packages [1566 kB]
2026-10-06T14:05:02.8841647Z Get:52 http://azure.archive.ubuntu.com/ubuntu noble-security/restricted Translation-en [361 kB]
2026-10-06T14:05:02.8861240Z Get:53 http://azure.archive.ubuntu.com/ubuntu noble-security/restricted amd64 c-n-f Metadata [444 B]
2026-10-06T14:05:02.8867587Z Get:54 http://azure.archive.ubuntu.com/ubuntu noble-security/multiverse amd64 Packages [40.3 kB]
2026-10-06T14:05:02.8875191Z Get:55 http://azure.archive.ubuntu.com/ubuntu noble-security/multiverse Translation-en [11.3 kB]
2026-10-06T14:05:02.8882312Z Get:56 http://azure.archive.ubuntu.com/ubuntu noble-security/multiverse amd64 c-n-f Metadata [468 B]
2026-10-06T14:05:09.1087230Z Fetched 36.2 MB in 2s (15.1 MB/s)
2026-10-06T14:05:09.6653419Z Reading package lists...
2026-10-06T14:05:09.6832642Z Reading package lists...
2026-10-06T14:05:09.8431626Z Building dependency tree...
2026-10-06T14:05:09.8436496Z Reading state information...
2026-10-06T14:05:09.9646330Z libasound2t64 is already the newest version (1.2.11-1ubuntu0.3).
2026-10-06T14:05:09.9646995Z libasound2t64 set to manually installed.
2026-10-06T14:05:09.9647456Z libatk-bridge2.0-0t64 is already the newest version (2.52.0-1build1).
2026-10-06T14:05:09.9647830Z libatk-bridge2.0-0t64 set to manually installed.
2026-10-06T14:05:09.9648172Z libatk1.0-0t64 is already the newest version (2.52.0-1build1).
2026-10-06T14:05:09.9648497Z libatk1.0-0t64 set to manually installed.
2026-10-06T14:05:09.9648817Z libatspi2.0-0t64 is already the newest version (2.52.0-1build1).
2026-10-06T14:05:09.9649187Z libatspi2.0-0t64 set to manually installed.
2026-10-06T14:05:09.9649490Z libcairo2 is already the newest version (1.18.0-3build1).
2026-10-06T14:05:09.9649815Z libcairo2 set to manually installed.
2026-10-06T14:05:09.9650150Z libcups2t64 is already the newest version (2.4.7-1.2ubuntu7.14).
2026-10-06T14:05:09.9650498Z libcups2t64 set to manually installed.
2026-10-06T14:05:09.9650808Z libdbus-1-3 is already the newest version (1.14.10-4ubuntu4.1).
2026-10-06T14:05:09.9651153Z libdbus-1-3 set to manually installed.
2026-10-06T14:05:09.9651494Z libdrm2 is already the newest version (2.4.125-1ubuntu0.1~24.04.2).
2026-10-06T14:05:09.9651845Z libdrm2 set to manually installed.
2026-10-06T14:05:09.9652128Z libgbm1 is already the newest version (25.2.8-0ubuntu0.24.04.4).
2026-10-06T14:05:09.9652728Z libgbm1 set to manually installed.
2026-10-06T14:05:09.9653094Z libglib2.0-0t64 is already the newest version (2.80.0-6ubuntu3.9).
2026-10-06T14:05:09.9653492Z libglib2.0-0t64 set to manually installed.
2026-10-06T14:05:09.9654428Z libnspr4 is already the newest version (2:4.35-1.1build1).
2026-10-06T14:05:09.9654765Z libnspr4 set to manually installed.
2026-10-06T14:05:09.9655064Z libnss3 is already the newest version (2:3.98-1ubuntu0.2).
2026-10-06T14:05:09.9655398Z libnss3 set to manually installed.
2026-10-06T14:05:09.9655733Z libpango-1.0-0 is already the newest version (1.52.1+ds-1build1).
2026-10-06T14:05:09.9656091Z libpango-1.0-0 set to manually installed.
2026-10-06T14:05:09.9656416Z libx11-6 is already the newest version (2:1.8.7-1build1).
2026-10-06T14:05:09.9656733Z libx11-6 set to manually installed.
2026-10-06T14:05:09.9657034Z libxcb1 is already the newest version (1.15-1ubuntu2).
2026-10-06T14:05:09.9657345Z libxcb1 set to manually installed.
2026-10-06T14:05:09.9657669Z libxcomposite1 is already the newest version (1:0.4.5-1build3).
2026-10-06T14:05:09.9658035Z libxcomposite1 set to manually installed.
2026-10-06T14:05:09.9658358Z libxdamage1 is already the newest version (1:1.1.6-1build1).
2026-10-06T14:05:09.9658695Z libxdamage1 set to manually installed.
2026-10-06T14:05:09.9659003Z libxext6 is already the newest version (2:1.3.4-1build2).
2026-10-06T14:05:09.9659343Z libxext6 set to manually installed.
2026-10-06T14:05:09.9659667Z libxfixes3 is already the newest version (1:6.0.0-2build1).
2026-10-06T14:05:09.9659995Z libxfixes3 set to manually installed.
2026-10-06T14:05:09.9660324Z libxkbcommon0 is already the newest version (1.6.0-1build1).
2026-10-06T14:05:09.9660712Z libxkbcommon0 set to manually installed.
2026-10-06T14:05:09.9661378Z libxrandr2 is already the newest version (2:1.5.2-2build1).
2026-10-06T14:05:09.9661792Z libxrandr2 set to manually installed.
2026-10-06T14:05:09.9662392Z xvfb is already the newest version (2:21.1.12-1ubuntu1.8).
2026-10-06T14:05:09.9663007Z fonts-noto-color-emoji is already the newest version (2.047-0ubuntu0.24.04.1).
2026-10-06T14:05:09.9663521Z libfontconfig1 is already the newest version (2.15.0-1.1ubuntu2).
2026-10-06T14:05:09.9663877Z libfontconfig1 set to manually installed.
2026-10-06T14:05:09.9664369Z libfreetype6 is already the newest version (2.13.2+dfsg-1ubuntu0.1).
2026-10-06T14:05:09.9664733Z libfreetype6 set to manually installed.
2026-10-06T14:05:09.9665529Z fonts-liberation is already the newest version (1:2.1.5-3).
2026-10-06T14:05:09.9665953Z fonts-liberation set to manually installed.
2026-10-06T14:05:09.9666330Z The following additional packages will be installed:
2026-10-06T14:05:09.9666702Z   xfonts-encodings xfonts-utils
2026-10-06T14:05:09.9667220Z Recommended packages:
2026-10-06T14:05:09.9667973Z   fonts-ipafont-mincho fonts-tlwg-loma
2026-10-06T14:05:09.9777139Z The following NEW packages will be installed:
2026-10-06T14:05:09.9777582Z   fonts-freefont-ttf fonts-ipafont-gothic fonts-tlwg-loma-otf fonts-unifont
2026-10-06T14:05:09.9780358Z   fonts-wqy-zenhei xfonts-cyrillic xfonts-encodings xfonts-scalable
2026-10-06T14:05:09.9780841Z   xfonts-utils
2026-10-06T14:05:09.9916348Z 0 upgraded, 9 newly installed, 0 to remove and 9 not upgraded.
2026-10-06T14:05:09.9916847Z Need to get 21.1 MB of archives.
2026-10-06T14:05:09.9917574Z After this operation, 79.5 MB of additional disk space will be used.
2026-10-06T14:05:09.9918235Z Get:1 file:/etc/apt/apt-mirrors.txt Mirrorlist [144 B]
2026-10-06T14:05:10.0655789Z Get:2 http://azure.archive.ubuntu.com/ubuntu noble/universe amd64 fonts-ipafont-gothic all 00303-21ubuntu1 [3513 kB]
2026-10-06T14:05:10.1374888Z Get:3 http://azure.archive.ubuntu.com/ubuntu noble/main amd64 fonts-freefont-ttf all 20211204+svn4273-2 [5641 kB]
2026-10-06T14:05:10.2576769Z Get:4 http://azure.archive.ubuntu.com/ubuntu noble/universe amd64 fonts-tlwg-loma-otf all 1:0.7.3-1 [107 kB]
2026-10-06T14:05:10.2896574Z Get:5 http://azure.archive.ubuntu.com/ubuntu noble/universe amd64 fonts-unifont all 1:15.1.01-1build1 [2993 kB]
2026-10-06T14:05:10.3538919Z Get:6 http://azure.archive.ubuntu.com/ubuntu noble/universe amd64 fonts-wqy-zenhei all 0.9.45-8 [7472 kB]
2026-10-06T14:05:10.4588879Z Get:7 http://azure.archive.ubuntu.com/ubuntu noble/main amd64 xfonts-encodings all 1:1.0.5-0ubuntu2 [578 kB]
2026-10-06T14:05:10.4929573Z Get:8 http://azure.archive.ubuntu.com/ubuntu noble/main amd64 xfonts-utils amd64 1:7.7+6build3 [94.4 kB]
2026-10-06T14:05:10.5299662Z Get:9 http://azure.archive.ubuntu.com/ubuntu noble/universe amd64 xfonts-cyrillic all 1:1.0.5+nmu1 [384 kB]
2026-10-06T14:05:10.5680620Z Get:10 http://azure.archive.ubuntu.com/ubuntu noble/main amd64 xfonts-scalable all 1:1.0.3-1.3 [304 kB]
2026-10-06T14:05:10.7799641Z Fetched 21.1 MB in 1s (36.0 MB/s)
2026-10-06T14:05:10.8193816Z Selecting previously unselected package fonts-ipafont-gothic.
2026-10-06T14:05:10.8691620Z (Reading database ... 
2026-10-06T14:05:10.8691926Z (Reading database ... 5%
2026-10-06T14:05:10.8692196Z (Reading database ... 10%
2026-10-06T14:05:10.8692430Z (Reading database ... 15%
2026-10-06T14:05:10.8692947Z (Reading database ... 20%
2026-10-06T14:05:10.8693275Z (Reading database ... 25%
2026-10-06T14:05:10.8693638Z (Reading database ... 30%
2026-10-06T14:05:10.8694133Z (Reading database ... 35%
2026-10-06T14:05:10.8694276Z (Reading database ... 40%
2026-10-06T14:05:10.8694684Z (Reading database ... 45%
2026-10-06T14:05:10.8694826Z (Reading database ... 50%
2026-10-06T14:05:10.9144168Z (Reading database ... 55%
2026-10-06T14:05:11.3538894Z (Reading database ... 60%
2026-10-06T14:05:11.6784721Z (Reading database ... 65%
2026-10-06T14:05:12.0038752Z (Reading database ... 70%
2026-10-06T14:05:12.4057139Z (Reading database ... 75%
2026-10-06T14:05:12.8445124Z (Reading database ... 80%
2026-10-06T14:05:13.3683977Z (Reading database ... 85%
2026-10-06T14:05:13.9358341Z (Reading database ... 90%
2026-10-06T14:05:14.6164318Z (Reading database ... 95%
2026-10-06T14:05:14.6164635Z (Reading database ... 100%
2026-10-06T14:05:14.6164951Z (Reading database ... 203191 files and directories currently installed.)
2026-10-06T14:05:14.6203997Z Preparing to unpack .../0-fonts-ipafont-gothic_00303-21ubuntu1_all.deb ...
2026-10-06T14:05:14.6280356Z Unpacking fonts-ipafont-gothic (00303-21ubuntu1) ...
2026-10-06T14:05:14.8487505Z Selecting previously unselected package fonts-freefont-ttf.
2026-10-06T14:05:14.8586237Z Preparing to unpack .../1-fonts-freefont-ttf_20211204+svn4273-2_all.deb ...
2026-10-06T14:05:14.8591571Z Unpacking fonts-freefont-ttf (20211204+svn4273-2) ...
2026-10-06T14:05:14.9485264Z Selecting previously unselected package fonts-tlwg-loma-otf.
2026-10-06T14:05:14.9583696Z Preparing to unpack .../2-fonts-tlwg-loma-otf_1%3a0.7.3-1_all.deb ...
2026-10-06T14:05:14.9589248Z Unpacking fonts-tlwg-loma-otf (1:0.7.3-1) ...
2026-10-06T14:05:14.9816343Z Selecting previously unselected package fonts-unifont.
2026-10-06T14:05:14.9935059Z Preparing to unpack .../3-fonts-unifont_1%3a15.1.01-1build1_all.deb ...
2026-10-06T14:05:14.9941294Z Unpacking fonts-unifont (1:15.1.01-1build1) ...
2026-10-06T14:05:15.1855387Z Selecting previously unselected package fonts-wqy-zenhei.
2026-10-06T14:05:15.1953562Z Preparing to unpack .../4-fonts-wqy-zenhei_0.9.45-8_all.deb ...
2026-10-06T14:05:15.2036709Z Unpacking fonts-wqy-zenhei (0.9.45-8) ...
2026-10-06T14:05:15.6451559Z Selecting previously unselected package xfonts-encodings.
2026-10-06T14:05:15.6549695Z Preparing to unpack .../5-xfonts-encodings_1%3a1.0.5-0ubuntu2_all.deb ...
2026-10-06T14:05:15.6556151Z Unpacking xfonts-encodings (1:1.0.5-0ubuntu2) ...
2026-10-06T14:05:15.6778735Z Selecting previously unselected package xfonts-utils.
2026-10-06T14:05:15.6882805Z Preparing to unpack .../6-xfonts-utils_1%3a7.7+6build3_amd64.deb ...
2026-10-06T14:05:15.6889468Z Unpacking xfonts-utils (1:7.7+6build3) ...
2026-10-06T14:05:15.7629429Z Selecting previously unselected package xfonts-cyrillic.
2026-10-06T14:05:15.7727425Z Preparing to unpack .../7-xfonts-cyrillic_1%3a1.0.5+nmu1_all.deb ...
2026-10-06T14:05:15.7734180Z Unpacking xfonts-cyrillic (1:1.0.5+nmu1) ...
2026-10-06T14:05:15.8001000Z Selecting previously unselected package xfonts-scalable.
2026-10-06T14:05:15.8099994Z Preparing to unpack .../8-xfonts-scalable_1%3a1.0.3-1.3_all.deb ...
2026-10-06T14:05:15.8107280Z Unpacking xfonts-scalable (1:1.0.3-1.3) ...
2026-10-06T14:05:15.8466273Z Setting up fonts-wqy-zenhei (0.9.45-8) ...
2026-10-06T14:05:15.8558115Z Setting up fonts-freefont-ttf (20211204+svn4273-2) ...
2026-10-06T14:05:15.8573327Z Setting up fonts-tlwg-loma-otf (1:0.7.3-1) ...
2026-10-06T14:05:15.8586695Z Setting up xfonts-encodings (1:1.0.5-0ubuntu2) ...
2026-10-06T14:05:15.8600469Z Setting up fonts-ipafont-gothic (00303-21ubuntu1) ...
2026-10-06T14:05:15.8649460Z update-alternatives: using /usr/share/fonts/opentype/ipafont-gothic/ipag.ttf to provide /usr/share/fonts/truetype/fonts-japanese-gothic.ttf (fonts-japanese-gothic.ttf) in auto mode
2026-10-06T14:05:15.8662409Z Setting up fonts-unifont (1:15.1.01-1build1) ...
2026-10-06T14:05:15.8677039Z Setting up xfonts-utils (1:7.7+6build3) ...
2026-10-06T14:05:15.8710559Z Setting up xfonts-cyrillic (1:1.0.5+nmu1) ...
2026-10-06T14:05:15.9015663Z Setting up xfonts-scalable (1:1.0.3-1.3) ...
2026-10-06T14:05:15.9284435Z Processing triggers for man-db (2.12.0-4build2) ...
2026-10-06T14:05:15.9302929Z Not building database; man-db/auto-update is not 'true'.
2026-10-06T14:05:15.9315569Z Processing triggers for fontconfig (2.15.0-1.1ubuntu2) ...
2026-10-06T14:05:17.1921634Z 
2026-10-06T14:05:17.1922264Z Running kernel seems to be up-to-date.
2026-10-06T14:05:17.1922593Z 
2026-10-06T14:05:17.1922682Z No services need to be restarted.
2026-10-06T14:05:17.1922826Z 
2026-10-06T14:05:17.1922916Z No containers need to be restarted.
2026-10-06T14:05:17.1923061Z 
2026-10-06T14:05:17.1923173Z No user sessions are running outdated binaries.
2026-10-06T14:05:17.1923345Z 
2026-10-06T14:05:17.1923502Z No VM guests are running outdated hypervisor (qemu) binaries on this host.
2026-10-06T14:05:17.9988915Z Downloading Chromium 136.0.7103.25 (playwright build v1169) from https://cdn.playwright.dev/dbazure/download/playwright/builds/chromium/1169/chromium-linux.zip
2026-10-06T14:05:18.1946508Z |                                                                                |   0% of 167.7 MiB
2026-10-06T14:05:18.4251667Z |■■■■■■■■                                                                        |  10% of 167.7 MiB
2026-10-06T14:05:18.5313477Z |■■■■■■■■■■■■■■■■                                                                |  20% of 167.7 MiB
2026-10-06T14:05:18.6474550Z |■■■■■■■■■■■■■■■■■■■■■■■■                                                        |  30% of 167.7 MiB
2026-10-06T14:05:18.7400395Z |■■■■■■■■■■■■■■■■■■■■■■■■■■■■■■■■                                                |  40% of 167.7 MiB
2026-10-06T14:05:18.8516080Z |■■■■■■■■■■■■■■■■■■■■■■■■■■■■■■■■■■■■■■■■                                        |  50% of 167.7 MiB
2026-10-06T14:05:18.9448891Z |■■■■■■■■■■■■■■■■■■■■■■■■■■■■■■■■■■■■■■■■■■■■■■■■                                |  60% of 167.7 MiB
2026-10-06T14:05:19.0397878Z |■■■■■■■■■■■■■■■■■■■■■■■■■■■■■■■■■■■■■■■■■■■■■■■■■■■■■■■■                        |  70% of 167.7 MiB
2026-10-06T14:05:19.1422078Z |■■■■■■■■■■■■■■■■■■■■■■■■■■■■■■■■■■■■■■■■■■■■■■■■■■■■■■■■■■■■■■■■                |  80% of 167.7 MiB
2026-10-06T14:05:19.2190288Z |■■■■■■■■■■■■■■■■■■■■■■■■■■■■■■■■■■■■■■■■■■■■■■■■■■■■■■■■■■■■■■■■■■■■■■■■        |  90% of 167.7 MiB
2026-10-06T14:05:19.3190328Z |■■■■■■■■■■■■■■■■■■■■■■■■■■■■■■■■■■■■■■■■■■■■■■■■■■■■■■■■■■■■■■■■■■■■■■■■■■■■■■■■| 100% of 167.7 MiB
2026-10-06T14:05:21.3395699Z Chromium 136.0.7103.25 (playwright build v1169) downloaded to /home/runner/.cache/ms-playwright/chromium-1169
2026-10-06T14:05:21.3397732Z Downloading FFMPEG playwright build v1011 from https://cdn.playwright.dev/dbazure/download/playwright/builds/ffmpeg/1011/ffmpeg-linux.zip
2026-10-06T14:05:21.4835924Z |                                                                                |   0% of 2.3 MiB
2026-10-06T14:05:21.5032953Z |■■■■■■■■                                                                        |  10% of 2.3 MiB
2026-10-06T14:05:21.5155406Z |■■■■■■■■■■■■■■■■                                                                |  20% of 2.3 MiB
2026-10-06T14:05:21.5239216Z |■■■■■■■■■■■■■■■■■■■■■■■■                                                        |  30% of 2.3 MiB
2026-10-06T14:05:21.5302296Z |■■■■■■■■■■■■■■■■■■■■■■■■■■■■■■■■                                                |  40% of 2.3 MiB
2026-10-06T14:05:21.5378538Z |■■■■■■■■■■■■■■■■■■■■■■■■■■■■■■■■■■■■■■■■                                        |  50% of 2.3 MiB
2026-10-06T14:05:21.5404250Z |■■■■■■■■■■■■■■■■■■■■■■■■■■■■■■■■■■■■■■■■■■■■■■■■                                |  60% of 2.3 MiB
2026-10-06T14:05:21.5599681Z |■■■■■■■■■■■■■■■■■■■■■■■■■■■■■■■■■■■■■■■■■■■■■■■■■■■■■■■■                        |  70% of 2.3 MiB
2026-10-06T14:05:21.5613714Z |■■■■■■■■■■■■■■■■■■■■■■■■■■■■■■■■■■■■■■■■■■■■■■■■■■■■■■■■■■■■■■■■                |  80% of 2.3 MiB
2026-10-06T14:05:21.5668486Z |■■■■■■■■■■■■■■■■■■■■■■■■■■■■■■■■■■■■■■■■■■■■■■■■■■■■■■■■■■■■■■■■■■■■■■■■        |  90% of 2.3 MiB
2026-10-06T14:05:21.6019681Z |■■■■■■■■■■■■■■■■■■■■■■■■■■■■■■■■■■■■■■■■■■■■■■■■■■■■■■■■■■■■■■■■■■■■■■■■■■■■■■■■| 100% of 2.3 MiB
2026-10-06T14:05:21.6351170Z FFMPEG playwright build v1011 downloaded to /home/runner/.cache/ms-playwright/ffmpeg-1011
2026-10-06T14:05:21.6352720Z Downloading Chromium Headless Shell 136.0.7103.25 (playwright build v1169) from https://cdn.playwright.dev/dbazure/download/playwright/builds/chromium/1169/chromium-headless-shell-linux.zip
2026-10-06T14:05:21.7956468Z |                                                                                |   0% of 101.4 MiB
2026-10-06T14:05:21.9669214Z |■■■■■■■■                                                                        |  10% of 101.4 MiB
2026-10-06T14:05:22.0118517Z |■■■■■■■■■■■■■■■■                                                                |  20% of 101.4 MiB
2026-10-06T14:05:22.0596629Z |■■■■■■■■■■■■■■■■■■■■■■■■                                                        |  30% of 101.4 MiB
2026-10-06T14:05:22.1189511Z |■■■■■■■■■■■■■■■■■■■■■■■■■■■■■■■■                                                |  40% of 101.4 MiB
2026-10-06T14:05:22.1992602Z |■■■■■■■■■■■■■■■■■■■■■■■■■■■■■■■■■■■■■■■■                                        |  50% of 101.4 MiB
2026-10-06T14:05:22.2741141Z |■■■■■■■■■■■■■■■■■■■■■■■■■■■■■■■■■■■■■■■■■■■■■■■■                                |  60% of 101.4 MiB
2026-10-06T14:05:22.3492053Z |■■■■■■■■■■■■■■■■■■■■■■■■■■■■■■■■■■■■■■■■■■■■■■■■■■■■■■■■                        |  70% of 101.4 MiB
2026-10-06T14:05:22.4425193Z |■■■■■■■■■■■■■■■■■■■■■■■■■■■■■■■■■■■■■■■■■■■■■■■■■■■■■■■■■■■■■■■■                |  80% of 101.4 MiB
2026-10-06T14:05:22.4978824Z |■■■■■■■■■■■■■■■■■■■■■■■■■■■■■■■■■■■■■■■■■■■■■■■■■■■■■■■■■■■■■■■■■■■■■■■■        |  90% of 101.4 MiB
2026-10-06T14:05:22.6018575Z |■■■■■■■■■■■■■■■■■■■■■■■■■■■■■■■■■■■■■■■■■■■■■■■■■■■■■■■■■■■■■■■■■■■■■■■■■■■■■■■■| 100% of 101.4 MiB
2026-10-06T14:05:23.8192689Z Chromium Headless Shell 136.0.7103.25 (playwright build v1169) downloaded to /home/runner/.cache/ms-playwright/chromium_headless_shell-1169
2026-10-06T14:05:24.1209554Z ##[group]Run FAM="F03"
2026-10-06T14:05:24.1209728Z [36;1mFAM="F03"[0m
2026-10-06T14:05:24.1209855Z [36;1mINST="1"[0m
2026-10-06T14:05:24.1210164Z [36;1mmkdir -p "runs/${FAM}-I${INST}"[0m
2026-10-06T14:05:24.1210335Z [36;1mfor COND in N P C; do[0m
2026-10-06T14:05:24.1210487Z [36;1m  for M in TMC R2 R3; do[0m
2026-10-06T14:05:24.1210646Z [36;1m    echo "=== $FAM $COND $M ==="[0m
2026-10-06T14:05:24.1210813Z [36;1m    bash fixtures/restore_base.sh[0m
2026-10-06T14:05:24.1210992Z [36;1m    .venv/bin/python harness/runner.py \[0m
2026-10-06T14:05:24.1211213Z [36;1m      --task "tasks/formal/${FAM}/${FAM}-${COND}-${INST}.json" \[0m
2026-10-06T14:05:24.1211449Z [36;1m      --method "$M" --out-dir "runs/${FAM}-I${INST}" \[0m
2026-10-06T14:05:24.1211659Z [36;1m      || echo "RUN_FAILED ${FAM}-${COND}-${INST} ${M}"[0m
2026-10-06T14:05:24.1211834Z [36;1m  done[0m
2026-10-06T14:05:24.1211948Z [36;1mdone[0m
2026-10-06T14:05:24.1262112Z shell: /usr/bin/bash -e {0}
2026-10-06T14:05:24.1262298Z env:
2026-10-06T14:05:24.1262421Z   ERPNEXT_VERSION: v15.99.1
2026-10-06T14:05:24.1262748Z   FRAPPE_VERSION: version-15
2026-10-06T14:05:24.1262943Z   FRAPPE_DOCKER_SHA: f71a386bc13f75dcc0cf7462f025f531576a04fc
2026-10-06T14:05:24.1263146Z   ADMIN_PASSWORD: Smoke2026x!
2026-10-06T14:05:24.1263288Z   DB_PASSWORD: Smoke2026x!
2026-10-06T14:05:24.1263423Z   ERPNEXT_SITE: frontend
2026-10-06T14:05:24.1263668Z   GLM_API_KEY: ***
2026-10-06T14:05:24.1263851Z   GLM_API_KEY_2: ***
2026-10-06T14:05:24.1264021Z   GLM_API_KEY_3: ***
2026-10-06T14:05:24.1264194Z   GLM_API_KEY_4: ***
2026-10-06T14:05:24.1264363Z   GLM_API_KEY_5: ***
2026-10-06T14:05:24.1264544Z   GLM_API_KEY_6: ***
2026-10-06T14:05:24.1264671Z ##[endgroup]
2026-10-06T14:05:24.1341687Z === F03 N TMC ===
2026-10-06T14:05:24.1380816Z restore: site=frontend db=_5e5899d8398b5f7b
2026-10-06T14:05:29.2957957Z restore: /login http=200
2026-10-06T14:05:29.2958278Z BASE_RESTORED
2026-10-06T14:05:29.3671396Z Traceback (most recent call last):
2026-10-06T14:05:29.3672110Z   File "/home/runner/work/erpnext-tmc-external-validation/erpnext-tmc-external-validation/harness/runner.py", line 160, in <module>
2026-10-06T14:05:29.3672896Z     sys.exit(main())
2026-10-06T14:05:29.3673080Z              ^^^^^^
2026-10-06T14:05:29.3673549Z   File "/home/runner/work/erpnext-tmc-external-validation/erpnext-tmc-external-validation/harness/runner.py", line 112, in main
2026-10-06T14:05:29.3674097Z     task = json.load(open(a.task, encoding="utf-8"))
2026-10-06T14:05:29.3674381Z                      ^^^^^^^^^^^^^^^^^^^^^^^^^^^^^^
2026-10-06T14:05:29.3674752Z FileNotFoundError: [Errno 2] No such file or directory: 'tasks/formal/F03/F03-N-1.json'
2026-10-06T14:05:29.3824500Z RUN_FAILED F03-N-1 TMC
2026-10-06T14:05:29.3824774Z === F03 N R2 ===
2026-10-06T14:05:29.3867297Z restore: site=frontend db=_5e5899d8398b5f7b
2026-10-06T14:05:35.3215136Z restore: /login http=200
2026-10-06T14:05:35.3215421Z BASE_RESTORED
2026-10-06T14:05:35.3871569Z Traceback (most recent call last):
2026-10-06T14:05:35.3872251Z   File "/home/runner/work/erpnext-tmc-external-validation/erpnext-tmc-external-validation/harness/runner.py", line 160, in <module>
2026-10-06T14:05:35.3873162Z     sys.exit(main())
2026-10-06T14:05:35.3873676Z              ^^^^^^
2026-10-06T14:05:35.3874460Z   File "/home/runner/work/erpnext-tmc-external-validation/erpnext-tmc-external-validation/harness/runner.py", line 112, in main
2026-10-06T14:05:35.3874900Z     task = json.load(open(a.task, encoding="utf-8"))
2026-10-06T14:05:35.3875347Z                      ^^^^^^^^^^^^^^^^^^^^^^^^^^^^^^
2026-10-06T14:05:35.3875968Z FileNotFoundError: [Errno 2] No such file or directory: 'tasks/formal/F03/F03-N-1.json'
2026-10-06T14:05:35.3989327Z RUN_FAILED F03-N-1 R2
2026-10-06T14:05:35.3989832Z === F03 N R3 ===
2026-10-06T14:05:35.4031456Z restore: site=frontend db=_5e5899d8398b5f7b
2026-10-06T14:05:40.5501037Z restore: /login http=200
2026-10-06T14:05:40.5501300Z BASE_RESTORED
2026-10-06T14:05:40.6158589Z Traceback (most recent call last):
2026-10-06T14:05:40.6159285Z   File "/home/runner/work/erpnext-tmc-external-validation/erpnext-tmc-external-validation/harness/runner.py", line 160, in <module>
2026-10-06T14:05:40.6159863Z     sys.exit(main())
2026-10-06T14:05:40.6160058Z              ^^^^^^
2026-10-06T14:05:40.6160527Z   File "/home/runner/work/erpnext-tmc-external-validation/erpnext-tmc-external-validation/harness/runner.py", line 112, in main
2026-10-06T14:05:40.6161084Z     task = json.load(open(a.task, encoding="utf-8"))
2026-10-06T14:05:40.6161366Z                      ^^^^^^^^^^^^^^^^^^^^^^^^^^^^^^
2026-10-06T14:05:40.6161757Z FileNotFoundError: [Errno 2] No such file or directory: 'tasks/formal/F03/F03-N-1.json'
2026-10-06T14:05:40.6286635Z RUN_FAILED F03-N-1 R3
2026-10-06T14:05:40.6286896Z === F03 P TMC ===
2026-10-06T14:05:40.6329411Z restore: site=frontend db=_5e5899d8398b5f7b
2026-10-06T14:05:45.9878136Z restore: /login http=200
2026-10-06T14:05:45.9878491Z BASE_RESTORED
2026-10-06T14:05:46.0549371Z Traceback (most recent call last):
2026-10-06T14:05:46.0549928Z   File "/home/runner/work/erpnext-tmc-external-validation/erpnext-tmc-external-validation/harness/runner.py", line 160, in <module>
2026-10-06T14:05:46.0550370Z     sys.exit(main())
2026-10-06T14:05:46.0550596Z              ^^^^^^
2026-10-06T14:05:46.0550953Z   File "/home/runner/work/erpnext-tmc-external-validation/erpnext-tmc-external-validation/harness/runner.py", line 112, in main
2026-10-06T14:05:46.0551316Z     task = json.load(open(a.task, encoding="utf-8"))
2026-10-06T14:05:46.0551501Z                      ^^^^^^^^^^^^^^^^^^^^^^^^^^^^^^
2026-10-06T14:05:46.0551797Z FileNotFoundError: [Errno 2] No such file or directory: 'tasks/formal/F03/F03-P-1.json'
2026-10-06T14:05:46.0671344Z RUN_FAILED F03-P-1 TMC
2026-10-06T14:05:46.0671567Z === F03 P R2 ===
2026-10-06T14:05:46.0715520Z restore: site=frontend db=_5e5899d8398b5f7b
2026-10-06T14:05:50.9163394Z restore: /login http=200
2026-10-06T14:05:50.9163643Z BASE_RESTORED
2026-10-06T14:05:50.9868814Z Traceback (most recent call last):
2026-10-06T14:05:50.9869492Z   File "/home/runner/work/erpnext-tmc-external-validation/erpnext-tmc-external-validation/harness/runner.py", line 160, in <module>
2026-10-06T14:05:50.9872885Z     sys.exit(main())
2026-10-06T14:05:50.9892994Z              ^^^^^^
2026-10-06T14:05:50.9893352Z   File "/home/runner/work/erpnext-tmc-external-validation/erpnext-tmc-external-validation/harness/runner.py", line 112, in main
2026-10-06T14:05:50.9893711Z     task = json.load(open(a.task, encoding="utf-8"))
2026-10-06T14:05:50.9893894Z                      ^^^^^^^^^^^^^^^^^^^^^^^^^^^^^^
2026-10-06T14:05:50.9894150Z FileNotFoundError: [Errno 2] No such file or directory: 'tasks/formal/F03/F03-P-1.json'
2026-10-06T14:05:51.0013559Z RUN_FAILED F03-P-1 R2
2026-10-06T14:05:51.0013965Z === F03 P R3 ===
2026-10-06T14:05:51.0058083Z restore: site=frontend db=_5e5899d8398b5f7b
2026-10-06T14:05:57.0974755Z restore: /login http=200
2026-10-06T14:05:57.0975096Z BASE_RESTORED
2026-10-06T14:05:57.1634126Z Traceback (most recent call last):
2026-10-06T14:05:57.1634781Z   File "/home/runner/work/erpnext-tmc-external-validation/erpnext-tmc-external-validation/harness/runner.py", line 160, in <module>
2026-10-06T14:05:57.1635786Z     sys.exit(main())
2026-10-06T14:05:57.1635980Z              ^^^^^^
2026-10-06T14:05:57.1636443Z   File "/home/runner/work/erpnext-tmc-external-validation/erpnext-tmc-external-validation/harness/runner.py", line 112, in main
2026-10-06T14:05:57.1636983Z     task = json.load(open(a.task, encoding="utf-8"))
2026-10-06T14:05:57.1637266Z                      ^^^^^^^^^^^^^^^^^^^^^^^^^^^^^^
2026-10-06T14:05:57.1637599Z FileNotFoundError: [Errno 2] No such file or directory: 'tasks/formal/F03/F03-P-1.json'
2026-10-06T14:05:57.1764230Z RUN_FAILED F03-P-1 R3
2026-10-06T14:05:57.1764453Z === F03 C TMC ===
2026-10-06T14:05:57.1808672Z restore: site=frontend db=_5e5899d8398b5f7b
2026-10-06T14:06:02.2845671Z restore: /login http=200
2026-10-06T14:06:02.2845962Z BASE_RESTORED
2026-10-06T14:06:02.3475801Z Traceback (most recent call last):
2026-10-06T14:06:02.3476404Z   File "/home/runner/work/erpnext-tmc-external-validation/erpnext-tmc-external-validation/harness/runner.py", line 160, in <module>
2026-10-06T14:06:02.3476778Z     sys.exit(main())
2026-10-06T14:06:02.3476911Z              ^^^^^^
2026-10-06T14:06:02.3477204Z   File "/home/runner/work/erpnext-tmc-external-validation/erpnext-tmc-external-validation/harness/runner.py", line 112, in main
2026-10-06T14:06:02.3477551Z     task = json.load(open(a.task, encoding="utf-8"))
2026-10-06T14:06:02.3477736Z                      ^^^^^^^^^^^^^^^^^^^^^^^^^^^^^^
2026-10-06T14:06:02.3477983Z FileNotFoundError: [Errno 2] No such file or directory: 'tasks/formal/F03/F03-C-1.json'
2026-10-06T14:06:02.3584720Z RUN_FAILED F03-C-1 TMC
2026-10-06T14:06:02.3584950Z === F03 C R2 ===
2026-10-06T14:06:02.3627043Z restore: site=frontend db=_5e5899d8398b5f7b
2026-10-06T14:06:06.7665514Z restore: /login http=200
2026-10-06T14:06:06.7665741Z BASE_RESTORED
2026-10-06T14:06:06.8302251Z Traceback (most recent call last):
2026-10-06T14:06:06.8302822Z   File "/home/runner/work/erpnext-tmc-external-validation/erpnext-tmc-external-validation/harness/runner.py", line 160, in <module>
2026-10-06T14:06:06.8303168Z     sys.exit(main())
2026-10-06T14:06:06.8303467Z              ^^^^^^
2026-10-06T14:06:06.8303916Z   File "/home/runner/work/erpnext-tmc-external-validation/erpnext-tmc-external-validation/harness/runner.py", line 112, in main
2026-10-06T14:06:06.8304351Z     task = json.load(open(a.task, encoding="utf-8"))
2026-10-06T14:06:06.8304675Z                      ^^^^^^^^^^^^^^^^^^^^^^^^^^^^^^
2026-10-06T14:06:06.8305075Z FileNotFoundError: [Errno 2] No such file or directory: 'tasks/formal/F03/F03-C-1.json'
2026-10-06T14:06:06.8412691Z RUN_FAILED F03-C-1 R2
2026-10-06T14:06:06.8412916Z === F03 C R3 ===
2026-10-06T14:06:06.8455604Z restore: site=frontend db=_5e5899d8398b5f7b
2026-10-06T14:06:11.6266538Z restore: /login http=200
2026-10-06T14:06:11.6266759Z BASE_RESTORED
2026-10-06T14:06:11.6931485Z Traceback (most recent call last):
2026-10-06T14:06:11.6932117Z   File "/home/runner/work/erpnext-tmc-external-validation/erpnext-tmc-external-validation/harness/runner.py", line 160, in <module>
2026-10-06T14:06:11.6932828Z     sys.exit(main())
2026-10-06T14:06:11.6933023Z              ^^^^^^
2026-10-06T14:06:11.6933481Z   File "/home/runner/work/erpnext-tmc-external-validation/erpnext-tmc-external-validation/harness/runner.py", line 112, in main
2026-10-06T14:06:11.6934020Z     task = json.load(open(a.task, encoding="utf-8"))
2026-10-06T14:06:11.6934300Z                      ^^^^^^^^^^^^^^^^^^^^^^^^^^^^^^
2026-10-06T14:06:11.6934676Z FileNotFoundError: [Errno 2] No such file or directory: 'tasks/formal/F03/F03-C-1.json'
2026-10-06T14:06:11.7084563Z RUN_FAILED F03-C-1 R3
2026-10-06T14:06:11.7176342Z ##[group]Run actions/upload-artifact@v4
2026-10-06T14:06:11.7176517Z with:
2026-10-06T14:06:11.7176643Z   name: formal-F03-I1
2026-10-06T14:06:11.7176772Z   path: runs/
2026-10-06T14:06:11.7176896Z   retention-days: 30
2026-10-06T14:06:11.7177029Z   if-no-files-found: warn
2026-10-06T14:06:11.7177170Z   compression-level: 6
2026-10-06T14:06:11.7177297Z   overwrite: false
2026-10-06T14:06:11.7177577Z   include-hidden-files: false
2026-10-06T14:06:11.7177716Z env:
2026-10-06T14:06:11.7177830Z   ERPNEXT_VERSION: v15.99.1
2026-10-06T14:06:11.7177977Z   FRAPPE_VERSION: version-15
2026-10-06T14:06:11.7178159Z   FRAPPE_DOCKER_SHA: f71a386bc13f75dcc0cf7462f025f531576a04fc
2026-10-06T14:06:11.7178367Z   ADMIN_PASSWORD: Smoke2026x!
2026-10-06T14:06:11.7178510Z   DB_PASSWORD: Smoke2026x!
2026-10-06T14:06:11.7178648Z   ERPNEXT_SITE: frontend
2026-10-06T14:06:11.7178889Z   GLM_API_KEY: ***
2026-10-06T14:06:11.7179070Z   GLM_API_KEY_2: ***
2026-10-06T14:06:11.7179244Z   GLM_API_KEY_3: ***
2026-10-06T14:06:11.7179433Z   GLM_API_KEY_4: ***
2026-10-06T14:06:11.7179605Z   GLM_API_KEY_5: ***
2026-10-06T14:06:11.7179791Z   GLM_API_KEY_6: ***
2026-10-06T14:06:11.7179913Z ##[endgroup]
2026-10-06T14:06:11.8220700Z (node:8093) [DEP0040] DeprecationWarning: The `punycode` module is deprecated. Please use a userland alternative instead.
2026-10-06T14:06:11.8221374Z (Use `node --trace-deprecation ...` to show where the warning was created)
2026-10-06T14:06:11.8281918Z ##[warning]No files were found with the provided path: runs/. No artifacts will be uploaded.
2026-10-06T14:06:11.8492954Z Post job cleanup.
2026-10-06T14:06:11.9107283Z [command]/usr/bin/git version
2026-10-06T14:06:11.9140378Z git version 2.55.0
2026-10-06T14:06:11.9162750Z Temporarily overriding HOME='/home/runner/work/_temp/8de94b64-7868-46cd-8884-75804be5000b' before making global git config changes
2026-10-06T14:06:11.9164169Z Adding repository directory to the temporary git global config as a safe directory
2026-10-06T14:06:11.9166455Z [command]/usr/bin/git config --global --add safe.directory /home/runner/work/erpnext-tmc-external-validation/erpnext-tmc-external-validation
2026-10-06T14:06:11.9197638Z [command]/usr/bin/git config --local --name-only --get-regexp core\.sshCommand
2026-10-06T14:06:11.9228336Z [command]/usr/bin/git submodule foreach --recursive sh -c "git config --local --name-only --get-regexp 'core\.sshCommand' && git config --local --unset-all 'core.sshCommand' || :"
2026-10-06T14:06:11.9427649Z [command]/usr/bin/git config --local --name-only --get-regexp http\.https\:\/\/github\.com\/\.extraheader
2026-10-06T14:06:11.9452025Z http.https://github.com/.extraheader
2026-10-06T14:06:11.9470820Z [command]/usr/bin/git config --local --unset-all http.https://github.com/.extraheader
2026-10-06T14:06:11.9501725Z [command]/usr/bin/git submodule foreach --recursive sh -c "git config --local --name-only --get-regexp 'http\.https\:\/\/github\.com\/\.extraheader' && git config --local --unset-all 'http.https://github.com/.extraheader' || :"
2026-10-06T14:06:11.9708634Z [command]/usr/bin/git config --local --name-only --get-regexp ^includeIf\.gitdir:
2026-10-06T14:06:11.9738480Z [command]/usr/bin/git submodule foreach --recursive git config --local --show-origin --name-only --get-regexp remote.origin.url
2026-10-06T14:06:12.0048825Z Cleaning up orphan processes
2026-10-06T14:06:12.0313114Z Terminate orphan process: pid (2271) (bash)
2026-10-06T14:06:12.0446862Z Terminate orphan process: pid (8008) (sleep)
2026-10-06T14:06:12.0452783Z ##[warning]Node.js 20 is deprecated. The following actions target Node.js 20 but are being forced to run on Node.js 24: actions/checkout@v4, actions/upload-artifact@v4. For more information see: https://github.blog/changelog/2025-09-19-deprecation-of-node-20-on-github-actions-runners/
