2026-10-06T15:40:10.7591791Z Current runner version: '2.337.0'
2026-10-06T15:40:10.7617890Z ##[group]Runner Image Provisioner
2026-10-06T15:40:10.7618876Z Hosted Compute Agent
2026-10-06T15:40:10.7619594Z Version: 20261002.596
2026-10-06T15:40:10.7620338Z Commit: c3d12f3313a95f25162a1503be624f3b0617f8c0
2026-10-06T15:40:10.7621130Z Build Date: 2026-10-02T22:28:27Z
2026-10-06T15:40:10.7622026Z Worker ID: {ed80dc60-7e7a-4973-9470-2aa2b4b1c18b}
2026-10-06T15:40:10.7622816Z Region: westus
2026-10-06T15:40:10.7623474Z Cloud: Azure
2026-10-06T15:40:10.7624349Z ##[endgroup]
2026-10-06T15:40:10.7626181Z ##[group]Operating System
2026-10-06T15:40:10.7626945Z Ubuntu
2026-10-06T15:40:10.7627507Z 24.04.5
2026-10-06T15:40:10.7628176Z LTS
2026-10-06T15:40:10.7628774Z ##[endgroup]
2026-10-06T15:40:10.7629465Z ##[group]Runner Image
2026-10-06T15:40:10.7630188Z Image: ubuntu-24.04
2026-10-06T15:40:10.7631303Z Version: 20261004.327.1
2026-10-06T15:40:10.7632758Z Included Software: https://github.com/actions/runner-images/blob/ubuntu24/20261004.327/images/ubuntu/Ubuntu2404-Readme.md
2026-10-06T15:40:10.7634867Z Image Release: https://github.com/actions/runner-images/releases/tag/ubuntu24%2F20261004.327
2026-10-06T15:40:10.7635958Z ##[endgroup]
2026-10-06T15:40:10.7637240Z ##[group]GITHUB_TOKEN Permissions
2026-10-06T15:40:10.7639583Z Contents: read
2026-10-06T15:40:10.7640254Z Metadata: read
2026-10-06T15:40:10.7640876Z ##[endgroup]
2026-10-06T15:40:10.7643083Z Secret source: Actions
2026-10-06T15:40:10.7644630Z Cache mode: write
2026-10-06T15:40:10.7645671Z Prepare workflow directory
2026-10-06T15:40:10.8191024Z Prepare all required actions
2026-10-06T15:40:10.8239045Z Getting action download info
2026-10-06T15:40:11.2496609Z Download action repository 'actions/checkout@v4' (SHA:11d5960a326750d5838078e36cf38b85af677262)
2026-10-06T15:40:11.3356232Z Download action repository 'actions/upload-artifact@v4' (SHA:ea165f8d65b6e75b540449e92b4886f43607fa02)
2026-10-06T15:40:11.5359251Z Complete job name: formal (F03, 1)
2026-10-06T15:40:11.6096683Z ##[group]Run actions/checkout@v4
2026-10-06T15:40:11.6097646Z with:
2026-10-06T15:40:11.6098268Z   repository: Ctrl-CV-Master/erpnext-tmc-external-validation
2026-10-06T15:40:11.6102593Z   token: ***
2026-10-06T15:40:11.6103073Z   ssh-strict: true
2026-10-06T15:40:11.6103550Z   ssh-user: git
2026-10-06T15:40:11.6104237Z   persist-credentials: true
2026-10-06T15:40:11.6104779Z   clean: true
2026-10-06T15:40:11.6105280Z   sparse-checkout-cone-mode: true
2026-10-06T15:40:11.6105843Z   fetch-depth: 1
2026-10-06T15:40:11.6106317Z   fetch-tags: false
2026-10-06T15:40:11.6106803Z   show-progress: true
2026-10-06T15:40:11.6107287Z   lfs: false
2026-10-06T15:40:11.6107740Z   submodules: false
2026-10-06T15:40:11.6108233Z   set-safe-directory: true
2026-10-06T15:40:11.6108774Z   allow-unsafe-pr-checkout: false
2026-10-06T15:40:11.6109688Z env:
2026-10-06T15:40:11.6110162Z   ERPNEXT_VERSION: v15.99.1
2026-10-06T15:40:11.6110718Z   FRAPPE_VERSION: version-15
2026-10-06T15:40:11.6111414Z   FRAPPE_DOCKER_SHA: f71a386bc13f75dcc0cf7462f025f531576a04fc
2026-10-06T15:40:11.6112151Z   ADMIN_PASSWORD: Smoke2026x!
2026-10-06T15:40:11.6112704Z   DB_PASSWORD: Smoke2026x!
2026-10-06T15:40:11.6113229Z   ERPNEXT_SITE: frontend
2026-10-06T15:40:11.6113971Z   GLM_API_KEY: ***
2026-10-06T15:40:11.6114862Z   GLM_API_KEY_2: ***
2026-10-06T15:40:11.6115492Z   GLM_API_KEY_3: ***
2026-10-06T15:40:11.6116124Z   GLM_API_KEY_4: ***
2026-10-06T15:40:11.6116765Z   GLM_API_KEY_5: ***
2026-10-06T15:40:11.6117403Z   GLM_API_KEY_6: ***
2026-10-06T15:40:11.6117881Z ##[endgroup]
2026-10-06T15:40:11.7135181Z Syncing repository: Ctrl-CV-Master/erpnext-tmc-external-validation
2026-10-06T15:40:11.7138145Z ##[group]Getting Git version info
2026-10-06T15:40:11.7139863Z Working directory is '/home/runner/work/erpnext-tmc-external-validation/erpnext-tmc-external-validation'
2026-10-06T15:40:11.7142242Z [command]/usr/bin/git version
2026-10-06T15:40:11.7191417Z git version 2.55.0
2026-10-06T15:40:11.7214547Z ##[endgroup]
2026-10-06T15:40:11.7230212Z Temporarily overriding HOME='/home/runner/work/_temp/e05a1fd4-4eee-41b7-9c45-7653506dd588' before making global git config changes
2026-10-06T15:40:11.7232927Z Adding repository directory to the temporary git global config as a safe directory
2026-10-06T15:40:11.7237900Z [command]/usr/bin/git config --global --add safe.directory /home/runner/work/erpnext-tmc-external-validation/erpnext-tmc-external-validation
2026-10-06T15:40:11.7302576Z Deleting the contents of '/home/runner/work/erpnext-tmc-external-validation/erpnext-tmc-external-validation'
2026-10-06T15:40:11.7312180Z ##[group]Initializing the repository
2026-10-06T15:40:11.7321632Z [command]/usr/bin/git init /home/runner/work/erpnext-tmc-external-validation/erpnext-tmc-external-validation
2026-10-06T15:40:11.7421025Z hint: Using 'master' as the name for the initial branch. This default branch name
2026-10-06T15:40:11.7423123Z hint: will change to "main" in Git 3.0. To configure the initial branch name
2026-10-06T15:40:11.7425211Z hint: to use in all of your new repositories, which will suppress this warning,
2026-10-06T15:40:11.7426872Z hint: call:
2026-10-06T15:40:11.7427751Z hint:
2026-10-06T15:40:11.7428825Z hint: 	git config --global init.defaultBranch <name>
2026-10-06T15:40:11.7430056Z hint:
2026-10-06T15:40:11.7431655Z hint: Names commonly chosen instead of 'master' are 'main', 'trunk' and
2026-10-06T15:40:11.7433491Z hint: 'development'. The just-created branch can be renamed via this command:
2026-10-06T15:40:11.7435125Z hint:
2026-10-06T15:40:11.7435892Z hint: 	git branch -m <name>
2026-10-06T15:40:11.7436777Z hint:
2026-10-06T15:40:11.7438003Z hint: Disable this message with "git config set advice.defaultBranchName false"
2026-10-06T15:40:11.7440155Z Initialized empty Git repository in /home/runner/work/erpnext-tmc-external-validation/erpnext-tmc-external-validation/.git/
2026-10-06T15:40:11.7444927Z [command]/usr/bin/git remote add origin https://github.com/Ctrl-CV-Master/erpnext-tmc-external-validation
2026-10-06T15:40:11.7495683Z ##[endgroup]
2026-10-06T15:40:11.7497126Z ##[group]Disabling automatic garbage collection
2026-10-06T15:40:11.7500359Z [command]/usr/bin/git config --local gc.auto 0
2026-10-06T15:40:11.7536885Z ##[endgroup]
2026-10-06T15:40:11.7538372Z ##[group]Setting up auth
2026-10-06T15:40:11.7545442Z [command]/usr/bin/git config --local --name-only --get-regexp core\.sshCommand
2026-10-06T15:40:11.7580408Z [command]/usr/bin/git submodule foreach --recursive sh -c "git config --local --name-only --get-regexp 'core\.sshCommand' && git config --local --unset-all 'core.sshCommand' || :"
2026-10-06T15:40:11.8029001Z [command]/usr/bin/git config --local --name-only --get-regexp http\.https\:\/\/github\.com\/\.extraheader
2026-10-06T15:40:11.8070850Z [command]/usr/bin/git submodule foreach --recursive sh -c "git config --local --name-only --get-regexp 'http\.https\:\/\/github\.com\/\.extraheader' && git config --local --unset-all 'http.https://github.com/.extraheader' || :"
2026-10-06T15:40:11.8320651Z [command]/usr/bin/git config --local --name-only --get-regexp ^includeIf\.gitdir:
2026-10-06T15:40:11.8363156Z [command]/usr/bin/git submodule foreach --recursive git config --local --show-origin --name-only --get-regexp remote.origin.url
2026-10-06T15:40:11.8623964Z [command]/usr/bin/git config --local http.https://github.com/.extraheader AUTHORIZATION: basic ***
2026-10-06T15:40:11.8669375Z ##[endgroup]
2026-10-06T15:40:11.8670915Z ##[group]Fetching the repository
2026-10-06T15:40:11.8682206Z [command]/usr/bin/git -c protocol.version=2 fetch --no-tags --prune --no-recurse-submodules --depth=1 origin +876e821c54e063f6de227c031853104ab814ef24:refs/remotes/origin/main
2026-10-06T15:40:12.4214490Z From https://github.com/Ctrl-CV-Master/erpnext-tmc-external-validation
2026-10-06T15:40:12.4215954Z  * [new ref]         876e821c54e063f6de227c031853104ab814ef24 -> origin/main
2026-10-06T15:40:12.4219969Z ##[endgroup]
2026-10-06T15:40:12.4221668Z ##[group]Determining the checkout info
2026-10-06T15:40:12.4223434Z ##[endgroup]
2026-10-06T15:40:12.4229072Z [command]/usr/bin/git sparse-checkout disable
2026-10-06T15:40:12.4283451Z [command]/usr/bin/git config --local --unset-all extensions.worktreeConfig
2026-10-06T15:40:12.4318633Z ##[group]Checking out the ref
2026-10-06T15:40:12.4323038Z [command]/usr/bin/git checkout --progress --force -B main refs/remotes/origin/main
2026-10-06T15:40:12.4488199Z Switched to a new branch 'main'
2026-10-06T15:40:12.4494406Z branch 'main' set up to track 'origin/main'.
2026-10-06T15:40:12.4501891Z ##[endgroup]
2026-10-06T15:40:12.4546284Z [command]/usr/bin/git log -1 --format=%H
2026-10-06T15:40:12.4574479Z 876e821c54e063f6de227c031853104ab814ef24
2026-10-06T15:40:12.4817856Z ##[group]Run F="F03"
2026-10-06T15:40:12.4818566Z [36;1mF="F03"[0m
2026-10-06T15:40:12.4819103Z [36;1mWANT=""[0m
2026-10-06T15:40:12.4819663Z [36;1mif [ -n "$WANT" ]; then[0m
2026-10-06T15:40:12.4820294Z [36;1m  case ",$WANT," in[0m
2026-10-06T15:40:12.4820969Z [36;1m    *",$F,"*) echo "run=true" >> "$GITHUB_OUTPUT";;[0m
2026-10-06T15:40:12.4821766Z [36;1m    *) echo "run=false" >> "$GITHUB_OUTPUT";;[0m
2026-10-06T15:40:12.4822468Z [36;1m  esac[0m
2026-10-06T15:40:12.4822970Z [36;1melse[0m
2026-10-06T15:40:12.4823528Z [36;1m  echo "run=true" >> "$GITHUB_OUTPUT"[0m
2026-10-06T15:40:12.4824493Z [36;1mfi[0m
2026-10-06T15:40:12.5081794Z shell: /usr/bin/bash -e {0}
2026-10-06T15:40:12.5082558Z env:
2026-10-06T15:40:12.5083160Z   ERPNEXT_VERSION: v15.99.1
2026-10-06T15:40:12.5083888Z   FRAPPE_VERSION: version-15
2026-10-06T15:40:12.5085019Z   FRAPPE_DOCKER_SHA: f71a386bc13f75dcc0cf7462f025f531576a04fc
2026-10-06T15:40:12.5086030Z   ADMIN_PASSWORD: Smoke2026x!
2026-10-06T15:40:12.5086828Z   DB_PASSWORD: Smoke2026x!
2026-10-06T15:40:12.5087526Z   ERPNEXT_SITE: frontend
2026-10-06T15:40:12.5088522Z   GLM_API_KEY: ***
2026-10-06T15:40:12.5089364Z   GLM_API_KEY_2: ***
2026-10-06T15:40:12.5090204Z   GLM_API_KEY_3: ***
2026-10-06T15:40:12.5091051Z   GLM_API_KEY_4: ***
2026-10-06T15:40:12.5091904Z   GLM_API_KEY_5: ***
2026-10-06T15:40:12.5092657Z   GLM_API_KEY_6: ***
2026-10-06T15:40:12.5093210Z ##[endgroup]
2026-10-06T15:40:12.5367926Z ##[group]Run bash scripts/cleanup_runner_disk.sh normal
2026-10-06T15:40:12.5368829Z [36;1mbash scripts/cleanup_runner_disk.sh normal[0m
2026-10-06T15:40:12.5433419Z shell: /usr/bin/bash -e {0}
2026-10-06T15:40:12.5434272Z env:
2026-10-06T15:40:12.5434803Z   ERPNEXT_VERSION: v15.99.1
2026-10-06T15:40:12.5435411Z   FRAPPE_VERSION: version-15
2026-10-06T15:40:12.5436123Z   FRAPPE_DOCKER_SHA: f71a386bc13f75dcc0cf7462f025f531576a04fc
2026-10-06T15:40:12.5436929Z   ADMIN_PASSWORD: Smoke2026x!
2026-10-06T15:40:12.5437533Z   DB_PASSWORD: Smoke2026x!
2026-10-06T15:40:12.5438110Z   ERPNEXT_SITE: frontend
2026-10-06T15:40:12.5438936Z   GLM_API_KEY: ***
2026-10-06T15:40:12.5439667Z   GLM_API_KEY_2: ***
2026-10-06T15:40:12.5440373Z   GLM_API_KEY_3: ***
2026-10-06T15:40:12.5441065Z   GLM_API_KEY_4: ***
2026-10-06T15:40:12.5441762Z   GLM_API_KEY_5: ***
2026-10-06T15:40:12.5442450Z   GLM_API_KEY_6: ***
2026-10-06T15:40:12.5442971Z ##[endgroup]
2026-10-06T15:40:12.5559992Z === df -h before cleanup ===
2026-10-06T15:40:12.5579503Z Filesystem      Size  Used Avail Use% Mounted on
2026-10-06T15:40:12.5580524Z /dev/root       145G   59G   86G  41% /
2026-10-06T15:40:30.0657040Z removing /usr/local/lib/android                        12G
2026-10-06T15:40:55.2388242Z removing /usr/share/dotnet                             5.8G
2026-10-06T15:40:59.6876618Z removing /usr/local/.ghcup                             3.7G
2026-10-06T15:41:08.0583143Z removing /opt/hostedtoolcache/CodeQL                   1.4G
2026-10-06T15:41:11.0829885Z removing /usr/share/swift                              3.5G
2026-10-06T15:41:20.9380297Z removing /usr/share/miniconda                          980M
2026-10-06T15:41:30.1482469Z removing /opt/hostedtoolcache/go                       799M
2026-10-06T15:41:35.9374438Z removing /opt/hostedtoolcache/PyPy                     523M
2026-10-06T15:41:37.0967235Z removing /usr/share/gradle-9.8.0                       165M
2026-10-06T15:41:37.2065898Z removing /usr/share/kotlinc                            94M
2026-10-06T15:41:38.0903723Z removing /usr/lib/jvm                                  1.5G
2026-10-06T15:41:50.6877491Z removing /opt/pipx                                     500M
2026-10-06T15:41:53.5950476Z removing /usr/share/mysql                              9.5M
2026-10-06T15:41:53.6122056Z removing /var/lib/mysql                                4.0K
2026-10-06T15:42:01.4642930Z === df -h after cleanup ===
2026-10-06T15:42:01.4653089Z Filesystem      Size  Used Avail Use% Mounted on
2026-10-06T15:42:01.4653948Z /dev/root       145G   27G  118G  19% /
2026-10-06T15:42:01.4732956Z ##[group]Run bash smoke/start_erpnext.sh
2026-10-06T15:42:01.4733321Z [36;1mbash smoke/start_erpnext.sh[0m
2026-10-06T15:42:01.4796867Z shell: /usr/bin/bash -e {0}
2026-10-06T15:42:01.4797190Z env:
2026-10-06T15:42:01.4797422Z   ERPNEXT_VERSION: v15.99.1
2026-10-06T15:42:01.4797719Z   FRAPPE_VERSION: version-15
2026-10-06T15:42:01.4798088Z   FRAPPE_DOCKER_SHA: f71a386bc13f75dcc0cf7462f025f531576a04fc
2026-10-06T15:42:01.4798512Z   ADMIN_PASSWORD: Smoke2026x!
2026-10-06T15:42:01.4798796Z   DB_PASSWORD: Smoke2026x!
2026-10-06T15:42:01.4799078Z   ERPNEXT_SITE: frontend
2026-10-06T15:42:01.4799716Z   GLM_API_KEY: ***
2026-10-06T15:42:01.4800072Z   GLM_API_KEY_2: ***
2026-10-06T15:42:01.4800465Z   GLM_API_KEY_3: ***
2026-10-06T15:42:01.4800846Z   GLM_API_KEY_4: ***
2026-10-06T15:42:01.4801188Z   GLM_API_KEY_5: ***
2026-10-06T15:42:01.4801535Z   GLM_API_KEY_6: ***
2026-10-06T15:42:01.4801780Z ##[endgroup]
2026-10-06T15:42:02.4231083Z 3:    image: frappe/erpnext:v15.99.1
2026-10-06T15:42:02.4231703Z 22:    image: frappe/erpnext:v15.99.1
2026-10-06T15:42:02.4232174Z 51:    image: frappe/erpnext:v15.99.1
2026-10-06T15:42:02.4232596Z 111:    image: frappe/erpnext:v15.99.1
2026-10-06T15:42:02.4232992Z 138:    image: frappe/erpnext:v15.99.1
2026-10-06T15:42:02.4233384Z 160:    image: frappe/erpnext:v15.99.1
2026-10-06T15:42:02.4233774Z 200:    image: frappe/erpnext:v15.99.1
2026-10-06T15:42:02.4234495Z 217:    image: frappe/erpnext:v15.99.1
2026-10-06T15:42:02.4257398Z [15:42:02] pulling pinned images ...
2026-10-06T15:42:39.2105913Z  dfc4cfbee500 Pull complete 
2026-10-06T15:42:39.2106903Z  4f4fb700ef54 Extracting [==================================================>]      32B/32B
2026-10-06T15:42:39.2108190Z  4f4fb700ef54 Extracting [==================================================>]      32B/32B
2026-10-06T15:42:39.2109373Z  4f4fb700ef54 Pull complete 
2026-10-06T15:42:39.2110403Z  backend Pulled 
2026-10-06T15:42:39.2255177Z mariadb:10.6	309MB
2026-10-06T15:42:39.2255547Z redis:6.2-alpine	27.8MB
2026-10-06T15:42:39.2255867Z frappe/erpnext:v15.99.1	2.27GB
2026-10-06T15:42:39.2856383Z === df -h after image pull ===
2026-10-06T15:42:39.2869893Z Filesystem      Size  Used Avail Use% Mounted on
2026-10-06T15:42:39.2870602Z /dev/root       145G   30G  116G  21% /
2026-10-06T15:42:39.3034688Z [15:42:39] starting stack ...
2026-10-06T15:42:39.3832775Z  Network frappe_docker_frappe_network  Creating
2026-10-06T15:42:39.4228310Z  Network frappe_docker_frappe_network  Created
2026-10-06T15:42:39.4239230Z  Volume "frappe_docker_logs"  Creating
2026-10-06T15:42:39.4251552Z  Volume "frappe_docker_logs"  Created
2026-10-06T15:42:39.4255883Z  Volume "frappe_docker_redis-queue-data"  Creating
2026-10-06T15:42:39.4263406Z  Volume "frappe_docker_redis-queue-data"  Created
2026-10-06T15:42:39.4267204Z  Volume "frappe_docker_db-data"  Creating
2026-10-06T15:42:39.4279586Z  Volume "frappe_docker_db-data"  Created
2026-10-06T15:42:39.4282371Z  Volume "frappe_docker_sites"  Creating
2026-10-06T15:42:39.4294801Z  Volume "frappe_docker_sites"  Created
2026-10-06T15:42:39.4300071Z  Container frappe_docker-redis-queue-1  Creating
2026-10-06T15:42:39.4300775Z  Container frappe_docker-redis-cache-1  Creating
2026-10-06T15:42:39.4301428Z  Container frappe_docker-create-site-1  Creating
2026-10-06T15:42:39.4302085Z  Container frappe_docker-configurator-1  Creating
2026-10-06T15:42:39.4302783Z  Container frappe_docker-db-1  Creating
2026-10-06T15:42:39.4796376Z  Container frappe_docker-redis-queue-1  Created
2026-10-06T15:42:39.4797398Z  Container frappe_docker-redis-cache-1  Created
2026-10-06T15:42:39.4798388Z  Container frappe_docker-db-1  Created
2026-10-06T15:42:39.4945566Z  Container frappe_docker-configurator-1  Created
2026-10-06T15:42:39.4946575Z  Container frappe_docker-queue-long-1  Creating
2026-10-06T15:42:39.4948718Z  Container frappe_docker-backend-1  Creating
2026-10-06T15:42:39.4949727Z  Container frappe_docker-queue-short-1  Creating
2026-10-06T15:42:39.4960474Z  Container frappe_docker-websocket-1  Creating
2026-10-06T15:42:39.4961720Z  Container frappe_docker-scheduler-1  Creating
2026-10-06T15:42:39.5515413Z  Container frappe_docker-create-site-1  Created
2026-10-06T15:42:39.5722174Z  Container frappe_docker-queue-long-1  Created
2026-10-06T15:42:39.5724871Z  Container frappe_docker-websocket-1  Created
2026-10-06T15:42:39.5725714Z  Container frappe_docker-queue-short-1  Created
2026-10-06T15:42:39.5726412Z  Container frappe_docker-scheduler-1  Created
2026-10-06T15:42:39.5737912Z  Container frappe_docker-backend-1  Created
2026-10-06T15:42:39.5738499Z  Container frappe_docker-frontend-1  Creating
2026-10-06T15:42:39.6026446Z  Container frappe_docker-frontend-1  Created
2026-10-06T15:42:39.6069370Z  Container frappe_docker-redis-queue-1  Starting
2026-10-06T15:42:39.6070152Z  Container frappe_docker-redis-cache-1  Starting
2026-10-06T15:42:39.6075641Z  Container frappe_docker-configurator-1  Starting
2026-10-06T15:42:39.6076449Z  Container frappe_docker-create-site-1  Starting
2026-10-06T15:42:39.6076821Z  Container frappe_docker-db-1  Starting
2026-10-06T15:42:39.9230681Z  Container frappe_docker-redis-cache-1  Started
2026-10-06T15:42:39.9422237Z  Container frappe_docker-configurator-1  Started
2026-10-06T15:42:39.9423278Z  Container frappe_docker-configurator-1  Waiting
2026-10-06T15:42:39.9424496Z  Container frappe_docker-redis-queue-1  Started
2026-10-06T15:42:39.9425430Z  Container frappe_docker-configurator-1  Waiting
2026-10-06T15:42:39.9426300Z  Container frappe_docker-configurator-1  Waiting
2026-10-06T15:42:39.9427286Z  Container frappe_docker-configurator-1  Waiting
2026-10-06T15:42:39.9428147Z  Container frappe_docker-configurator-1  Waiting
2026-10-06T15:42:39.9524552Z  Container frappe_docker-create-site-1  Started
2026-10-06T15:42:39.9598555Z  Container frappe_docker-db-1  Started
2026-10-06T15:42:44.4486991Z  Container frappe_docker-configurator-1  Exited
2026-10-06T15:42:44.4496149Z  Container frappe_docker-websocket-1  Starting
2026-10-06T15:42:44.4499227Z  Container frappe_docker-configurator-1  Exited
2026-10-06T15:42:44.4499942Z  Container frappe_docker-scheduler-1  Starting
2026-10-06T15:42:44.4500585Z  Container frappe_docker-configurator-1  Exited
2026-10-06T15:42:44.4501222Z  Container frappe_docker-queue-long-1  Starting
2026-10-06T15:42:44.4501870Z  Container frappe_docker-configurator-1  Exited
2026-10-06T15:42:44.4502492Z  Container frappe_docker-backend-1  Starting
2026-10-06T15:42:44.4503117Z  Container frappe_docker-configurator-1  Exited
2026-10-06T15:42:44.4503733Z  Container frappe_docker-queue-short-1  Starting
2026-10-06T15:42:44.6931028Z  Container frappe_docker-queue-short-1  Started
2026-10-06T15:42:44.7225723Z  Container frappe_docker-backend-1  Started
2026-10-06T15:42:44.7854761Z  Container frappe_docker-scheduler-1  Started
2026-10-06T15:42:44.8199915Z  Container frappe_docker-websocket-1  Started
2026-10-06T15:42:44.8200679Z  Container frappe_docker-frontend-1  Starting
2026-10-06T15:42:44.8722748Z  Container frappe_docker-queue-long-1  Started
2026-10-06T15:42:45.1402737Z  Container frappe_docker-frontend-1  Started
2026-10-06T15:43:49.4763013Z create-site completed successfully at 15:43:49
2026-10-06T15:43:49.6154367Z ERPNEXT_READY after 70s (create-site exit 0 + pong)
2026-10-06T15:43:49.7324541Z detected site: frontend
2026-10-06T15:43:49.8496613Z db_name raw match: "db_name": "_5e5899d8398b5f7b"
2026-10-06T15:43:49.8527821Z db: _5e5899d8398b5f7b
2026-10-06T15:43:50.7423942Z setup_complete written via SQL
2026-10-06T15:43:50.8681717Z setup_complete now: 1
2026-10-06T15:43:50.9893648Z installed_apps: erpnext=1 frappe=1 
2026-10-06T15:43:51.1105726Z language set to en
2026-10-06T15:43:54.5786851Z curl_login_http=200 body={"message":"Logged In","home_page":"/app/home","full_name":"Administrator"}
2026-10-06T15:43:54.6610633Z NAME                          IMAGE                     COMMAND                  SERVICE       CREATED              STATUS                        PORTS
2026-10-06T15:43:54.6612871Z frappe_docker-backend-1       frappe/erpnext:v15.99.1   "/home/frappe/frappe…"   backend       About a minute ago   Up About a minute             
2026-10-06T15:43:54.6614014Z frappe_docker-db-1            mariadb:10.6              "docker-entrypoint.s…"   db            About a minute ago   Up About a minute (healthy)   3306/tcp
2026-10-06T15:43:54.6619908Z frappe_docker-frontend-1      frappe/erpnext:v15.99.1   "nginx-entrypoint.sh"    frontend      About a minute ago   Up About a minute             0.0.0.0:8080->8080/tcp, [::]:8080->8080/tcp
2026-10-06T15:43:54.6621233Z frappe_docker-queue-long-1    frappe/erpnext:v15.99.1   "bench worker --queu…"   queue-long    About a minute ago   Up About a minute             
2026-10-06T15:43:54.6622314Z frappe_docker-queue-short-1   frappe/erpnext:v15.99.1   "bench worker --queu…"   queue-short   About a minute ago   Up About a minute             
2026-10-06T15:43:54.6623402Z frappe_docker-redis-cache-1   redis:6.2-alpine          "docker-entrypoint.s…"   redis-cache   About a minute ago   Up About a minute             6379/tcp
2026-10-06T15:43:54.6624820Z frappe_docker-redis-queue-1   redis:6.2-alpine          "docker-entrypoint.s…"   redis-queue   About a minute ago   Up About a minute             6379/tcp
2026-10-06T15:43:54.6625778Z frappe_docker-scheduler-1     frappe/erpnext:v15.99.1   "bench schedule"         scheduler     About a minute ago   Up About a minute             
2026-10-06T15:43:54.6626804Z frappe_docker-websocket-1     frappe/erpnext:v15.99.1   "node /home/frappe/f…"   websocket     About a minute ago   Up About a minute             
2026-10-06T15:43:54.6676407Z === df -h after startup ===
2026-10-06T15:43:54.6693514Z Filesystem      Size  Used Avail Use% Mounted on
2026-10-06T15:43:54.6694342Z /dev/root       145G   30G  115G  21% /
2026-10-06T15:43:59.6770160Z ##[group]Run python3 -m venv .venv
2026-10-06T15:43:59.6770514Z [36;1mpython3 -m venv .venv[0m
2026-10-06T15:43:59.6770824Z [36;1m.venv/bin/pip install -q --upgrade pip[0m
2026-10-06T15:43:59.6771192Z [36;1m.venv/bin/pip install -q "playwright==1.52.0"[0m
2026-10-06T15:43:59.6771621Z [36;1m.venv/bin/python -m playwright install --with-deps chromium[0m
2026-10-06T15:43:59.6832734Z shell: /usr/bin/bash -e {0}
2026-10-06T15:43:59.6833022Z env:
2026-10-06T15:43:59.6833251Z   ERPNEXT_VERSION: v15.99.1
2026-10-06T15:43:59.6833538Z   FRAPPE_VERSION: version-15
2026-10-06T15:43:59.6833893Z   FRAPPE_DOCKER_SHA: f71a386bc13f75dcc0cf7462f025f531576a04fc
2026-10-06T15:43:59.6834439Z   ADMIN_PASSWORD: Smoke2026x!
2026-10-06T15:43:59.6834745Z   DB_PASSWORD: Smoke2026x!
2026-10-06T15:43:59.6835023Z   ERPNEXT_SITE: frontend
2026-10-06T15:43:59.6835507Z   GLM_API_KEY: ***
2026-10-06T15:43:59.6835858Z   GLM_API_KEY_2: ***
2026-10-06T15:43:59.6836190Z   GLM_API_KEY_3: ***
2026-10-06T15:43:59.6836564Z   GLM_API_KEY_4: ***
2026-10-06T15:43:59.6836908Z   GLM_API_KEY_5: ***
2026-10-06T15:43:59.6837251Z   GLM_API_KEY_6: ***
2026-10-06T15:43:59.6837487Z ##[endgroup]
2026-10-06T15:44:06.2235262Z Installing dependencies...
2026-10-06T15:44:06.2317263Z Switching to root user to install dependencies...
2026-10-06T15:44:06.3080063Z Get:1 file:/etc/apt/apt-mirrors.txt Mirrorlist [144 B]
2026-10-06T15:44:06.3302998Z Get:6 https://packages.microsoft.com/ubuntu/24.04/prod noble InRelease [3600 B]
2026-10-06T15:44:06.3392290Z Get:2 http://azure.archive.ubuntu.com/ubuntu noble InRelease [256 kB]
2026-10-06T15:44:06.3425958Z Get:3 http://azure.archive.ubuntu.com/ubuntu noble-updates InRelease [126 kB]
2026-10-06T15:44:06.3440363Z Get:4 http://azure.archive.ubuntu.com/ubuntu noble-backports InRelease [126 kB]
2026-10-06T15:44:06.3460877Z Get:5 http://azure.archive.ubuntu.com/ubuntu noble-security InRelease [126 kB]
2026-10-06T15:44:06.4134285Z Get:7 https://packages.microsoft.com/ubuntu/24.04/prod noble/main amd64 Packages [515 kB]
2026-10-06T15:44:06.4280923Z Get:8 https://packages.microsoft.com/ubuntu/24.04/prod noble/main all Packages [643 B]
2026-10-06T15:44:06.4305385Z Get:9 https://packages.microsoft.com/ubuntu/24.04/prod noble/main arm64 Packages [458 kB]
2026-10-06T15:44:06.4359167Z Get:10 https://packages.microsoft.com/ubuntu/24.04/prod noble/main armhf Packages [12.6 kB]
2026-10-06T15:44:06.4858871Z Get:11 http://azure.archive.ubuntu.com/ubuntu noble/main amd64 Packages [1401 kB]
2026-10-06T15:44:06.4928929Z Get:12 http://azure.archive.ubuntu.com/ubuntu noble/main Translation-en [513 kB]
2026-10-06T15:44:06.4965125Z Get:13 http://azure.archive.ubuntu.com/ubuntu noble/main amd64 c-n-f Metadata [30.5 kB]
2026-10-06T15:44:06.4969212Z Get:14 http://azure.archive.ubuntu.com/ubuntu noble/universe amd64 Packages [15.0 MB]
2026-10-06T15:44:06.5792827Z Get:15 http://azure.archive.ubuntu.com/ubuntu noble/universe Translation-en [5982 kB]
2026-10-06T15:44:06.6069299Z Get:16 http://azure.archive.ubuntu.com/ubuntu noble/universe amd64 c-n-f Metadata [301 kB]
2026-10-06T15:44:06.6098558Z Get:17 http://azure.archive.ubuntu.com/ubuntu noble/restricted amd64 Packages [93.9 kB]
2026-10-06T15:44:06.6107742Z Get:18 http://azure.archive.ubuntu.com/ubuntu noble/restricted Translation-en [18.7 kB]
2026-10-06T15:44:06.6113631Z Get:19 http://azure.archive.ubuntu.com/ubuntu noble/restricted amd64 c-n-f Metadata [416 B]
2026-10-06T15:44:06.6121132Z Get:20 http://azure.archive.ubuntu.com/ubuntu noble/multiverse amd64 Packages [269 kB]
2026-10-06T15:44:06.6141234Z Get:21 http://azure.archive.ubuntu.com/ubuntu noble/multiverse Translation-en [118 kB]
2026-10-06T15:44:06.6583854Z Get:22 http://azure.archive.ubuntu.com/ubuntu noble/multiverse amd64 c-n-f Metadata [8328 B]
2026-10-06T15:44:06.6589787Z Get:23 http://azure.archive.ubuntu.com/ubuntu noble-updates/main amd64 Packages [1374 kB]
2026-10-06T15:44:06.6678942Z Get:24 http://azure.archive.ubuntu.com/ubuntu noble-updates/main Translation-en [306 kB]
2026-10-06T15:44:06.6683224Z Get:25 http://azure.archive.ubuntu.com/ubuntu noble-updates/main amd64 c-n-f Metadata [17.7 kB]
2026-10-06T15:44:06.6691181Z Get:26 http://azure.archive.ubuntu.com/ubuntu noble-updates/universe amd64 Packages [1700 kB]
2026-10-06T15:44:06.6785832Z Get:27 http://azure.archive.ubuntu.com/ubuntu noble-updates/universe Translation-en [341 kB]
2026-10-06T15:44:06.6841556Z Get:28 http://azure.archive.ubuntu.com/ubuntu noble-updates/universe amd64 c-n-f Metadata [34.9 kB]
2026-10-06T15:44:06.6859487Z Get:29 http://azure.archive.ubuntu.com/ubuntu noble-updates/restricted amd64 Packages [1730 kB]
2026-10-06T15:44:06.6912887Z Get:30 http://azure.archive.ubuntu.com/ubuntu noble-updates/restricted Translation-en [396 kB]
2026-10-06T15:44:06.6916087Z Get:31 http://azure.archive.ubuntu.com/ubuntu noble-updates/restricted amd64 c-n-f Metadata [456 B]
2026-10-06T15:44:06.6921709Z Get:32 http://azure.archive.ubuntu.com/ubuntu noble-updates/multiverse amd64 Packages [45.7 kB]
2026-10-06T15:44:06.6928313Z Get:33 http://azure.archive.ubuntu.com/ubuntu noble-updates/multiverse Translation-en [13.3 kB]
2026-10-06T15:44:06.6933471Z Get:34 http://azure.archive.ubuntu.com/ubuntu noble-updates/multiverse amd64 c-n-f Metadata [656 B]
2026-10-06T15:44:06.6940560Z Get:35 http://azure.archive.ubuntu.com/ubuntu noble-backports/main amd64 Packages [40.6 kB]
2026-10-06T15:44:06.7385527Z Get:36 http://azure.archive.ubuntu.com/ubuntu noble-backports/main Translation-en [9172 B]
2026-10-06T15:44:06.7391955Z Get:37 http://azure.archive.ubuntu.com/ubuntu noble-backports/main amd64 c-n-f Metadata [368 B]
2026-10-06T15:44:06.7397791Z Get:38 http://azure.archive.ubuntu.com/ubuntu noble-backports/universe amd64 Packages [31.0 kB]
2026-10-06T15:44:06.7404631Z Get:39 http://azure.archive.ubuntu.com/ubuntu noble-backports/universe Translation-en [18.6 kB]
2026-10-06T15:44:06.7410409Z Get:40 http://azure.archive.ubuntu.com/ubuntu noble-backports/universe amd64 c-n-f Metadata [1588 B]
2026-10-06T15:44:06.7415712Z Get:41 http://azure.archive.ubuntu.com/ubuntu noble-backports/restricted amd64 c-n-f Metadata [116 B]
2026-10-06T15:44:06.7422920Z Get:42 http://azure.archive.ubuntu.com/ubuntu noble-backports/multiverse amd64 Packages [748 B]
2026-10-06T15:44:06.7428721Z Get:43 http://azure.archive.ubuntu.com/ubuntu noble-backports/multiverse Translation-en [340 B]
2026-10-06T15:44:06.7433123Z Get:44 http://azure.archive.ubuntu.com/ubuntu noble-backports/multiverse amd64 c-n-f Metadata [116 B]
2026-10-06T15:44:06.7441535Z Get:45 http://azure.archive.ubuntu.com/ubuntu noble-security/main amd64 Packages [1072 kB]
2026-10-06T15:44:06.7494358Z Get:46 http://azure.archive.ubuntu.com/ubuntu noble-security/main Translation-en [222 kB]
2026-10-06T15:44:06.7507468Z Get:47 http://azure.archive.ubuntu.com/ubuntu noble-security/main amd64 c-n-f Metadata [11.9 kB]
2026-10-06T15:44:06.7514639Z Get:48 http://azure.archive.ubuntu.com/ubuntu noble-security/universe amd64 Packages [1216 kB]
2026-10-06T15:44:06.7571859Z Get:49 http://azure.archive.ubuntu.com/ubuntu noble-security/universe Translation-en [244 kB]
2026-10-06T15:44:06.7586305Z Get:50 http://azure.archive.ubuntu.com/ubuntu noble-security/universe amd64 c-n-f Metadata [24.2 kB]
2026-10-06T15:44:06.8026929Z Get:51 http://azure.archive.ubuntu.com/ubuntu noble-security/restricted amd64 Packages [1566 kB]
2026-10-06T15:44:06.8109320Z Get:52 http://azure.archive.ubuntu.com/ubuntu noble-security/restricted Translation-en [361 kB]
2026-10-06T15:44:06.8130061Z Get:53 http://azure.archive.ubuntu.com/ubuntu noble-security/restricted amd64 c-n-f Metadata [444 B]
2026-10-06T15:44:06.8135576Z Get:54 http://azure.archive.ubuntu.com/ubuntu noble-security/multiverse amd64 Packages [40.3 kB]
2026-10-06T15:44:06.8143151Z Get:55 http://azure.archive.ubuntu.com/ubuntu noble-security/multiverse Translation-en [11.3 kB]
2026-10-06T15:44:06.8148669Z Get:56 http://azure.archive.ubuntu.com/ubuntu noble-security/multiverse amd64 c-n-f Metadata [468 B]
2026-10-06T15:44:16.5550071Z Fetched 36.2 MB in 3s (11.7 MB/s)
2026-10-06T15:44:17.4517597Z Reading package lists...
2026-10-06T15:44:17.4756095Z Reading package lists...
2026-10-06T15:44:17.7104813Z Building dependency tree...
2026-10-06T15:44:17.7112329Z Reading state information...
2026-10-06T15:44:17.8740162Z libasound2t64 is already the newest version (1.2.11-1ubuntu0.3).
2026-10-06T15:44:17.8740955Z libasound2t64 set to manually installed.
2026-10-06T15:44:17.8741684Z libatk-bridge2.0-0t64 is already the newest version (2.52.0-1build1).
2026-10-06T15:44:17.8742449Z libatk-bridge2.0-0t64 set to manually installed.
2026-10-06T15:44:17.8743140Z libatk1.0-0t64 is already the newest version (2.52.0-1build1).
2026-10-06T15:44:17.8743802Z libatk1.0-0t64 set to manually installed.
2026-10-06T15:44:17.8744793Z libatspi2.0-0t64 is already the newest version (2.52.0-1build1).
2026-10-06T15:44:17.8745521Z libatspi2.0-0t64 set to manually installed.
2026-10-06T15:44:17.8746156Z libcairo2 is already the newest version (1.18.0-3build1).
2026-10-06T15:44:17.8746793Z libcairo2 set to manually installed.
2026-10-06T15:44:17.8747453Z libcups2t64 is already the newest version (2.4.7-1.2ubuntu7.14).
2026-10-06T15:44:17.8748084Z libcups2t64 set to manually installed.
2026-10-06T15:44:17.8748598Z libdbus-1-3 is already the newest version (1.14.10-4ubuntu4.1).
2026-10-06T15:44:17.8749129Z libdbus-1-3 set to manually installed.
2026-10-06T15:44:17.8749644Z libdrm2 is already the newest version (2.4.125-1ubuntu0.1~24.04.2).
2026-10-06T15:44:17.8750191Z libdrm2 set to manually installed.
2026-10-06T15:44:17.8750684Z libgbm1 is already the newest version (25.2.8-0ubuntu0.24.04.4).
2026-10-06T15:44:17.8751216Z libgbm1 set to manually installed.
2026-10-06T15:44:17.8751718Z libglib2.0-0t64 is already the newest version (2.80.0-6ubuntu3.9).
2026-10-06T15:44:17.8752648Z libglib2.0-0t64 set to manually installed.
2026-10-06T15:44:17.8753164Z libnspr4 is already the newest version (2:4.35-1.1build1).
2026-10-06T15:44:17.8753688Z libnspr4 set to manually installed.
2026-10-06T15:44:17.8754343Z libnss3 is already the newest version (2:3.98-1ubuntu0.2).
2026-10-06T15:44:17.8754855Z libnss3 set to manually installed.
2026-10-06T15:44:17.8755365Z libpango-1.0-0 is already the newest version (1.52.1+ds-1build1).
2026-10-06T15:44:17.8755910Z libpango-1.0-0 set to manually installed.
2026-10-06T15:44:17.8756404Z libx11-6 is already the newest version (2:1.8.7-1build1).
2026-10-06T15:44:17.8756895Z libx11-6 set to manually installed.
2026-10-06T15:44:17.8757352Z libxcb1 is already the newest version (1.15-1ubuntu2).
2026-10-06T15:44:17.8757837Z libxcb1 set to manually installed.
2026-10-06T15:44:17.8758357Z libxcomposite1 is already the newest version (1:0.4.5-1build3).
2026-10-06T15:44:17.8758915Z libxcomposite1 set to manually installed.
2026-10-06T15:44:17.8760001Z libxdamage1 is already the newest version (1:1.1.6-1build1).
2026-10-06T15:44:17.8760748Z libxdamage1 set to manually installed.
2026-10-06T15:44:17.8761371Z libxext6 is already the newest version (2:1.3.4-1build2).
2026-10-06T15:44:17.8762022Z libxext6 set to manually installed.
2026-10-06T15:44:17.8762675Z libxfixes3 is already the newest version (1:6.0.0-2build1).
2026-10-06T15:44:17.8763338Z libxfixes3 set to manually installed.
2026-10-06T15:44:17.8763958Z libxkbcommon0 is already the newest version (1.6.0-1build1).
2026-10-06T15:44:17.8764845Z libxkbcommon0 set to manually installed.
2026-10-06T15:44:17.8765233Z libxrandr2 is already the newest version (2:1.5.2-2build1).
2026-10-06T15:44:17.8765673Z libxrandr2 set to manually installed.
2026-10-06T15:44:17.8766034Z xvfb is already the newest version (2:21.1.12-1ubuntu1.8).
2026-10-06T15:44:17.8766574Z fonts-noto-color-emoji is already the newest version (2.047-0ubuntu0.24.04.1).
2026-10-06T15:44:17.8767157Z libfontconfig1 is already the newest version (2.15.0-1.1ubuntu2).
2026-10-06T15:44:17.8767620Z libfontconfig1 set to manually installed.
2026-10-06T15:44:17.8768063Z fonts-liberation is already the newest version (1:2.1.5-3).
2026-10-06T15:44:17.8768491Z fonts-liberation set to manually installed.
2026-10-06T15:44:17.8769077Z The following additional packages will be installed:
2026-10-06T15:44:17.8769496Z   xfonts-encodings xfonts-utils
2026-10-06T15:44:17.8769770Z Recommended packages:
2026-10-06T15:44:17.8770059Z   fonts-ipafont-mincho fonts-tlwg-loma
2026-10-06T15:44:17.8931986Z The following NEW packages will be installed:
2026-10-06T15:44:17.8932637Z   fonts-freefont-ttf fonts-ipafont-gothic fonts-tlwg-loma-otf fonts-unifont
2026-10-06T15:44:17.8941421Z   fonts-wqy-zenhei xfonts-cyrillic xfonts-encodings xfonts-scalable
2026-10-06T15:44:17.8942248Z   xfonts-utils
2026-10-06T15:44:17.8947653Z The following packages will be upgraded:
2026-10-06T15:44:17.8953901Z   libfreetype6
2026-10-06T15:44:17.9137447Z 1 upgraded, 9 newly installed, 0 to remove and 9 not upgraded.
2026-10-06T15:44:17.9138103Z Need to get 21.5 MB of archives.
2026-10-06T15:44:17.9138476Z After this operation, 79.5 MB of additional disk space will be used.
2026-10-06T15:44:17.9138932Z Get:1 file:/etc/apt/apt-mirrors.txt Mirrorlist [144 B]
2026-10-06T15:44:18.0746262Z Get:2 http://azure.archive.ubuntu.com/ubuntu noble/universe amd64 fonts-ipafont-gothic all 00303-21ubuntu1 [3513 kB]
2026-10-06T15:44:18.7659438Z Get:3 http://azure.archive.ubuntu.com/ubuntu noble/main amd64 fonts-freefont-ttf all 20211204+svn4273-2 [5641 kB]
2026-10-06T15:44:18.9480274Z Get:4 http://azure.archive.ubuntu.com/ubuntu noble/universe amd64 fonts-tlwg-loma-otf all 1:0.7.3-1 [107 kB]
2026-10-06T15:44:19.0212818Z Get:5 http://azure.archive.ubuntu.com/ubuntu noble/universe amd64 fonts-unifont all 1:15.1.01-1build1 [2993 kB]
2026-10-06T15:44:19.1178408Z Get:6 http://azure.archive.ubuntu.com/ubuntu noble/universe amd64 fonts-wqy-zenhei all 0.9.45-8 [7472 kB]
2026-10-06T15:44:19.3449735Z Get:7 http://azure.archive.ubuntu.com/ubuntu noble-security/main amd64 libfreetype6 amd64 2.13.2+dfsg-1ubuntu0.2 [403 kB]
2026-10-06T15:44:19.4207279Z Get:8 http://azure.archive.ubuntu.com/ubuntu noble/main amd64 xfonts-encodings all 1:1.0.5-0ubuntu2 [578 kB]
2026-10-06T15:44:19.4976835Z Get:9 http://azure.archive.ubuntu.com/ubuntu noble/main amd64 xfonts-utils amd64 1:7.7+6build3 [94.4 kB]
2026-10-06T15:44:19.5710478Z Get:10 http://azure.archive.ubuntu.com/ubuntu noble/universe amd64 xfonts-cyrillic all 1:1.0.5+nmu1 [384 kB]
2026-10-06T15:44:19.6462357Z Get:11 http://azure.archive.ubuntu.com/ubuntu noble/main amd64 xfonts-scalable all 1:1.0.3-1.3 [304 kB]
2026-10-06T15:44:19.9114738Z Fetched 21.5 MB in 2s (12.3 MB/s)
2026-10-06T15:44:19.9349435Z Selecting previously unselected package fonts-ipafont-gothic.
2026-10-06T15:44:19.9618441Z (Reading database ... 
2026-10-06T15:44:19.9618847Z (Reading database ... 5%
2026-10-06T15:44:19.9619484Z (Reading database ... 10%
2026-10-06T15:44:19.9620120Z (Reading database ... 15%
2026-10-06T15:44:19.9620768Z (Reading database ... 20%
2026-10-06T15:44:19.9621563Z (Reading database ... 25%
2026-10-06T15:44:19.9622166Z (Reading database ... 30%
2026-10-06T15:44:19.9622766Z (Reading database ... 35%
2026-10-06T15:44:19.9623482Z (Reading database ... 40%
2026-10-06T15:44:19.9624330Z (Reading database ... 45%
2026-10-06T15:44:19.9625064Z (Reading database ... 50%
2026-10-06T15:44:19.9662305Z (Reading database ... 55%
2026-10-06T15:44:20.0836722Z (Reading database ... 60%
2026-10-06T15:44:20.2903436Z (Reading database ... 65%
2026-10-06T15:44:20.4785359Z (Reading database ... 70%
2026-10-06T15:44:20.6427078Z (Reading database ... 75%
2026-10-06T15:44:20.7991070Z (Reading database ... 80%
2026-10-06T15:44:20.9799333Z (Reading database ... 85%
2026-10-06T15:44:21.1427845Z (Reading database ... 90%
2026-10-06T15:44:21.2759236Z (Reading database ... 95%
2026-10-06T15:44:21.2759870Z (Reading database ... 100%
2026-10-06T15:44:21.2760706Z (Reading database ... 203191 files and directories currently installed.)
2026-10-06T15:44:21.2805683Z Preparing to unpack .../0-fonts-ipafont-gothic_00303-21ubuntu1_all.deb ...
2026-10-06T15:44:21.2912704Z Unpacking fonts-ipafont-gothic (00303-21ubuntu1) ...
2026-10-06T15:44:21.5256421Z Selecting previously unselected package fonts-freefont-ttf.
2026-10-06T15:44:21.5387715Z Preparing to unpack .../1-fonts-freefont-ttf_20211204+svn4273-2_all.deb ...
2026-10-06T15:44:21.5395148Z Unpacking fonts-freefont-ttf (20211204+svn4273-2) ...
2026-10-06T15:44:21.6250292Z Selecting previously unselected package fonts-tlwg-loma-otf.
2026-10-06T15:44:21.6378581Z Preparing to unpack .../2-fonts-tlwg-loma-otf_1%3a0.7.3-1_all.deb ...
2026-10-06T15:44:21.6386772Z Unpacking fonts-tlwg-loma-otf (1:0.7.3-1) ...
2026-10-06T15:44:21.6601338Z Selecting previously unselected package fonts-unifont.
2026-10-06T15:44:21.6730433Z Preparing to unpack .../3-fonts-unifont_1%3a15.1.01-1build1_all.deb ...
2026-10-06T15:44:21.6738683Z Unpacking fonts-unifont (1:15.1.01-1build1) ...
2026-10-06T15:44:21.7921565Z Selecting previously unselected package fonts-wqy-zenhei.
2026-10-06T15:44:21.8050520Z Preparing to unpack .../4-fonts-wqy-zenhei_0.9.45-8_all.deb ...
2026-10-06T15:44:21.8155794Z Unpacking fonts-wqy-zenhei (0.9.45-8) ...
2026-10-06T15:44:22.3003070Z Preparing to unpack .../5-libfreetype6_2.13.2+dfsg-1ubuntu0.2_amd64.deb ...
2026-10-06T15:44:22.3037362Z Unpacking libfreetype6:amd64 (2.13.2+dfsg-1ubuntu0.2) over (2.13.2+dfsg-1ubuntu0.1) ...
2026-10-06T15:44:22.3298426Z Selecting previously unselected package xfonts-encodings.
2026-10-06T15:44:22.3429985Z Preparing to unpack .../6-xfonts-encodings_1%3a1.0.5-0ubuntu2_all.deb ...
2026-10-06T15:44:22.3437439Z Unpacking xfonts-encodings (1:1.0.5-0ubuntu2) ...
2026-10-06T15:44:22.3741320Z Selecting previously unselected package xfonts-utils.
2026-10-06T15:44:22.3869089Z Preparing to unpack .../7-xfonts-utils_1%3a7.7+6build3_amd64.deb ...
2026-10-06T15:44:22.3876263Z Unpacking xfonts-utils (1:7.7+6build3) ...
2026-10-06T15:44:22.4261409Z Selecting previously unselected package xfonts-cyrillic.
2026-10-06T15:44:22.4389388Z Preparing to unpack .../8-xfonts-cyrillic_1%3a1.0.5+nmu1_all.deb ...
2026-10-06T15:44:22.4398052Z Unpacking xfonts-cyrillic (1:1.0.5+nmu1) ...
2026-10-06T15:44:22.4735734Z Selecting previously unselected package xfonts-scalable.
2026-10-06T15:44:22.4863212Z Preparing to unpack .../9-xfonts-scalable_1%3a1.0.3-1.3_all.deb ...
2026-10-06T15:44:22.4872333Z Unpacking xfonts-scalable (1:1.0.3-1.3) ...
2026-10-06T15:44:22.5305576Z Setting up fonts-wqy-zenhei (0.9.45-8) ...
2026-10-06T15:44:22.5434966Z Setting up fonts-freefont-ttf (20211204+svn4273-2) ...
2026-10-06T15:44:22.5453498Z Setting up fonts-tlwg-loma-otf (1:0.7.3-1) ...
2026-10-06T15:44:22.5472925Z Setting up libfreetype6:amd64 (2.13.2+dfsg-1ubuntu0.2) ...
2026-10-06T15:44:22.5491902Z Setting up xfonts-encodings (1:1.0.5-0ubuntu2) ...
2026-10-06T15:44:22.5512840Z Setting up fonts-ipafont-gothic (00303-21ubuntu1) ...
2026-10-06T15:44:22.5576402Z update-alternatives: using /usr/share/fonts/opentype/ipafont-gothic/ipag.ttf to provide /usr/share/fonts/truetype/fonts-japanese-gothic.ttf (fonts-japanese-gothic.ttf) in auto mode
2026-10-06T15:44:22.5590475Z Setting up fonts-unifont (1:15.1.01-1build1) ...
2026-10-06T15:44:22.5609503Z Setting up xfonts-utils (1:7.7+6build3) ...
2026-10-06T15:44:22.5650669Z Setting up xfonts-cyrillic (1:1.0.5+nmu1) ...
2026-10-06T15:44:22.5936256Z Setting up xfonts-scalable (1:1.0.3-1.3) ...
2026-10-06T15:44:22.6210103Z Processing triggers for libc-bin (2.39-0ubuntu8.9) ...
2026-10-06T15:44:22.6531456Z Processing triggers for man-db (2.12.0-4build2) ...
2026-10-06T15:44:22.6553947Z Not building database; man-db/auto-update is not 'true'.
2026-10-06T15:44:22.6569123Z Processing triggers for fontconfig (2.15.0-1.1ubuntu2) ...
2026-10-06T15:44:23.4002649Z 
2026-10-06T15:44:23.4005026Z Running kernel seems to be up-to-date.
2026-10-06T15:44:23.4005501Z 
2026-10-06T15:44:23.4005876Z Restarting services...
2026-10-06T15:44:23.4082888Z  systemctl restart php8.3-fpm.service
2026-10-06T15:44:23.5143190Z 
2026-10-06T15:44:23.5145281Z No containers need to be restarted.
2026-10-06T15:44:23.5145658Z 
2026-10-06T15:44:23.5146060Z No user sessions are running outdated binaries.
2026-10-06T15:44:23.5146300Z 
2026-10-06T15:44:23.5146773Z No VM guests are running outdated hypervisor (qemu) binaries on this host.
2026-10-06T15:44:24.5111752Z Downloading Chromium 136.0.7103.25 (playwright build v1169) from https://cdn.playwright.dev/dbazure/download/playwright/builds/chromium/1169/chromium-linux.zip
2026-10-06T15:44:24.6635408Z |                                                                                |   0% of 167.7 MiB
2026-10-06T15:44:24.7752027Z |■■■■■■■■                                                                        |  10% of 167.7 MiB
2026-10-06T15:44:24.8509256Z |■■■■■■■■■■■■■■■■                                                                |  20% of 167.7 MiB
2026-10-06T15:44:24.9261105Z |■■■■■■■■■■■■■■■■■■■■■■■■                                                        |  30% of 167.7 MiB
2026-10-06T15:44:25.0142126Z |■■■■■■■■■■■■■■■■■■■■■■■■■■■■■■■■                                                |  40% of 167.7 MiB
2026-10-06T15:44:25.1502842Z |■■■■■■■■■■■■■■■■■■■■■■■■■■■■■■■■■■■■■■■■                                        |  50% of 167.7 MiB
2026-10-06T15:44:25.2114813Z |■■■■■■■■■■■■■■■■■■■■■■■■■■■■■■■■■■■■■■■■■■■■■■■■                                |  60% of 167.7 MiB
2026-10-06T15:44:25.2736762Z |■■■■■■■■■■■■■■■■■■■■■■■■■■■■■■■■■■■■■■■■■■■■■■■■■■■■■■■■                        |  70% of 167.7 MiB
2026-10-06T15:44:25.3404741Z |■■■■■■■■■■■■■■■■■■■■■■■■■■■■■■■■■■■■■■■■■■■■■■■■■■■■■■■■■■■■■■■■                |  80% of 167.7 MiB
2026-10-06T15:44:25.3960539Z |■■■■■■■■■■■■■■■■■■■■■■■■■■■■■■■■■■■■■■■■■■■■■■■■■■■■■■■■■■■■■■■■■■■■■■■■        |  90% of 167.7 MiB
2026-10-06T15:44:25.4576791Z |■■■■■■■■■■■■■■■■■■■■■■■■■■■■■■■■■■■■■■■■■■■■■■■■■■■■■■■■■■■■■■■■■■■■■■■■■■■■■■■■| 100% of 167.7 MiB
2026-10-06T15:44:28.7655812Z Chromium 136.0.7103.25 (playwright build v1169) downloaded to /home/runner/.cache/ms-playwright/chromium-1169
2026-10-06T15:44:28.7659821Z Downloading FFMPEG playwright build v1011 from https://cdn.playwright.dev/dbazure/download/playwright/builds/ffmpeg/1011/ffmpeg-linux.zip
2026-10-06T15:44:28.9232802Z |                                                                                |   0% of 2.3 MiB
2026-10-06T15:44:28.9271114Z |■■■■■■■■                                                                        |  10% of 2.3 MiB
2026-10-06T15:44:28.9295440Z |■■■■■■■■■■■■■■■■                                                                |  20% of 2.3 MiB
2026-10-06T15:44:28.9325377Z |■■■■■■■■■■■■■■■■■■■■■■■■                                                        |  30% of 2.3 MiB
2026-10-06T15:44:28.9349552Z |■■■■■■■■■■■■■■■■■■■■■■■■■■■■■■■■                                                |  40% of 2.3 MiB
2026-10-06T15:44:28.9366819Z |■■■■■■■■■■■■■■■■■■■■■■■■■■■■■■■■■■■■■■■■                                        |  50% of 2.3 MiB
2026-10-06T15:44:28.9385836Z |■■■■■■■■■■■■■■■■■■■■■■■■■■■■■■■■■■■■■■■■■■■■■■■■                                |  60% of 2.3 MiB
2026-10-06T15:44:28.9406786Z |■■■■■■■■■■■■■■■■■■■■■■■■■■■■■■■■■■■■■■■■■■■■■■■■■■■■■■■■                        |  70% of 2.3 MiB
2026-10-06T15:44:28.9426747Z |■■■■■■■■■■■■■■■■■■■■■■■■■■■■■■■■■■■■■■■■■■■■■■■■■■■■■■■■■■■■■■■■                |  80% of 2.3 MiB
2026-10-06T15:44:28.9443488Z |■■■■■■■■■■■■■■■■■■■■■■■■■■■■■■■■■■■■■■■■■■■■■■■■■■■■■■■■■■■■■■■■■■■■■■■■        |  90% of 2.3 MiB
2026-10-06T15:44:28.9458283Z |■■■■■■■■■■■■■■■■■■■■■■■■■■■■■■■■■■■■■■■■■■■■■■■■■■■■■■■■■■■■■■■■■■■■■■■■■■■■■■■■| 100% of 2.3 MiB
2026-10-06T15:44:29.0049473Z FFMPEG playwright build v1011 downloaded to /home/runner/.cache/ms-playwright/ffmpeg-1011
2026-10-06T15:44:29.0052505Z Downloading Chromium Headless Shell 136.0.7103.25 (playwright build v1169) from https://cdn.playwright.dev/dbazure/download/playwright/builds/chromium/1169/chromium-headless-shell-linux.zip
2026-10-06T15:44:29.1572645Z |                                                                                |   0% of 101.4 MiB
2026-10-06T15:44:29.2503771Z |■■■■■■■■                                                                        |  10% of 101.4 MiB
2026-10-06T15:44:29.3266601Z |■■■■■■■■■■■■■■■■                                                                |  20% of 101.4 MiB
2026-10-06T15:44:29.3892296Z |■■■■■■■■■■■■■■■■■■■■■■■■                                                        |  30% of 101.4 MiB
2026-10-06T15:44:29.4438162Z |■■■■■■■■■■■■■■■■■■■■■■■■■■■■■■■■                                                |  40% of 101.4 MiB
2026-10-06T15:44:29.4850336Z |■■■■■■■■■■■■■■■■■■■■■■■■■■■■■■■■■■■■■■■■                                        |  50% of 101.4 MiB
2026-10-06T15:44:29.5294314Z |■■■■■■■■■■■■■■■■■■■■■■■■■■■■■■■■■■■■■■■■■■■■■■■■                                |  60% of 101.4 MiB
2026-10-06T15:44:29.5698638Z |■■■■■■■■■■■■■■■■■■■■■■■■■■■■■■■■■■■■■■■■■■■■■■■■■■■■■■■■                        |  70% of 101.4 MiB
2026-10-06T15:44:29.6138793Z |■■■■■■■■■■■■■■■■■■■■■■■■■■■■■■■■■■■■■■■■■■■■■■■■■■■■■■■■■■■■■■■■                |  80% of 101.4 MiB
2026-10-06T15:44:29.6661771Z |■■■■■■■■■■■■■■■■■■■■■■■■■■■■■■■■■■■■■■■■■■■■■■■■■■■■■■■■■■■■■■■■■■■■■■■■        |  90% of 101.4 MiB
2026-10-06T15:44:29.7048014Z |■■■■■■■■■■■■■■■■■■■■■■■■■■■■■■■■■■■■■■■■■■■■■■■■■■■■■■■■■■■■■■■■■■■■■■■■■■■■■■■■| 100% of 101.4 MiB
2026-10-06T15:44:31.7381526Z Chromium Headless Shell 136.0.7103.25 (playwright build v1169) downloaded to /home/runner/.cache/ms-playwright/chromium_headless_shell-1169
2026-10-06T15:44:31.8254332Z ##[group]Run FAM="F03"
2026-10-06T15:44:31.8254664Z [36;1mFAM="F03"[0m
2026-10-06T15:44:31.8254893Z [36;1mINST="1"[0m
2026-10-06T15:44:31.8255140Z [36;1mmkdir -p "runs/${FAM}-I${INST}"[0m
2026-10-06T15:44:31.8255444Z [36;1mfor COND in N P C; do[0m
2026-10-06T15:44:31.8255711Z [36;1m  for M in TMC R2 R3; do[0m
2026-10-06T15:44:31.8255983Z [36;1m    echo "=== $FAM $COND $M ==="[0m
2026-10-06T15:44:31.8256288Z [36;1m    bash fixtures/restore_base.sh[0m
2026-10-06T15:44:31.8256614Z [36;1m    .venv/bin/python harness/runner.py \[0m
2026-10-06T15:44:31.8257043Z [36;1m      --task "tasks/formal/${FAM}/${FAM}-${COND}-I${INST}.json" \[0m
2026-10-06T15:44:31.8257475Z [36;1m      --method "$M" --out-dir "runs/${FAM}-I${INST}" \[0m
2026-10-06T15:44:31.8257864Z [36;1m      || echo "RUN_FAILED ${FAM}-${COND}-I${INST} ${M}"[0m
2026-10-06T15:44:31.8258184Z [36;1m  done[0m
2026-10-06T15:44:31.8258391Z [36;1mdone[0m
2026-10-06T15:44:31.8319980Z shell: /usr/bin/bash -e {0}
2026-10-06T15:44:31.8320303Z env:
2026-10-06T15:44:31.8320521Z   ERPNEXT_VERSION: v15.99.1
2026-10-06T15:44:31.8320799Z   FRAPPE_VERSION: version-15
2026-10-06T15:44:31.8321133Z   FRAPPE_DOCKER_SHA: f71a386bc13f75dcc0cf7462f025f531576a04fc
2026-10-06T15:44:31.8321515Z   ADMIN_PASSWORD: Smoke2026x!
2026-10-06T15:44:31.8321785Z   DB_PASSWORD: Smoke2026x!
2026-10-06T15:44:31.8322046Z   ERPNEXT_SITE: frontend
2026-10-06T15:44:31.8322679Z   GLM_API_KEY: ***
2026-10-06T15:44:31.8323020Z   GLM_API_KEY_2: ***
2026-10-06T15:44:31.8323369Z   GLM_API_KEY_3: ***
2026-10-06T15:44:31.8323715Z   GLM_API_KEY_4: ***
2026-10-06T15:44:31.8324322Z   GLM_API_KEY_5: ***
2026-10-06T15:44:31.8324748Z   GLM_API_KEY_6: ***
2026-10-06T15:44:31.8324976Z ##[endgroup]
2026-10-06T15:44:31.8421341Z === F03 N TMC ===
2026-10-06T15:44:31.8471518Z restore: site=frontend db=_5e5899d8398b5f7b
2026-10-06T15:44:39.1080445Z restore: /login http=200
2026-10-06T15:44:39.1081109Z BASE_RESTORED
2026-10-06T15:47:20.5681236Z EVAL_REWARD 0 FAILED 1
2026-10-06T15:47:20.7882796Z RUN_DONE F03-N-I1 TMC reward 0
2026-10-06T15:47:20.8145983Z RUN_FAILED F03-N-I1 TMC
2026-10-06T15:47:20.8146293Z === F03 N R2 ===
2026-10-06T15:47:20.8201900Z restore: site=frontend db=_5e5899d8398b5f7b
2026-10-06T15:47:27.1785366Z restore: /login http=200
2026-10-06T15:47:27.1785811Z BASE_RESTORED
2026-10-06T15:49:09.3561370Z EVAL_REWARD 0 FAILED 1
2026-10-06T15:49:09.5817973Z RUN_DONE F03-N-I1 R2 reward 0
2026-10-06T15:49:09.6076059Z RUN_FAILED F03-N-I1 R2
2026-10-06T15:49:09.6076638Z === F03 N R3 ===
2026-10-06T15:49:09.6129193Z restore: site=frontend db=_5e5899d8398b5f7b
2026-10-06T15:49:15.9643181Z restore: /login http=200
2026-10-06T15:49:15.9643667Z BASE_RESTORED
2026-10-06T15:50:42.8769180Z EVAL_REWARD 0 FAILED 1
2026-10-06T15:50:43.0964907Z RUN_DONE F03-N-I1 R3 reward 0
2026-10-06T15:50:43.1193823Z RUN_FAILED F03-N-I1 R3
2026-10-06T15:50:43.1195071Z === F03 P TMC ===
2026-10-06T15:50:43.1248644Z restore: site=frontend db=_5e5899d8398b5f7b
2026-10-06T15:50:49.5206722Z restore: /login http=200
2026-10-06T15:50:49.5207372Z BASE_RESTORED
2026-10-06T15:53:37.8568352Z EVAL_REWARD 0 FAILED 1
2026-10-06T15:53:38.0612345Z RUN_DONE F03-P-I1 TMC reward 0
2026-10-06T15:53:38.0851423Z RUN_FAILED F03-P-I1 TMC
2026-10-06T15:53:38.0851777Z === F03 P R2 ===
2026-10-06T15:53:38.0905032Z restore: site=frontend db=_5e5899d8398b5f7b
2026-10-06T15:53:44.1917973Z restore: /login http=200
2026-10-06T15:53:44.1918832Z BASE_RESTORED
2026-10-06T15:55:42.7749867Z EVAL_REWARD 0 FAILED 1
2026-10-06T15:55:42.9820786Z RUN_DONE F03-P-I1 R2 reward 0
2026-10-06T15:55:43.0052682Z RUN_FAILED F03-P-I1 R2
2026-10-06T15:55:43.0053507Z === F03 P R3 ===
2026-10-06T15:55:43.0105104Z restore: site=frontend db=_5e5899d8398b5f7b
2026-10-06T15:55:48.9475094Z restore: /login http=200
2026-10-06T15:55:48.9475594Z BASE_RESTORED
2026-10-06T15:58:14.9190030Z EVAL_REWARD 0 FAILED 1
2026-10-06T15:58:15.1182992Z RUN_DONE F03-P-I1 R3 reward 0
2026-10-06T15:58:15.1421561Z RUN_FAILED F03-P-I1 R3
2026-10-06T15:58:15.1422845Z === F03 C TMC ===
2026-10-06T15:58:15.1473032Z restore: site=frontend db=_5e5899d8398b5f7b
2026-10-06T15:58:21.2377858Z restore: /login http=200
2026-10-06T15:58:21.2378399Z BASE_RESTORED
2026-10-06T16:00:01.5586869Z EVAL_REWARD 0 FAILED 1
2026-10-06T16:00:01.7763637Z RUN_DONE F03-C-I1 TMC reward 0
2026-10-06T16:00:01.7990988Z RUN_FAILED F03-C-I1 TMC
2026-10-06T16:00:01.7991425Z === F03 C R2 ===
2026-10-06T16:00:01.8045947Z restore: site=frontend db=_5e5899d8398b5f7b
2026-10-06T16:00:07.8426100Z restore: /login http=200
2026-10-06T16:00:07.8426612Z BASE_RESTORED
2026-10-06T16:01:48.1754639Z EVAL_REWARD 0 FAILED 1
2026-10-06T16:01:48.3861526Z RUN_DONE F03-C-I1 R2 reward 0
2026-10-06T16:01:48.4085985Z RUN_FAILED F03-C-I1 R2
2026-10-06T16:01:48.4086673Z === F03 C R3 ===
2026-10-06T16:01:48.4139400Z restore: site=frontend db=_5e5899d8398b5f7b
2026-10-06T16:01:54.5232292Z restore: /login http=200
2026-10-06T16:01:54.5232644Z BASE_RESTORED
2026-10-06T16:03:20.2185359Z EVAL_REWARD 0 FAILED 1
2026-10-06T16:03:20.4221450Z RUN_DONE F03-C-I1 R3 reward 0
2026-10-06T16:03:20.4473018Z RUN_FAILED F03-C-I1 R3
2026-10-06T16:03:20.4545984Z ##[group]Run actions/upload-artifact@v4
2026-10-06T16:03:20.4546311Z with:
2026-10-06T16:03:20.4546514Z   name: formal-F03-I1
2026-10-06T16:03:20.4546740Z   path: runs/
2026-10-06T16:03:20.4546947Z   retention-days: 30
2026-10-06T16:03:20.4547175Z   if-no-files-found: warn
2026-10-06T16:03:20.4547416Z   compression-level: 6
2026-10-06T16:03:20.4547638Z   overwrite: false
2026-10-06T16:03:20.4547863Z   include-hidden-files: false
2026-10-06T16:03:20.4548117Z env:
2026-10-06T16:03:20.4548317Z   ERPNEXT_VERSION: v15.99.1
2026-10-06T16:03:20.4548561Z   FRAPPE_VERSION: version-15
2026-10-06T16:03:20.4548878Z   FRAPPE_DOCKER_SHA: f71a386bc13f75dcc0cf7462f025f531576a04fc
2026-10-06T16:03:20.4549223Z   ADMIN_PASSWORD: Smoke2026x!
2026-10-06T16:03:20.4549470Z   DB_PASSWORD: Smoke2026x!
2026-10-06T16:03:20.4549701Z   ERPNEXT_SITE: frontend
2026-10-06T16:03:20.4550120Z   GLM_API_KEY: ***
2026-10-06T16:03:20.4550432Z   GLM_API_KEY_2: ***
2026-10-06T16:03:20.4550770Z   GLM_API_KEY_3: ***
2026-10-06T16:03:20.4551101Z   GLM_API_KEY_4: ***
2026-10-06T16:03:20.4551394Z   GLM_API_KEY_5: ***
2026-10-06T16:03:20.4551691Z   GLM_API_KEY_6: ***
2026-10-06T16:03:20.4551896Z ##[endgroup]
2026-10-06T16:03:20.6247424Z (node:16808) [DEP0040] DeprecationWarning: The `punycode` module is deprecated. Please use a userland alternative instead.
2026-10-06T16:03:20.6248692Z (Use `node --trace-deprecation ...` to show where the warning was created)
2026-10-06T16:03:20.6385069Z With the provided path, there will be 19 files uploaded
2026-10-06T16:03:20.6414807Z Artifact name is valid!
2026-10-06T16:03:20.6424865Z Root directory input is valid!
2026-10-06T16:03:21.0376521Z Beginning upload of artifact content to blob storage
2026-10-06T16:03:21.0801941Z (node:16808) [DEP0169] DeprecationWarning: `url.parse()` behavior is not standardized and prone to errors that have security implications. Use the WHATWG URL API instead. CVEs are not issued for `url.parse()` vulnerabilities.
2026-10-06T16:03:21.3383330Z Uploaded bytes 12566
2026-10-06T16:03:21.4123229Z Finished uploading artifact content to blob storage!
2026-10-06T16:03:21.4124789Z SHA256 digest of uploaded artifact zip is b951de5bbc1566428d797d507f8808833749810daa2bdda93f33bdb4129f3782
2026-10-06T16:03:21.4125895Z Finalizing artifact upload
2026-10-06T16:03:21.7124258Z Artifact formal-F03-I1.zip successfully finalized. Artifact ID 11425034812
2026-10-06T16:03:21.7125563Z Artifact formal-F03-I1 has been successfully uploaded! Final size is 12566 bytes. Artifact ID is 11425034812
2026-10-06T16:03:21.7132513Z Artifact download URL: https://github.com/Ctrl-CV-Master/erpnext-tmc-external-validation/actions/runs/37489432320/artifacts/11425034812
2026-10-06T16:03:21.7355467Z Post job cleanup.
2026-10-06T16:03:21.8234343Z [command]/usr/bin/git version
2026-10-06T16:03:21.8281824Z git version 2.55.0
2026-10-06T16:03:21.8326743Z Temporarily overriding HOME='/home/runner/work/_temp/5ec07a94-6491-48f9-a174-e3161ec5e26c' before making global git config changes
2026-10-06T16:03:21.8327904Z Adding repository directory to the temporary git global config as a safe directory
2026-10-06T16:03:21.8333508Z [command]/usr/bin/git config --global --add safe.directory /home/runner/work/erpnext-tmc-external-validation/erpnext-tmc-external-validation
2026-10-06T16:03:21.8375577Z [command]/usr/bin/git config --local --name-only --get-regexp core\.sshCommand
2026-10-06T16:03:21.8412061Z [command]/usr/bin/git submodule foreach --recursive sh -c "git config --local --name-only --get-regexp 'core\.sshCommand' && git config --local --unset-all 'core.sshCommand' || :"
2026-10-06T16:03:21.8668493Z [command]/usr/bin/git config --local --name-only --get-regexp http\.https\:\/\/github\.com\/\.extraheader
2026-10-06T16:03:21.8697351Z http.https://github.com/.extraheader
2026-10-06T16:03:21.8709322Z [command]/usr/bin/git config --local --unset-all http.https://github.com/.extraheader
2026-10-06T16:03:21.8754487Z [command]/usr/bin/git submodule foreach --recursive sh -c "git config --local --name-only --get-regexp 'http\.https\:\/\/github\.com\/\.extraheader' && git config --local --unset-all 'http.https://github.com/.extraheader' || :"
2026-10-06T16:03:21.9021710Z [command]/usr/bin/git config --local --name-only --get-regexp ^includeIf\.gitdir:
2026-10-06T16:03:21.9063016Z [command]/usr/bin/git submodule foreach --recursive git config --local --show-origin --name-only --get-regexp remote.origin.url
2026-10-06T16:03:21.9545109Z Cleaning up orphan processes
2026-10-06T16:03:21.9906084Z Terminate orphan process: pid (2435) (bash)
2026-10-06T16:03:22.0167070Z Terminate orphan process: pid (16549) (sleep)
2026-10-06T16:03:22.0183688Z ##[warning]Node.js 20 is deprecated. The following actions target Node.js 20 but are being forced to run on Node.js 24: actions/checkout@v4, actions/upload-artifact@v4. For more information see: https://github.blog/changelog/2025-09-19-deprecation-of-node-20-on-github-actions-runners/
