2026-10-07T14:31:33.0695404Z Current runner version: '2.337.0'
2026-10-07T14:31:33.0730285Z ##[group]Runner Image Provisioner
2026-10-07T14:31:33.0731705Z Hosted Compute Agent
2026-10-07T14:31:33.0732758Z Version: 20260901.588
2026-10-07T14:31:33.0734078Z Commit: f88ec8081b781fac6c440065ac7ff9e710ce3d0b
2026-10-07T14:31:33.0735326Z Build Date: 2026-09-01T19:56:44Z
2026-10-07T14:31:33.0736664Z Worker ID: {3c79ab30-12fb-4556-9fdd-4a4dcfbdfbb7}
2026-10-07T14:31:33.0737998Z Azure Region: northcentralus
2026-10-07T14:31:33.0739375Z ##[endgroup]
2026-10-07T14:31:33.0741959Z ##[group]Operating System
2026-10-07T14:31:33.0743207Z Ubuntu
2026-10-07T14:31:33.0744132Z 24.04.5
2026-10-07T14:31:33.0745084Z LTS
2026-10-07T14:31:33.0746061Z ##[endgroup]
2026-10-07T14:31:33.0746980Z ##[group]Runner Image
2026-10-07T14:31:33.0749048Z Image: ubuntu-24.04
2026-10-07T14:31:33.0750105Z Version: 20260927.320.1
2026-10-07T14:31:33.0752333Z Included Software: https://github.com/actions/runner-images/blob/ubuntu24/20260927.320/images/ubuntu/Ubuntu2404-Readme.md
2026-10-07T14:31:33.0754881Z Image Release: https://github.com/actions/runner-images/releases/tag/ubuntu24%2F20260927.320
2026-10-07T14:31:33.0756775Z ##[endgroup]
2026-10-07T14:31:33.0758963Z ##[group]GITHUB_TOKEN Permissions
2026-10-07T14:31:33.0762020Z Contents: read
2026-10-07T14:31:33.0762966Z Metadata: read
2026-10-07T14:31:33.0764135Z ##[endgroup]
2026-10-07T14:31:33.0766953Z Secret source: Actions
2026-10-07T14:31:33.0768813Z Cache mode: write
2026-10-07T14:31:33.0770353Z Prepare workflow directory
2026-10-07T14:31:33.1223978Z Prepare all required actions
2026-10-07T14:31:33.1292231Z Getting action download info
2026-10-07T14:31:33.4165068Z Download action repository 'actions/checkout@v4' (SHA:11d5960a326750d5838078e36cf38b85af677262)
2026-10-07T14:31:33.5159078Z Download action repository 'actions/upload-artifact@v4' (SHA:ea165f8d65b6e75b540449e92b4886f43607fa02)
2026-10-07T14:31:33.7246170Z Complete job name: devtest
2026-10-07T14:31:33.8014181Z ##[group]Run actions/checkout@v4
2026-10-07T14:31:33.8015069Z with:
2026-10-07T14:31:33.8015700Z   repository: Ctrl-CV-Master/erpnext-tmc-external-validation
2026-10-07T14:31:33.8020325Z   token: ***
2026-10-07T14:31:33.8020815Z   ssh-strict: true
2026-10-07T14:31:33.8021299Z   ssh-user: git
2026-10-07T14:31:33.8021793Z   persist-credentials: true
2026-10-07T14:31:33.8022327Z   clean: true
2026-10-07T14:31:33.8022823Z   sparse-checkout-cone-mode: true
2026-10-07T14:31:33.8023385Z   fetch-depth: 1
2026-10-07T14:31:33.8023863Z   fetch-tags: false
2026-10-07T14:31:33.8024350Z   show-progress: true
2026-10-07T14:31:33.8024854Z   lfs: false
2026-10-07T14:31:33.8025320Z   submodules: false
2026-10-07T14:31:33.8025826Z   set-safe-directory: true
2026-10-07T14:31:33.8026378Z   allow-unsafe-pr-checkout: false
2026-10-07T14:31:33.8027116Z env:
2026-10-07T14:31:33.8027575Z   ERPNEXT_VERSION: v15.99.1
2026-10-07T14:31:33.8028510Z   FRAPPE_DOCKER_SHA: f71a386bc13f75dcc0cf7462f025f531576a04fc
2026-10-07T14:31:33.8029347Z   ADMIN_PASSWORD: Smoke2026x!
2026-10-07T14:31:33.8029906Z   DB_PASSWORD: Smoke2026x!
2026-10-07T14:31:33.8030423Z ##[endgroup]
2026-10-07T14:31:33.9053961Z Syncing repository: Ctrl-CV-Master/erpnext-tmc-external-validation
2026-10-07T14:31:33.9056194Z ##[group]Getting Git version info
2026-10-07T14:31:33.9057532Z Working directory is '/home/runner/work/erpnext-tmc-external-validation/erpnext-tmc-external-validation'
2026-10-07T14:31:33.9059062Z [command]/usr/bin/git version
2026-10-07T14:31:33.9129269Z git version 2.55.0
2026-10-07T14:31:33.9151092Z ##[endgroup]
2026-10-07T14:31:33.9168077Z Temporarily overriding HOME='/home/runner/work/_temp/9b52be92-d2a3-4b09-b1c7-07d5eaf857d9' before making global git config changes
2026-10-07T14:31:33.9170891Z Adding repository directory to the temporary git global config as a safe directory
2026-10-07T14:31:33.9175696Z [command]/usr/bin/git config --global --add safe.directory /home/runner/work/erpnext-tmc-external-validation/erpnext-tmc-external-validation
2026-10-07T14:31:33.9234644Z Deleting the contents of '/home/runner/work/erpnext-tmc-external-validation/erpnext-tmc-external-validation'
2026-10-07T14:31:33.9238303Z ##[group]Initializing the repository
2026-10-07T14:31:33.9242910Z [command]/usr/bin/git init /home/runner/work/erpnext-tmc-external-validation/erpnext-tmc-external-validation
2026-10-07T14:31:33.9323272Z hint: Using 'master' as the name for the initial branch. This default branch name
2026-10-07T14:31:33.9326038Z hint: will change to "main" in Git 3.0. To configure the initial branch name
2026-10-07T14:31:33.9327595Z hint: to use in all of your new repositories, which will suppress this warning,
2026-10-07T14:31:33.9328998Z hint: call:
2026-10-07T14:31:33.9329716Z hint:
2026-10-07T14:31:33.9330610Z hint: 	git config --global init.defaultBranch <name>
2026-10-07T14:31:33.9331662Z hint:
2026-10-07T14:31:33.9332656Z hint: Names commonly chosen instead of 'master' are 'main', 'trunk' and
2026-10-07T14:31:33.9334268Z hint: 'development'. The just-created branch can be renamed via this command:
2026-10-07T14:31:33.9335508Z hint:
2026-10-07T14:31:33.9336228Z hint: 	git branch -m <name>
2026-10-07T14:31:33.9337262Z hint:
2026-10-07T14:31:33.9338556Z hint: Disable this message with "git config set advice.defaultBranchName false"
2026-10-07T14:31:33.9340766Z Initialized empty Git repository in /home/runner/work/erpnext-tmc-external-validation/erpnext-tmc-external-validation/.git/
2026-10-07T14:31:33.9344813Z [command]/usr/bin/git remote add origin https://github.com/Ctrl-CV-Master/erpnext-tmc-external-validation
2026-10-07T14:31:33.9383651Z ##[endgroup]
2026-10-07T14:31:33.9384986Z ##[group]Disabling automatic garbage collection
2026-10-07T14:31:33.9388259Z [command]/usr/bin/git config --local gc.auto 0
2026-10-07T14:31:33.9421833Z ##[endgroup]
2026-10-07T14:31:33.9423126Z ##[group]Setting up auth
2026-10-07T14:31:33.9428081Z [command]/usr/bin/git config --local --name-only --get-regexp core\.sshCommand
2026-10-07T14:31:33.9463971Z [command]/usr/bin/git submodule foreach --recursive sh -c "git config --local --name-only --get-regexp 'core\.sshCommand' && git config --local --unset-all 'core.sshCommand' || :"
2026-10-07T14:31:33.9813306Z [command]/usr/bin/git config --local --name-only --get-regexp http\.https\:\/\/github\.com\/\.extraheader
2026-10-07T14:31:33.9851644Z [command]/usr/bin/git submodule foreach --recursive sh -c "git config --local --name-only --get-regexp 'http\.https\:\/\/github\.com\/\.extraheader' && git config --local --unset-all 'http.https://github.com/.extraheader' || :"
2026-10-07T14:31:34.0110225Z [command]/usr/bin/git config --local --name-only --get-regexp ^includeIf\.gitdir:
2026-10-07T14:31:34.0152114Z [command]/usr/bin/git submodule foreach --recursive git config --local --show-origin --name-only --get-regexp remote.origin.url
2026-10-07T14:31:34.0404051Z [command]/usr/bin/git config --local http.https://github.com/.extraheader AUTHORIZATION: basic ***
2026-10-07T14:31:34.0450457Z ##[endgroup]
2026-10-07T14:31:34.0451466Z ##[group]Fetching the repository
2026-10-07T14:31:34.0459770Z [command]/usr/bin/git -c protocol.version=2 fetch --no-tags --prune --no-recurse-submodules --depth=1 origin +503913edfa65ee8589661887c5a21525c9604487:refs/remotes/origin/main
2026-10-07T14:31:34.6962885Z From https://github.com/Ctrl-CV-Master/erpnext-tmc-external-validation
2026-10-07T14:31:34.6964960Z  * [new ref]         503913edfa65ee8589661887c5a21525c9604487 -> origin/main
2026-10-07T14:31:34.6970484Z ##[endgroup]
2026-10-07T14:31:34.6971890Z ##[group]Determining the checkout info
2026-10-07T14:31:34.6973349Z ##[endgroup]
2026-10-07T14:31:34.6977295Z [command]/usr/bin/git sparse-checkout disable
2026-10-07T14:31:34.7044644Z [command]/usr/bin/git config --local --unset-all extensions.worktreeConfig
2026-10-07T14:31:34.7082661Z ##[group]Checking out the ref
2026-10-07T14:31:34.7097750Z [command]/usr/bin/git checkout --progress --force -B main refs/remotes/origin/main
2026-10-07T14:31:34.7422967Z Switched to a new branch 'main'
2026-10-07T14:31:34.7433515Z branch 'main' set up to track 'origin/main'.
2026-10-07T14:31:34.7438786Z ##[endgroup]
2026-10-07T14:31:34.7486335Z [command]/usr/bin/git log -1 --format=%H
2026-10-07T14:31:34.7514988Z 503913edfa65ee8589661887c5a21525c9604487
2026-10-07T14:31:34.7782642Z ##[group]Run bash scripts/cleanup_runner_disk.sh normal
2026-10-07T14:31:34.7784570Z [36;1mbash scripts/cleanup_runner_disk.sh normal[0m
2026-10-07T14:31:34.8014913Z shell: /usr/bin/bash -e {0}
2026-10-07T14:31:34.8016212Z env:
2026-10-07T14:31:34.8017271Z   ERPNEXT_VERSION: v15.99.1
2026-10-07T14:31:34.8018971Z   FRAPPE_DOCKER_SHA: f71a386bc13f75dcc0cf7462f025f531576a04fc
2026-10-07T14:31:34.8020633Z   ADMIN_PASSWORD: Smoke2026x!
2026-10-07T14:31:34.8021912Z   DB_PASSWORD: Smoke2026x!
2026-10-07T14:31:34.8023099Z ##[endgroup]
2026-10-07T14:31:34.8177520Z === df -h before cleanup ===
2026-10-07T14:31:34.8383949Z Filesystem      Size  Used Avail Use% Mounted on
2026-10-07T14:31:34.8385681Z /dev/root       145G   59G   87G  41% /
2026-10-07T14:32:38.5135836Z removing /usr/local/lib/android                        11G
2026-10-07T14:33:04.6914669Z removing /usr/share/dotnet                             5.8G
2026-10-07T14:33:09.4968648Z removing /usr/local/.ghcup                             3.7G
2026-10-07T14:33:16.2909672Z removing /opt/hostedtoolcache/CodeQL                   1.4G
2026-10-07T14:33:18.8479878Z removing /usr/share/swift                              3.5G
2026-10-07T14:33:26.4149227Z removing /usr/share/miniconda                          980M
2026-10-07T14:33:36.2985000Z removing /opt/hostedtoolcache/go                       799M
2026-10-07T14:33:40.6440751Z removing /opt/hostedtoolcache/PyPy                     523M
2026-10-07T14:33:41.6007297Z removing /usr/share/apache-maven-3.9.16                11M
2026-10-07T14:33:41.6560121Z removing /usr/share/gradle-9.8.0                       165M
2026-10-07T14:33:41.7443826Z removing /usr/share/kotlinc                            94M
2026-10-07T14:33:42.9639983Z removing /usr/lib/jvm                                  1.5G
2026-10-07T14:33:51.6511463Z removing /opt/pipx                                     500M
2026-10-07T14:33:54.1534114Z removing /usr/share/mysql                              9.5M
2026-10-07T14:33:54.1687351Z removing /var/lib/mysql                                4.0K
2026-10-07T14:34:11.1945607Z === df -h after cleanup ===
2026-10-07T14:34:11.1958105Z Filesystem      Size  Used Avail Use% Mounted on
2026-10-07T14:34:11.1959358Z /dev/root       145G   27G  118G  19% /
2026-10-07T14:34:11.2060469Z ##[group]Run bash smoke/start_erpnext.sh
2026-10-07T14:34:11.2060842Z [36;1mbash smoke/start_erpnext.sh[0m
2026-10-07T14:34:11.2135449Z shell: /usr/bin/bash -e {0}
2026-10-07T14:34:11.2135791Z env:
2026-10-07T14:34:11.2136058Z   ERPNEXT_VERSION: v15.99.1
2026-10-07T14:34:11.2136435Z   FRAPPE_DOCKER_SHA: f71a386bc13f75dcc0cf7462f025f531576a04fc
2026-10-07T14:34:11.2136849Z   ADMIN_PASSWORD: Smoke2026x!
2026-10-07T14:34:11.2137129Z   DB_PASSWORD: Smoke2026x!
2026-10-07T14:34:11.2137453Z ##[endgroup]
2026-10-07T14:34:12.0537103Z 3:    image: frappe/erpnext:v15.99.1
2026-10-07T14:34:12.0537767Z 22:    image: frappe/erpnext:v15.99.1
2026-10-07T14:34:12.0538422Z 51:    image: frappe/erpnext:v15.99.1
2026-10-07T14:34:12.0538879Z 111:    image: frappe/erpnext:v15.99.1
2026-10-07T14:34:12.0539351Z 138:    image: frappe/erpnext:v15.99.1
2026-10-07T14:34:12.0539969Z 160:    image: frappe/erpnext:v15.99.1
2026-10-07T14:34:12.0540734Z 200:    image: frappe/erpnext:v15.99.1
2026-10-07T14:34:12.0541811Z 217:    image: frappe/erpnext:v15.99.1
2026-10-07T14:34:12.0565626Z [14:34:12] pulling pinned images ...
2026-10-07T14:34:47.3807534Z  dfc4cfbee500 Pull complete 
2026-10-07T14:34:47.3808956Z  4f4fb700ef54 Extracting [==================================================>]      32B/32B
2026-10-07T14:34:47.3809783Z  4f4fb700ef54 Extracting [==================================================>]      32B/32B
2026-10-07T14:34:47.3810587Z  4f4fb700ef54 Pull complete 
2026-10-07T14:34:47.3811240Z  configurator Pulled 
2026-10-07T14:34:47.3958883Z mariadb:10.6	309MB
2026-10-07T14:34:47.3960658Z redis:6.2-alpine	27.8MB
2026-10-07T14:34:47.3961501Z frappe/erpnext:v15.99.1	2.27GB
2026-10-07T14:34:47.4511053Z === df -h after image pull ===
2026-10-07T14:34:47.4525665Z Filesystem      Size  Used Avail Use% Mounted on
2026-10-07T14:34:47.4526244Z /dev/root       145G   29G  116G  21% /
2026-10-07T14:34:47.4684171Z [14:34:47] starting stack ...
2026-10-07T14:34:47.5505706Z  Network frappe_docker_frappe_network  Creating
2026-10-07T14:34:47.5867825Z  Network frappe_docker_frappe_network  Created
2026-10-07T14:34:47.5876026Z  Volume "frappe_docker_redis-queue-data"  Creating
2026-10-07T14:34:47.5886290Z  Volume "frappe_docker_redis-queue-data"  Created
2026-10-07T14:34:47.5890689Z  Volume "frappe_docker_sites"  Creating
2026-10-07T14:34:47.5897075Z  Volume "frappe_docker_sites"  Created
2026-10-07T14:34:47.5900039Z  Volume "frappe_docker_logs"  Creating
2026-10-07T14:34:47.5912048Z  Volume "frappe_docker_logs"  Created
2026-10-07T14:34:47.5915087Z  Volume "frappe_docker_db-data"  Creating
2026-10-07T14:34:47.5929216Z  Volume "frappe_docker_db-data"  Created
2026-10-07T14:34:47.5931809Z  Container frappe_docker-redis-cache-1  Creating
2026-10-07T14:34:47.5934899Z  Container frappe_docker-configurator-1  Creating
2026-10-07T14:34:47.5935404Z  Container frappe_docker-redis-queue-1  Creating
2026-10-07T14:34:47.5935888Z  Container frappe_docker-create-site-1  Creating
2026-10-07T14:34:47.5936324Z  Container frappe_docker-db-1  Creating
2026-10-07T14:34:47.6340275Z  Container frappe_docker-db-1  Created
2026-10-07T14:34:47.6374779Z  Container frappe_docker-redis-cache-1  Created
2026-10-07T14:34:47.6411716Z  Container frappe_docker-redis-queue-1  Created
2026-10-07T14:34:47.6565642Z  Container frappe_docker-create-site-1  Created
2026-10-07T14:34:47.6702237Z  Container frappe_docker-configurator-1  Created
2026-10-07T14:34:47.6702841Z  Container frappe_docker-queue-short-1  Creating
2026-10-07T14:34:47.6703529Z  Container frappe_docker-queue-long-1  Creating
2026-10-07T14:34:47.6704217Z  Container frappe_docker-scheduler-1  Creating
2026-10-07T14:34:47.6705271Z  Container frappe_docker-backend-1  Creating
2026-10-07T14:34:47.6706101Z  Container frappe_docker-websocket-1  Creating
2026-10-07T14:34:47.7159172Z  Container frappe_docker-backend-1  Created
2026-10-07T14:34:47.7160007Z  Container frappe_docker-websocket-1  Created
2026-10-07T14:34:47.7162992Z  Container frappe_docker-frontend-1  Creating
2026-10-07T14:34:47.7196973Z  Container frappe_docker-queue-short-1  Created
2026-10-07T14:34:47.7203020Z  Container frappe_docker-scheduler-1  Created
2026-10-07T14:34:47.7324456Z  Container frappe_docker-queue-long-1  Created
2026-10-07T14:34:47.7465638Z  Container frappe_docker-frontend-1  Created
2026-10-07T14:34:47.7493760Z  Container frappe_docker-db-1  Starting
2026-10-07T14:34:47.7496847Z  Container frappe_docker-configurator-1  Starting
2026-10-07T14:34:47.7497895Z  Container frappe_docker-redis-cache-1  Starting
2026-10-07T14:34:47.7498628Z  Container frappe_docker-create-site-1  Starting
2026-10-07T14:34:47.7499141Z  Container frappe_docker-redis-queue-1  Starting
2026-10-07T14:34:48.0141685Z  Container frappe_docker-create-site-1  Started
2026-10-07T14:34:48.0357702Z  Container frappe_docker-redis-queue-1  Started
2026-10-07T14:34:48.0497929Z  Container frappe_docker-db-1  Started
2026-10-07T14:34:48.0502701Z  Container frappe_docker-redis-cache-1  Started
2026-10-07T14:34:48.0621113Z  Container frappe_docker-configurator-1  Started
2026-10-07T14:34:48.0622457Z  Container frappe_docker-configurator-1  Waiting
2026-10-07T14:34:48.0623253Z  Container frappe_docker-configurator-1  Waiting
2026-10-07T14:34:48.0624151Z  Container frappe_docker-configurator-1  Waiting
2026-10-07T14:34:48.0624642Z  Container frappe_docker-configurator-1  Waiting
2026-10-07T14:34:48.0624975Z  Container frappe_docker-configurator-1  Waiting
2026-10-07T14:34:52.0707649Z  Container frappe_docker-configurator-1  Exited
2026-10-07T14:34:52.0708902Z  Container frappe_docker-queue-short-1  Starting
2026-10-07T14:34:52.0712532Z  Container frappe_docker-configurator-1  Exited
2026-10-07T14:34:52.0723761Z  Container frappe_docker-websocket-1  Starting
2026-10-07T14:34:52.0729838Z  Container frappe_docker-configurator-1  Exited
2026-10-07T14:34:52.0730394Z  Container frappe_docker-backend-1  Starting
2026-10-07T14:34:52.0730915Z  Container frappe_docker-configurator-1  Exited
2026-10-07T14:34:52.0731388Z  Container frappe_docker-scheduler-1  Starting
2026-10-07T14:34:52.0751414Z  Container frappe_docker-configurator-1  Exited
2026-10-07T14:34:52.0752473Z  Container frappe_docker-queue-long-1  Starting
2026-10-07T14:34:52.2766034Z  Container frappe_docker-scheduler-1  Started
2026-10-07T14:34:52.3173108Z  Container frappe_docker-backend-1  Started
2026-10-07T14:34:52.3874712Z  Container frappe_docker-queue-short-1  Started
2026-10-07T14:34:52.3949910Z  Container frappe_docker-queue-long-1  Started
2026-10-07T14:34:52.3972665Z  Container frappe_docker-websocket-1  Started
2026-10-07T14:34:52.3976052Z  Container frappe_docker-frontend-1  Starting
2026-10-07T14:34:52.7628463Z  Container frappe_docker-frontend-1  Started
2026-10-07T14:35:57.1890766Z create-site completed successfully at 14:35:57
2026-10-07T14:35:57.3267009Z ERPNEXT_READY after 70s (create-site exit 0 + pong)
2026-10-07T14:35:57.4545950Z detected site: frontend
2026-10-07T14:35:57.5716164Z db_name raw match: "db_name": "_5e5899d8398b5f7b"
2026-10-07T14:35:57.5750780Z db: _5e5899d8398b5f7b
2026-10-07T14:35:58.4783093Z setup_complete written via SQL
2026-10-07T14:35:58.6117405Z setup_complete now: 1
2026-10-07T14:35:58.7328005Z installed_apps: frappe=1 erpnext=1 
2026-10-07T14:35:58.8651485Z language set to en
2026-10-07T14:36:02.2996387Z curl_login_http=200 body={"message":"Logged In","home_page":"/app/home","full_name":"Administrator"}
2026-10-07T14:36:02.3843930Z NAME                          IMAGE                     COMMAND                  SERVICE       CREATED              STATUS                        PORTS
2026-10-07T14:36:02.3847799Z frappe_docker-backend-1       frappe/erpnext:v15.99.1   "/home/frappe/frappe…"   backend       About a minute ago   Up About a minute             
2026-10-07T14:36:02.3849703Z frappe_docker-db-1            mariadb:10.6              "docker-entrypoint.s…"   db            About a minute ago   Up About a minute (healthy)   3306/tcp
2026-10-07T14:36:02.3856642Z frappe_docker-frontend-1      frappe/erpnext:v15.99.1   "nginx-entrypoint.sh"    frontend      About a minute ago   Up About a minute             0.0.0.0:8080->8080/tcp, [::]:8080->8080/tcp
2026-10-07T14:36:02.3857986Z frappe_docker-queue-long-1    frappe/erpnext:v15.99.1   "bench worker --queu…"   queue-long    About a minute ago   Up About a minute             
2026-10-07T14:36:02.3859370Z frappe_docker-queue-short-1   frappe/erpnext:v15.99.1   "bench worker --queu…"   queue-short   About a minute ago   Up About a minute             
2026-10-07T14:36:02.3860429Z frappe_docker-redis-cache-1   redis:6.2-alpine          "docker-entrypoint.s…"   redis-cache   About a minute ago   Up About a minute             6379/tcp
2026-10-07T14:36:02.3861511Z frappe_docker-redis-queue-1   redis:6.2-alpine          "docker-entrypoint.s…"   redis-queue   About a minute ago   Up About a minute             6379/tcp
2026-10-07T14:36:02.3862406Z frappe_docker-scheduler-1     frappe/erpnext:v15.99.1   "bench schedule"         scheduler     About a minute ago   Up About a minute             
2026-10-07T14:36:02.3863858Z frappe_docker-websocket-1     frappe/erpnext:v15.99.1   "node /home/frappe/f…"   websocket     About a minute ago   Up About a minute             
2026-10-07T14:36:02.3897762Z === df -h after startup ===
2026-10-07T14:36:02.3915150Z Filesystem      Size  Used Avail Use% Mounted on
2026-10-07T14:36:02.3915774Z /dev/root       145G   30G  115G  21% /
2026-10-07T14:36:07.3985488Z ##[group]Run bash fixtures/restore_base.sh
2026-10-07T14:36:07.3985864Z [36;1mbash fixtures/restore_base.sh[0m
2026-10-07T14:36:07.4051918Z shell: /usr/bin/bash -e {0}
2026-10-07T14:36:07.4052209Z env:
2026-10-07T14:36:07.4052430Z   ERPNEXT_VERSION: v15.99.1
2026-10-07T14:36:07.4052992Z   FRAPPE_DOCKER_SHA: f71a386bc13f75dcc0cf7462f025f531576a04fc
2026-10-07T14:36:07.4053350Z   ADMIN_PASSWORD: Smoke2026x!
2026-10-07T14:36:07.4053608Z   DB_PASSWORD: Smoke2026x!
2026-10-07T14:36:07.4053849Z ##[endgroup]
2026-10-07T14:36:07.4189964Z restore: site=frontend db=_5e5899d8398b5f7b
2026-10-07T14:36:13.3795241Z restore: /login http=200
2026-10-07T14:36:13.3795636Z BASE_RESTORED
2026-10-07T14:36:13.3834819Z ##[group]Run python3 -m venv .venv
2026-10-07T14:36:13.3835170Z [36;1mpython3 -m venv .venv[0m
2026-10-07T14:36:13.3835483Z [36;1m.venv/bin/pip install -q --upgrade pip[0m
2026-10-07T14:36:13.3835881Z [36;1m.venv/bin/pip install -q "playwright==1.52.0"[0m
2026-10-07T14:36:13.3836327Z [36;1m.venv/bin/python -m playwright install --with-deps chromium[0m
2026-10-07T14:36:13.3903711Z shell: /usr/bin/bash -e {0}
2026-10-07T14:36:13.3903992Z env:
2026-10-07T14:36:13.3904220Z   ERPNEXT_VERSION: v15.99.1
2026-10-07T14:36:13.3904547Z   FRAPPE_DOCKER_SHA: f71a386bc13f75dcc0cf7462f025f531576a04fc
2026-10-07T14:36:13.3904923Z   ADMIN_PASSWORD: Smoke2026x!
2026-10-07T14:36:13.3905183Z   DB_PASSWORD: Smoke2026x!
2026-10-07T14:36:13.3905422Z ##[endgroup]
2026-10-07T14:36:19.9342880Z Installing dependencies...
2026-10-07T14:36:19.9418065Z Switching to root user to install dependencies...
2026-10-07T14:36:20.0109746Z Get:1 file:/etc/apt/apt-mirrors.txt Mirrorlist [144 B]
2026-10-07T14:36:20.0346433Z Get:2 http://azure.archive.ubuntu.com/ubuntu noble InRelease [256 kB]
2026-10-07T14:36:20.0472857Z Get:6 https://packages.microsoft.com/ubuntu/24.04/prod noble InRelease [3600 B]
2026-10-07T14:36:20.0486065Z Get:3 http://azure.archive.ubuntu.com/ubuntu noble-updates InRelease [126 kB]
2026-10-07T14:36:20.0508667Z Get:4 http://azure.archive.ubuntu.com/ubuntu noble-backports InRelease [126 kB]
2026-10-07T14:36:20.0531682Z Get:5 http://azure.archive.ubuntu.com/ubuntu noble-security InRelease [126 kB]
2026-10-07T14:36:20.1302223Z Get:7 http://azure.archive.ubuntu.com/ubuntu noble/main amd64 Packages [1401 kB]
2026-10-07T14:36:20.1479524Z Get:8 http://azure.archive.ubuntu.com/ubuntu noble/main Translation-en [513 kB]
2026-10-07T14:36:20.1495330Z Get:9 http://azure.archive.ubuntu.com/ubuntu noble/main amd64 Components [464 kB]
2026-10-07T14:36:20.1542989Z Get:10 http://azure.archive.ubuntu.com/ubuntu noble/main amd64 c-n-f Metadata [30.5 kB]
2026-10-07T14:36:20.1569026Z Get:11 http://azure.archive.ubuntu.com/ubuntu noble/universe amd64 Packages [15.0 MB]
2026-10-07T14:36:20.1972015Z Get:22 https://packages.microsoft.com/ubuntu/24.04/prod noble/main arm64 Packages [463 kB]
2026-10-07T14:36:20.2060922Z Get:23 https://packages.microsoft.com/ubuntu/24.04/prod noble/main all Packages [643 B]
2026-10-07T14:36:20.2107128Z Get:24 https://packages.microsoft.com/ubuntu/24.04/prod noble/main amd64 Packages [519 kB]
2026-10-07T14:36:20.2239410Z Get:25 https://packages.microsoft.com/ubuntu/24.04/prod noble/main armhf Packages [12.6 kB]
2026-10-07T14:36:20.2355438Z Get:12 http://azure.archive.ubuntu.com/ubuntu noble/universe Translation-en [5982 kB]
2026-10-07T14:36:20.2670338Z Get:13 http://azure.archive.ubuntu.com/ubuntu noble/universe amd64 Components [3871 kB]
2026-10-07T14:36:20.2871023Z Get:14 http://azure.archive.ubuntu.com/ubuntu noble/universe amd64 c-n-f Metadata [301 kB]
2026-10-07T14:36:20.2876954Z Get:15 http://azure.archive.ubuntu.com/ubuntu noble/restricted amd64 Packages [93.9 kB]
2026-10-07T14:36:20.2893096Z Get:16 http://azure.archive.ubuntu.com/ubuntu noble/restricted Translation-en [18.7 kB]
2026-10-07T14:36:20.2905439Z Get:17 http://azure.archive.ubuntu.com/ubuntu noble/restricted amd64 c-n-f Metadata [416 B]
2026-10-07T14:36:20.3360695Z Get:18 http://azure.archive.ubuntu.com/ubuntu noble/multiverse amd64 Packages [269 kB]
2026-10-07T14:36:20.3391267Z Get:19 http://azure.archive.ubuntu.com/ubuntu noble/multiverse Translation-en [118 kB]
2026-10-07T14:36:20.3397317Z Get:20 http://azure.archive.ubuntu.com/ubuntu noble/multiverse amd64 Components [35.0 kB]
2026-10-07T14:36:20.3419658Z Get:21 http://azure.archive.ubuntu.com/ubuntu noble/multiverse amd64 c-n-f Metadata [8328 B]
2026-10-07T14:36:20.3432655Z Get:26 http://azure.archive.ubuntu.com/ubuntu noble-updates/main amd64 Packages [1375 kB]
2026-10-07T14:36:20.3519120Z Get:27 http://azure.archive.ubuntu.com/ubuntu noble-updates/main Translation-en [306 kB]
2026-10-07T14:36:20.3550287Z Get:28 http://azure.archive.ubuntu.com/ubuntu noble-updates/main amd64 Components [181 kB]
2026-10-07T14:36:20.3563924Z Get:29 http://azure.archive.ubuntu.com/ubuntu noble-updates/main amd64 c-n-f Metadata [17.7 kB]
2026-10-07T14:36:20.3589388Z Get:30 http://azure.archive.ubuntu.com/ubuntu noble-updates/universe amd64 Packages [1702 kB]
2026-10-07T14:36:20.3710262Z Get:31 http://azure.archive.ubuntu.com/ubuntu noble-updates/universe Translation-en [341 kB]
2026-10-07T14:36:20.3730703Z Get:32 http://azure.archive.ubuntu.com/ubuntu noble-updates/universe amd64 Components [388 kB]
2026-10-07T14:36:20.3790571Z Get:33 http://azure.archive.ubuntu.com/ubuntu noble-updates/universe amd64 c-n-f Metadata [34.9 kB]
2026-10-07T14:36:20.3832383Z Get:34 http://azure.archive.ubuntu.com/ubuntu noble-updates/restricted amd64 Packages [1730 kB]
2026-10-07T14:36:20.3920777Z Get:35 http://azure.archive.ubuntu.com/ubuntu noble-updates/restricted Translation-en [396 kB]
2026-10-07T14:36:20.3942222Z Get:36 http://azure.archive.ubuntu.com/ubuntu noble-updates/restricted amd64 Components [212 B]
2026-10-07T14:36:20.4436280Z Get:37 http://azure.archive.ubuntu.com/ubuntu noble-updates/restricted amd64 c-n-f Metadata [456 B]
2026-10-07T14:36:20.4445673Z Get:38 http://azure.archive.ubuntu.com/ubuntu noble-updates/multiverse amd64 Packages [45.7 kB]
2026-10-07T14:36:20.4461892Z Get:39 http://azure.archive.ubuntu.com/ubuntu noble-updates/multiverse Translation-en [13.3 kB]
2026-10-07T14:36:20.4469644Z Get:40 http://azure.archive.ubuntu.com/ubuntu noble-updates/multiverse amd64 Components [940 B]
2026-10-07T14:36:20.4483017Z Get:41 http://azure.archive.ubuntu.com/ubuntu noble-updates/multiverse amd64 c-n-f Metadata [656 B]
2026-10-07T14:36:20.4491749Z Get:42 http://azure.archive.ubuntu.com/ubuntu noble-backports/main amd64 Packages [40.6 kB]
2026-10-07T14:36:20.4506419Z Get:43 http://azure.archive.ubuntu.com/ubuntu noble-backports/main Translation-en [9172 B]
2026-10-07T14:36:20.4516890Z Get:44 http://azure.archive.ubuntu.com/ubuntu noble-backports/main amd64 Components [5752 B]
2026-10-07T14:36:20.4526997Z Get:45 http://azure.archive.ubuntu.com/ubuntu noble-backports/main amd64 c-n-f Metadata [368 B]
2026-10-07T14:36:20.4534845Z Get:46 http://azure.archive.ubuntu.com/ubuntu noble-backports/universe amd64 Packages [31.0 kB]
2026-10-07T14:36:20.4550588Z Get:47 http://azure.archive.ubuntu.com/ubuntu noble-backports/universe Translation-en [18.6 kB]
2026-10-07T14:36:20.4581117Z Get:48 http://azure.archive.ubuntu.com/ubuntu noble-backports/universe amd64 Components [12.6 kB]
2026-10-07T14:36:20.4582398Z Get:49 http://azure.archive.ubuntu.com/ubuntu noble-backports/universe amd64 c-n-f Metadata [1588 B]
2026-10-07T14:36:20.4585128Z Get:50 http://azure.archive.ubuntu.com/ubuntu noble-backports/restricted amd64 Components [212 B]
2026-10-07T14:36:20.5040955Z Get:51 http://azure.archive.ubuntu.com/ubuntu noble-backports/restricted amd64 c-n-f Metadata [116 B]
2026-10-07T14:36:20.5046465Z Get:52 http://azure.archive.ubuntu.com/ubuntu noble-backports/multiverse amd64 Packages [748 B]
2026-10-07T14:36:20.5069213Z Get:53 http://azure.archive.ubuntu.com/ubuntu noble-backports/multiverse Translation-en [340 B]
2026-10-07T14:36:20.5104348Z Get:54 http://azure.archive.ubuntu.com/ubuntu noble-backports/multiverse amd64 Components [212 B]
2026-10-07T14:36:20.5105871Z Get:55 http://azure.archive.ubuntu.com/ubuntu noble-backports/multiverse amd64 c-n-f Metadata [116 B]
2026-10-07T14:36:20.5109646Z Get:56 http://azure.archive.ubuntu.com/ubuntu noble-security/main amd64 Packages [1073 kB]
2026-10-07T14:36:20.5150575Z Get:57 http://azure.archive.ubuntu.com/ubuntu noble-security/main Translation-en [223 kB]
2026-10-07T14:36:20.5202107Z Get:58 http://azure.archive.ubuntu.com/ubuntu noble-security/main amd64 Components [46.4 kB]
2026-10-07T14:36:20.5219874Z Get:59 http://azure.archive.ubuntu.com/ubuntu noble-security/main amd64 c-n-f Metadata [11.9 kB]
2026-10-07T14:36:20.5221240Z Get:60 http://azure.archive.ubuntu.com/ubuntu noble-security/universe amd64 Packages [1218 kB]
2026-10-07T14:36:20.5280561Z Get:61 http://azure.archive.ubuntu.com/ubuntu noble-security/universe Translation-en [245 kB]
2026-10-07T14:36:20.5304675Z Get:62 http://azure.archive.ubuntu.com/ubuntu noble-security/universe amd64 Components [76.3 kB]
2026-10-07T14:36:20.5319749Z Get:63 http://azure.archive.ubuntu.com/ubuntu noble-security/universe amd64 c-n-f Metadata [24.2 kB]
2026-10-07T14:36:20.5351874Z Get:64 http://azure.archive.ubuntu.com/ubuntu noble-security/restricted amd64 Packages [1566 kB]
2026-10-07T14:36:20.5889907Z Get:65 http://azure.archive.ubuntu.com/ubuntu noble-security/restricted Translation-en [361 kB]
2026-10-07T14:36:20.5902035Z Get:66 http://azure.archive.ubuntu.com/ubuntu noble-security/restricted amd64 Components [212 B]
2026-10-07T14:36:20.5909924Z Get:67 http://azure.archive.ubuntu.com/ubuntu noble-security/restricted amd64 c-n-f Metadata [444 B]
2026-10-07T14:36:20.5924407Z Get:68 http://azure.archive.ubuntu.com/ubuntu noble-security/multiverse amd64 Packages [40.3 kB]
2026-10-07T14:36:20.5934449Z Get:69 http://azure.archive.ubuntu.com/ubuntu noble-security/multiverse Translation-en [11.6 kB]
2026-10-07T14:36:20.5947773Z Get:70 http://azure.archive.ubuntu.com/ubuntu noble-security/multiverse amd64 Components [208 B]
2026-10-07T14:36:20.5956782Z Get:71 http://azure.archive.ubuntu.com/ubuntu noble-security/multiverse amd64 c-n-f Metadata [468 B]
2026-10-07T14:36:32.5581185Z Fetched 41.3 MB in 4s (9288 kB/s)
2026-10-07T14:36:33.3758639Z Reading package lists...
2026-10-07T14:36:33.4013389Z Reading package lists...
2026-10-07T14:36:33.5966057Z Building dependency tree...
2026-10-07T14:36:33.5974019Z Reading state information...
2026-10-07T14:36:33.7584868Z libasound2t64 is already the newest version (1.2.11-1ubuntu0.3).
2026-10-07T14:36:33.7585622Z libasound2t64 set to manually installed.
2026-10-07T14:36:33.7586275Z libatk-bridge2.0-0t64 is already the newest version (2.52.0-1build1).
2026-10-07T14:36:33.7586933Z libatk-bridge2.0-0t64 set to manually installed.
2026-10-07T14:36:33.7587551Z libatk1.0-0t64 is already the newest version (2.52.0-1build1).
2026-10-07T14:36:33.7588373Z libatk1.0-0t64 set to manually installed.
2026-10-07T14:36:33.7588954Z libatspi2.0-0t64 is already the newest version (2.52.0-1build1).
2026-10-07T14:36:33.7589552Z libatspi2.0-0t64 set to manually installed.
2026-10-07T14:36:33.7590096Z libcairo2 is already the newest version (1.18.0-3build1).
2026-10-07T14:36:33.7590648Z libcairo2 set to manually installed.
2026-10-07T14:36:33.7591211Z libcups2t64 is already the newest version (2.4.7-1.2ubuntu7.14).
2026-10-07T14:36:33.7591847Z libcups2t64 set to manually installed.
2026-10-07T14:36:33.7592442Z libdbus-1-3 is already the newest version (1.14.10-4ubuntu4.1).
2026-10-07T14:36:33.7593045Z libdbus-1-3 set to manually installed.
2026-10-07T14:36:33.7593703Z libdrm2 is already the newest version (2.4.125-1ubuntu0.1~24.04.2).
2026-10-07T14:36:33.7594405Z libdrm2 set to manually installed.
2026-10-07T14:36:33.7594993Z libglib2.0-0t64 is already the newest version (2.80.0-6ubuntu3.9).
2026-10-07T14:36:33.7595669Z libglib2.0-0t64 set to manually installed.
2026-10-07T14:36:33.7596250Z libnspr4 is already the newest version (2:4.35-1.1build1).
2026-10-07T14:36:33.7596830Z libnspr4 set to manually installed.
2026-10-07T14:36:33.7597304Z libnss3 is already the newest version (2:3.98-1ubuntu0.2).
2026-10-07T14:36:33.7597768Z libnss3 set to manually installed.
2026-10-07T14:36:33.7598416Z libpango-1.0-0 is already the newest version (1.52.1+ds-1build1).
2026-10-07T14:36:33.7598949Z libpango-1.0-0 set to manually installed.
2026-10-07T14:36:33.7599434Z libx11-6 is already the newest version (2:1.8.7-1build1).
2026-10-07T14:36:33.7599931Z libx11-6 set to manually installed.
2026-10-07T14:36:33.7600956Z libxcb1 is already the newest version (1.15-1ubuntu2).
2026-10-07T14:36:33.7601438Z libxcb1 set to manually installed.
2026-10-07T14:36:33.7601979Z libxcomposite1 is already the newest version (1:0.4.5-1build3).
2026-10-07T14:36:33.7602544Z libxcomposite1 set to manually installed.
2026-10-07T14:36:33.7603308Z libxdamage1 is already the newest version (1:1.1.6-1build1).
2026-10-07T14:36:33.7603901Z libxdamage1 set to manually installed.
2026-10-07T14:36:33.7604441Z libxext6 is already the newest version (2:1.3.4-1build2).
2026-10-07T14:36:33.7604971Z libxext6 set to manually installed.
2026-10-07T14:36:33.7605497Z libxfixes3 is already the newest version (1:6.0.0-2build1).
2026-10-07T14:36:33.7632110Z libxfixes3 set to manually installed.
2026-10-07T14:36:33.7632731Z libxkbcommon0 is already the newest version (1.6.0-1build1).
2026-10-07T14:36:33.7633323Z libxkbcommon0 set to manually installed.
2026-10-07T14:36:33.7633866Z libxrandr2 is already the newest version (2:1.5.2-2build1).
2026-10-07T14:36:33.7634430Z libxrandr2 set to manually installed.
2026-10-07T14:36:33.7634932Z xvfb is already the newest version (2:21.1.12-1ubuntu1.8).
2026-10-07T14:36:33.7635646Z fonts-noto-color-emoji is already the newest version (2.047-0ubuntu0.24.04.1).
2026-10-07T14:36:33.7636408Z libfontconfig1 is already the newest version (2.15.0-1.1ubuntu2).
2026-10-07T14:36:33.7636994Z libfontconfig1 set to manually installed.
2026-10-07T14:36:33.7637529Z fonts-liberation is already the newest version (1:2.1.5-3).
2026-10-07T14:36:33.7638079Z fonts-liberation set to manually installed.
2026-10-07T14:36:33.7638788Z The following additional packages will be installed:
2026-10-07T14:36:33.7639477Z   libgl1-mesa-dri libglx-mesa0 mesa-libgallium xfonts-encodings xfonts-utils
2026-10-07T14:36:33.7640105Z Recommended packages:
2026-10-07T14:36:33.7640482Z   fonts-ipafont-mincho fonts-tlwg-loma
2026-10-07T14:36:33.7787585Z The following NEW packages will be installed:
2026-10-07T14:36:33.7788394Z   fonts-freefont-ttf fonts-ipafont-gothic fonts-tlwg-loma-otf fonts-unifont
2026-10-07T14:36:33.7793401Z   fonts-wqy-zenhei xfonts-cyrillic xfonts-encodings xfonts-scalable
2026-10-07T14:36:33.7793852Z   xfonts-utils
2026-10-07T14:36:33.7797386Z The following packages will be upgraded:
2026-10-07T14:36:33.7801954Z   libfreetype6 libgbm1 libgl1-mesa-dri libglx-mesa0 mesa-libgallium
2026-10-07T14:36:33.7982511Z 5 upgraded, 9 newly installed, 0 to remove and 25 not upgraded.
2026-10-07T14:36:33.7983142Z Need to get 32.5 MB of archives.
2026-10-07T14:36:33.7983703Z After this operation, 79.5 MB of additional disk space will be used.
2026-10-07T14:36:33.7984390Z Get:1 file:/etc/apt/apt-mirrors.txt Mirrorlist [144 B]
2026-10-07T14:36:33.8406155Z Get:2 http://azure.archive.ubuntu.com/ubuntu noble/universe amd64 fonts-ipafont-gothic all 00303-21ubuntu1 [3513 kB]
2026-10-07T14:36:33.9828638Z Get:3 http://azure.archive.ubuntu.com/ubuntu noble/main amd64 fonts-freefont-ttf all 20211204+svn4273-2 [5641 kB]
2026-10-07T14:36:34.1182557Z Get:4 http://azure.archive.ubuntu.com/ubuntu noble/universe amd64 fonts-tlwg-loma-otf all 1:0.7.3-1 [107 kB]
2026-10-07T14:36:34.1412356Z Get:5 http://azure.archive.ubuntu.com/ubuntu noble/universe amd64 fonts-unifont all 1:15.1.01-1build1 [2993 kB]
2026-10-07T14:36:34.2837953Z Get:6 http://azure.archive.ubuntu.com/ubuntu noble/universe amd64 fonts-wqy-zenhei all 0.9.45-8 [7472 kB]
2026-10-07T14:36:34.5028864Z Get:7 http://azure.archive.ubuntu.com/ubuntu noble-updates/main amd64 libfreetype6 amd64 2.13.2+dfsg-1ubuntu0.2 [403 kB]
2026-10-07T14:36:34.5351249Z Get:8 http://azure.archive.ubuntu.com/ubuntu noble-updates/main amd64 libgl1-mesa-dri amd64 25.2.8-0ubuntu0.24.04.4 [38.0 kB]
2026-10-07T14:36:34.5567145Z Get:9 http://azure.archive.ubuntu.com/ubuntu noble-updates/main amd64 libglx-mesa0 amd64 25.2.8-0ubuntu0.24.04.4 [110 kB]
2026-10-07T14:36:34.5806318Z Get:10 http://azure.archive.ubuntu.com/ubuntu noble-updates/main amd64 libgbm1 amd64 25.2.8-0ubuntu0.24.04.4 [34.2 kB]
2026-10-07T14:36:34.6044928Z Get:11 http://azure.archive.ubuntu.com/ubuntu noble-updates/main amd64 mesa-libgallium amd64 25.2.8-0ubuntu0.24.04.4 [10.8 MB]
2026-10-07T14:36:34.9409820Z Get:12 http://azure.archive.ubuntu.com/ubuntu noble/main amd64 xfonts-encodings all 1:1.0.5-0ubuntu2 [578 kB]
2026-10-07T14:36:34.9773534Z Get:13 http://azure.archive.ubuntu.com/ubuntu noble/main amd64 xfonts-utils amd64 1:7.7+6build3 [94.4 kB]
2026-10-07T14:36:35.0021377Z Get:14 http://azure.archive.ubuntu.com/ubuntu noble/universe amd64 xfonts-cyrillic all 1:1.0.5+nmu1 [384 kB]
2026-10-07T14:36:35.0323836Z Get:15 http://azure.archive.ubuntu.com/ubuntu noble/main amd64 xfonts-scalable all 1:1.0.3-1.3 [304 kB]
2026-10-07T14:36:35.2994258Z Fetched 32.5 MB in 1s (25.9 MB/s)
2026-10-07T14:36:35.3213937Z Selecting previously unselected package fonts-ipafont-gothic.
2026-10-07T14:36:35.3431164Z (Reading database ... 
2026-10-07T14:36:35.3431588Z (Reading database ... 5%
2026-10-07T14:36:35.3431934Z (Reading database ... 10%
2026-10-07T14:36:35.3432610Z (Reading database ... 15%
2026-10-07T14:36:35.3432859Z (Reading database ... 20%
2026-10-07T14:36:35.3433200Z (Reading database ... 25%
2026-10-07T14:36:35.3433566Z (Reading database ... 30%
2026-10-07T14:36:35.3433942Z (Reading database ... 35%
2026-10-07T14:36:35.3434306Z (Reading database ... 40%
2026-10-07T14:36:35.3434623Z (Reading database ... 45%
2026-10-07T14:36:35.3434885Z (Reading database ... 50%
2026-10-07T14:36:35.3468695Z (Reading database ... 55%
2026-10-07T14:36:35.4114369Z (Reading database ... 60%
2026-10-07T14:36:35.6616243Z (Reading database ... 65%
2026-10-07T14:36:35.8665616Z (Reading database ... 70%
2026-10-07T14:36:36.0116565Z (Reading database ... 75%
2026-10-07T14:36:36.1091203Z (Reading database ... 80%
2026-10-07T14:36:36.3068821Z (Reading database ... 85%
2026-10-07T14:36:36.3743779Z (Reading database ... 90%
2026-10-07T14:36:36.5211953Z (Reading database ... 95%
2026-10-07T14:36:36.5212454Z (Reading database ... 100%
2026-10-07T14:36:36.5212852Z (Reading database ... 202296 files and directories currently installed.)
2026-10-07T14:36:36.5260352Z Preparing to unpack .../00-fonts-ipafont-gothic_00303-21ubuntu1_all.deb ...
2026-10-07T14:36:36.5359370Z Unpacking fonts-ipafont-gothic (00303-21ubuntu1) ...
2026-10-07T14:36:36.7709702Z Selecting previously unselected package fonts-freefont-ttf.
2026-10-07T14:36:36.7846322Z Preparing to unpack .../01-fonts-freefont-ttf_20211204+svn4273-2_all.deb ...
2026-10-07T14:36:36.7851599Z Unpacking fonts-freefont-ttf (20211204+svn4273-2) ...
2026-10-07T14:36:36.8708005Z Selecting previously unselected package fonts-tlwg-loma-otf.
2026-10-07T14:36:36.8842981Z Preparing to unpack .../02-fonts-tlwg-loma-otf_1%3a0.7.3-1_all.deb ...
2026-10-07T14:36:36.8849430Z Unpacking fonts-tlwg-loma-otf (1:0.7.3-1) ...
2026-10-07T14:36:36.9058086Z Selecting previously unselected package fonts-unifont.
2026-10-07T14:36:36.9190495Z Preparing to unpack .../03-fonts-unifont_1%3a15.1.01-1build1_all.deb ...
2026-10-07T14:36:36.9197186Z Unpacking fonts-unifont (1:15.1.01-1build1) ...
2026-10-07T14:36:37.0290697Z Selecting previously unselected package fonts-wqy-zenhei.
2026-10-07T14:36:37.0426446Z Preparing to unpack .../04-fonts-wqy-zenhei_0.9.45-8_all.deb ...
2026-10-07T14:36:37.0529606Z Unpacking fonts-wqy-zenhei (0.9.45-8) ...
2026-10-07T14:36:37.5313493Z Preparing to unpack .../05-libfreetype6_2.13.2+dfsg-1ubuntu0.2_amd64.deb ...
2026-10-07T14:36:37.5332385Z Unpacking libfreetype6:amd64 (2.13.2+dfsg-1ubuntu0.2) over (2.13.2+dfsg-1ubuntu0.1) ...
2026-10-07T14:36:37.5719336Z Preparing to unpack .../06-libgl1-mesa-dri_25.2.8-0ubuntu0.24.04.4_amd64.deb ...
2026-10-07T14:36:37.5863175Z Unpacking libgl1-mesa-dri:amd64 (25.2.8-0ubuntu0.24.04.4) over (25.2.8-0ubuntu0.24.04.2) ...
2026-10-07T14:36:37.6343642Z Preparing to unpack .../07-libglx-mesa0_25.2.8-0ubuntu0.24.04.4_amd64.deb ...
2026-10-07T14:36:37.6360311Z Unpacking libglx-mesa0:amd64 (25.2.8-0ubuntu0.24.04.4) over (25.2.8-0ubuntu0.24.04.2) ...
2026-10-07T14:36:37.6715145Z Preparing to unpack .../08-libgbm1_25.2.8-0ubuntu0.24.04.4_amd64.deb ...
2026-10-07T14:36:37.6732636Z Unpacking libgbm1:amd64 (25.2.8-0ubuntu0.24.04.4) over (25.2.8-0ubuntu0.24.04.2) ...
2026-10-07T14:36:37.7085039Z Preparing to unpack .../09-mesa-libgallium_25.2.8-0ubuntu0.24.04.4_amd64.deb ...
2026-10-07T14:36:37.7103482Z Unpacking mesa-libgallium:amd64 (25.2.8-0ubuntu0.24.04.4) over (25.2.8-0ubuntu0.24.04.2) ...
2026-10-07T14:36:37.8831162Z Selecting previously unselected package xfonts-encodings.
2026-10-07T14:36:37.8967695Z Preparing to unpack .../10-xfonts-encodings_1%3a1.0.5-0ubuntu2_all.deb ...
2026-10-07T14:36:37.8973197Z Unpacking xfonts-encodings (1:1.0.5-0ubuntu2) ...
2026-10-07T14:36:37.9253999Z Selecting previously unselected package xfonts-utils.
2026-10-07T14:36:37.9389284Z Preparing to unpack .../11-xfonts-utils_1%3a7.7+6build3_amd64.deb ...
2026-10-07T14:36:37.9394472Z Unpacking xfonts-utils (1:7.7+6build3) ...
2026-10-07T14:36:37.9715810Z Selecting previously unselected package xfonts-cyrillic.
2026-10-07T14:36:37.9848519Z Preparing to unpack .../12-xfonts-cyrillic_1%3a1.0.5+nmu1_all.deb ...
2026-10-07T14:36:37.9854567Z Unpacking xfonts-cyrillic (1:1.0.5+nmu1) ...
2026-10-07T14:36:38.0190219Z Selecting previously unselected package xfonts-scalable.
2026-10-07T14:36:38.0330577Z Preparing to unpack .../13-xfonts-scalable_1%3a1.0.3-1.3_all.deb ...
2026-10-07T14:36:38.0332364Z Unpacking xfonts-scalable (1:1.0.3-1.3) ...
2026-10-07T14:36:38.0788507Z Setting up mesa-libgallium:amd64 (25.2.8-0ubuntu0.24.04.4) ...
2026-10-07T14:36:38.0806483Z Setting up libgbm1:amd64 (25.2.8-0ubuntu0.24.04.4) ...
2026-10-07T14:36:38.0821919Z Setting up libgl1-mesa-dri:amd64 (25.2.8-0ubuntu0.24.04.4) ...
2026-10-07T14:36:38.0896871Z Setting up fonts-wqy-zenhei (0.9.45-8) ...
2026-10-07T14:36:38.1009580Z Setting up fonts-freefont-ttf (20211204+svn4273-2) ...
2026-10-07T14:36:38.1025806Z Setting up fonts-tlwg-loma-otf (1:0.7.3-1) ...
2026-10-07T14:36:38.1040436Z Setting up libfreetype6:amd64 (2.13.2+dfsg-1ubuntu0.2) ...
2026-10-07T14:36:38.1058620Z Setting up xfonts-encodings (1:1.0.5-0ubuntu2) ...
2026-10-07T14:36:38.1073208Z Setting up fonts-ipafont-gothic (00303-21ubuntu1) ...
2026-10-07T14:36:38.1135567Z update-alternatives: using /usr/share/fonts/opentype/ipafont-gothic/ipag.ttf to provide /usr/share/fonts/truetype/fonts-japanese-gothic.ttf (fonts-japanese-gothic.ttf) in auto mode
2026-10-07T14:36:38.1149782Z Setting up fonts-unifont (1:15.1.01-1build1) ...
2026-10-07T14:36:38.1162724Z Setting up libglx-mesa0:amd64 (25.2.8-0ubuntu0.24.04.4) ...
2026-10-07T14:36:38.1175527Z Setting up xfonts-utils (1:7.7+6build3) ...
2026-10-07T14:36:38.1212200Z Setting up xfonts-cyrillic (1:1.0.5+nmu1) ...
2026-10-07T14:36:38.1501158Z Setting up xfonts-scalable (1:1.0.3-1.3) ...
2026-10-07T14:36:38.1779891Z Processing triggers for libc-bin (2.39-0ubuntu8.9) ...
2026-10-07T14:36:38.2042328Z Processing triggers for man-db (2.12.0-4build2) ...
2026-10-07T14:36:38.2061251Z Not building database; man-db/auto-update is not 'true'.
2026-10-07T14:36:38.2072822Z Processing triggers for fontconfig (2.15.0-1.1ubuntu2) ...
2026-10-07T14:36:38.9408527Z 
2026-10-07T14:36:38.9413062Z Running kernel seems to be up-to-date.
2026-10-07T14:36:38.9413661Z 
2026-10-07T14:36:38.9413974Z Restarting services...
2026-10-07T14:36:38.9499953Z  systemctl restart php8.3-fpm.service
2026-10-07T14:36:39.0654969Z 
2026-10-07T14:36:39.0656799Z No containers need to be restarted.
2026-10-07T14:36:39.0657328Z 
2026-10-07T14:36:39.0657789Z No user sessions are running outdated binaries.
2026-10-07T14:36:39.0658309Z 
2026-10-07T14:36:39.0658662Z No VM guests are running outdated hypervisor (qemu) binaries on this host.
2026-10-07T14:36:40.0690117Z Downloading Chromium 136.0.7103.25 (playwright build v1169) from https://cdn.playwright.dev/dbazure/download/playwright/builds/chromium/1169/chromium-linux.zip
2026-10-07T14:36:40.2237998Z |                                                                                |   0% of 167.7 MiB
2026-10-07T14:36:40.3366531Z |■■■■■■■■                                                                        |  10% of 167.7 MiB
2026-10-07T14:36:40.4171356Z |■■■■■■■■■■■■■■■■                                                                |  20% of 167.7 MiB
2026-10-07T14:36:40.4921302Z |■■■■■■■■■■■■■■■■■■■■■■■■                                                        |  30% of 167.7 MiB
2026-10-07T14:36:40.5803921Z |■■■■■■■■■■■■■■■■■■■■■■■■■■■■■■■■                                                |  40% of 167.7 MiB
2026-10-07T14:36:40.6640909Z |■■■■■■■■■■■■■■■■■■■■■■■■■■■■■■■■■■■■■■■■                                        |  50% of 167.7 MiB
2026-10-07T14:36:40.7192679Z |■■■■■■■■■■■■■■■■■■■■■■■■■■■■■■■■■■■■■■■■■■■■■■■■                                |  60% of 167.7 MiB
2026-10-07T14:36:40.7769622Z |■■■■■■■■■■■■■■■■■■■■■■■■■■■■■■■■■■■■■■■■■■■■■■■■■■■■■■■■                        |  70% of 167.7 MiB
2026-10-07T14:36:40.8360315Z |■■■■■■■■■■■■■■■■■■■■■■■■■■■■■■■■■■■■■■■■■■■■■■■■■■■■■■■■■■■■■■■■                |  80% of 167.7 MiB
2026-10-07T14:36:40.8875721Z |■■■■■■■■■■■■■■■■■■■■■■■■■■■■■■■■■■■■■■■■■■■■■■■■■■■■■■■■■■■■■■■■■■■■■■■■        |  90% of 167.7 MiB
2026-10-07T14:36:40.9435070Z |■■■■■■■■■■■■■■■■■■■■■■■■■■■■■■■■■■■■■■■■■■■■■■■■■■■■■■■■■■■■■■■■■■■■■■■■■■■■■■■■| 100% of 167.7 MiB
2026-10-07T14:36:43.8997507Z Chromium 136.0.7103.25 (playwright build v1169) downloaded to /home/runner/.cache/ms-playwright/chromium-1169
2026-10-07T14:36:43.8999521Z Downloading FFMPEG playwright build v1011 from https://cdn.playwright.dev/dbazure/download/playwright/builds/ffmpeg/1011/ffmpeg-linux.zip
2026-10-07T14:36:44.0538528Z |                                                                                |   0% of 2.3 MiB
2026-10-07T14:36:44.0594806Z |■■■■■■■■                                                                        |  10% of 2.3 MiB
2026-10-07T14:36:44.0614676Z |■■■■■■■■■■■■■■■■                                                                |  20% of 2.3 MiB
2026-10-07T14:36:44.0638276Z |■■■■■■■■■■■■■■■■■■■■■■■■                                                        |  30% of 2.3 MiB
2026-10-07T14:36:44.0657179Z |■■■■■■■■■■■■■■■■■■■■■■■■■■■■■■■■                                                |  40% of 2.3 MiB
2026-10-07T14:36:44.0673555Z |■■■■■■■■■■■■■■■■■■■■■■■■■■■■■■■■■■■■■■■■                                        |  50% of 2.3 MiB
2026-10-07T14:36:44.0690146Z |■■■■■■■■■■■■■■■■■■■■■■■■■■■■■■■■■■■■■■■■■■■■■■■■                                |  60% of 2.3 MiB
2026-10-07T14:36:44.0703213Z |■■■■■■■■■■■■■■■■■■■■■■■■■■■■■■■■■■■■■■■■■■■■■■■■■■■■■■■■                        |  70% of 2.3 MiB
2026-10-07T14:36:44.0722878Z |■■■■■■■■■■■■■■■■■■■■■■■■■■■■■■■■■■■■■■■■■■■■■■■■■■■■■■■■■■■■■■■■                |  80% of 2.3 MiB
2026-10-07T14:36:44.0737079Z |■■■■■■■■■■■■■■■■■■■■■■■■■■■■■■■■■■■■■■■■■■■■■■■■■■■■■■■■■■■■■■■■■■■■■■■■        |  90% of 2.3 MiB
2026-10-07T14:36:44.0761084Z |■■■■■■■■■■■■■■■■■■■■■■■■■■■■■■■■■■■■■■■■■■■■■■■■■■■■■■■■■■■■■■■■■■■■■■■■■■■■■■■■| 100% of 2.3 MiB
2026-10-07T14:36:44.1269248Z FFMPEG playwright build v1011 downloaded to /home/runner/.cache/ms-playwright/ffmpeg-1011
2026-10-07T14:36:44.1271939Z Downloading Chromium Headless Shell 136.0.7103.25 (playwright build v1169) from https://cdn.playwright.dev/dbazure/download/playwright/builds/chromium/1169/chromium-headless-shell-linux.zip
2026-10-07T14:36:44.2721738Z |                                                                                |   0% of 101.4 MiB
2026-10-07T14:36:44.3616287Z |■■■■■■■■                                                                        |  10% of 101.4 MiB
2026-10-07T14:36:44.4153204Z |■■■■■■■■■■■■■■■■                                                                |  20% of 101.4 MiB
2026-10-07T14:36:44.4628540Z |■■■■■■■■■■■■■■■■■■■■■■■■                                                        |  30% of 101.4 MiB
2026-10-07T14:36:44.5033173Z |■■■■■■■■■■■■■■■■■■■■■■■■■■■■■■■■                                                |  40% of 101.4 MiB
2026-10-07T14:36:44.5649311Z |■■■■■■■■■■■■■■■■■■■■■■■■■■■■■■■■■■■■■■■■                                        |  50% of 101.4 MiB
2026-10-07T14:36:44.6038502Z |■■■■■■■■■■■■■■■■■■■■■■■■■■■■■■■■■■■■■■■■■■■■■■■■                                |  60% of 101.4 MiB
2026-10-07T14:36:44.6382053Z |■■■■■■■■■■■■■■■■■■■■■■■■■■■■■■■■■■■■■■■■■■■■■■■■■■■■■■■■                        |  70% of 101.4 MiB
2026-10-07T14:36:44.6889961Z |■■■■■■■■■■■■■■■■■■■■■■■■■■■■■■■■■■■■■■■■■■■■■■■■■■■■■■■■■■■■■■■■                |  80% of 101.4 MiB
2026-10-07T14:36:44.7256610Z |■■■■■■■■■■■■■■■■■■■■■■■■■■■■■■■■■■■■■■■■■■■■■■■■■■■■■■■■■■■■■■■■■■■■■■■■        |  90% of 101.4 MiB
2026-10-07T14:36:44.7631300Z |■■■■■■■■■■■■■■■■■■■■■■■■■■■■■■■■■■■■■■■■■■■■■■■■■■■■■■■■■■■■■■■■■■■■■■■■■■■■■■■■| 100% of 101.4 MiB
2026-10-07T14:36:46.4994449Z Chromium Headless Shell 136.0.7103.25 (playwright build v1169) downloaded to /home/runner/.cache/ms-playwright/chromium_headless_shell-1169
2026-10-07T14:36:46.5842294Z ##[group]Run MOCK=
2026-10-07T14:36:46.5842587Z [36;1mMOCK=[0m
2026-10-07T14:36:46.5842986Z [36;1m.venv/bin/python harness/runner.py --task "tasks/formal/F13/F13-P-I1.json" \[0m
2026-10-07T14:36:46.5843496Z [36;1m  --method "R3" --out-dir runs/dev $MOCK[0m
2026-10-07T14:36:46.5843910Z [36;1mecho "## devtest result" >> "$GITHUB_STEP_SUMMARY"[0m
2026-10-07T14:36:46.5844354Z [36;1mcat runs/dev/*.manifest.json >> "$GITHUB_STEP_SUMMARY" || true[0m
2026-10-07T14:36:46.5911786Z shell: /usr/bin/bash -e {0}
2026-10-07T14:36:46.5912060Z env:
2026-10-07T14:36:46.5912284Z   ERPNEXT_VERSION: v15.99.1
2026-10-07T14:36:46.5912616Z   FRAPPE_DOCKER_SHA: f71a386bc13f75dcc0cf7462f025f531576a04fc
2026-10-07T14:36:46.5912977Z   ADMIN_PASSWORD: Smoke2026x!
2026-10-07T14:36:46.5913246Z   DB_PASSWORD: Smoke2026x!
2026-10-07T14:36:46.5914197Z   GLM_API_KEY: ***
2026-10-07T14:36:46.5914537Z   GLM_API_KEY_2: ***
2026-10-07T14:36:46.5914870Z   GLM_API_KEY_3: ***
2026-10-07T14:36:46.5915232Z   GLM_API_KEY_4: ***
2026-10-07T14:36:46.5915532Z   GLM_API_KEY_5: ***
2026-10-07T14:36:46.5915835Z   GLM_API_KEY_6: ***
2026-10-07T14:36:46.5916062Z   ERPNEXT_SITE: frontend
2026-10-07T14:36:46.5916310Z ##[endgroup]
2026-10-07T14:38:49.8489695Z EVAL_REWARD 0 FAILED 1
2026-10-07T14:38:50.0650094Z RUN_DONE F13-P-I1 R3 reward 0
2026-10-07T14:38:50.0925933Z ##[error]Process completed with exit code 1.
2026-10-07T14:38:50.1007700Z ##[group]Run actions/upload-artifact@v4
2026-10-07T14:38:50.1008018Z with:
2026-10-07T14:38:50.1008484Z   name: devtest-results
2026-10-07T14:38:50.1008728Z   path: runs/
2026-10-07T14:38:50.1008950Z   retention-days: 7
2026-10-07T14:38:50.1009187Z   if-no-files-found: warn
2026-10-07T14:38:50.1009443Z   compression-level: 6
2026-10-07T14:38:50.1009675Z   overwrite: false
2026-10-07T14:38:50.1009917Z   include-hidden-files: false
2026-10-07T14:38:50.1010167Z env:
2026-10-07T14:38:50.1010379Z   ERPNEXT_VERSION: v15.99.1
2026-10-07T14:38:50.1010696Z   FRAPPE_DOCKER_SHA: f71a386bc13f75dcc0cf7462f025f531576a04fc
2026-10-07T14:38:50.1011053Z   ADMIN_PASSWORD: Smoke2026x!
2026-10-07T14:38:50.1011320Z   DB_PASSWORD: Smoke2026x!
2026-10-07T14:38:50.1011566Z ##[endgroup]
2026-10-07T14:38:50.2740255Z (node:7427) [DEP0040] DeprecationWarning: The `punycode` module is deprecated. Please use a userland alternative instead.
2026-10-07T14:38:50.2741772Z (Use `node --trace-deprecation ...` to show where the warning was created)
2026-10-07T14:38:50.2850186Z With the provided path, there will be 3 files uploaded
2026-10-07T14:38:50.2856568Z Artifact name is valid!
2026-10-07T14:38:50.2857551Z Root directory input is valid!
2026-10-07T14:38:50.5177914Z Beginning upload of artifact content to blob storage
2026-10-07T14:38:50.5389540Z (node:7427) [DEP0169] DeprecationWarning: `url.parse()` behavior is not standardized and prone to errors that have security implications. Use the WHATWG URL API instead. CVEs are not issued for `url.parse()` vulnerabilities.
2026-10-07T14:38:50.6438645Z Uploaded bytes 1501
2026-10-07T14:38:50.6783525Z Finished uploading artifact content to blob storage!
2026-10-07T14:38:50.6784536Z SHA256 digest of uploaded artifact zip is 6be9d6acc04b52f364bd01c38eb52d6de0d7c0dd8221ea66be3f423de0ecddf1
2026-10-07T14:38:50.6786035Z Finalizing artifact upload
2026-10-07T14:38:50.9410303Z Artifact devtest-results.zip successfully finalized. Artifact ID 11489474984
2026-10-07T14:38:50.9411588Z Artifact devtest-results has been successfully uploaded! Final size is 1501 bytes. Artifact ID is 11489474984
2026-10-07T14:38:50.9418672Z Artifact download URL: https://github.com/Ctrl-CV-Master/erpnext-tmc-external-validation/actions/runs/37636852534/artifacts/11489474984
2026-10-07T14:38:50.9673095Z Post job cleanup.
2026-10-07T14:38:51.0573937Z [command]/usr/bin/git version
2026-10-07T14:38:51.0619552Z git version 2.55.0
2026-10-07T14:38:51.0655917Z Temporarily overriding HOME='/home/runner/work/_temp/7cbdb11d-7fdb-4b06-b568-fbfccba939c8' before making global git config changes
2026-10-07T14:38:51.0657234Z Adding repository directory to the temporary git global config as a safe directory
2026-10-07T14:38:51.0662058Z [command]/usr/bin/git config --global --add safe.directory /home/runner/work/erpnext-tmc-external-validation/erpnext-tmc-external-validation
2026-10-07T14:38:51.0704500Z [command]/usr/bin/git config --local --name-only --get-regexp core\.sshCommand
2026-10-07T14:38:51.0741612Z [command]/usr/bin/git submodule foreach --recursive sh -c "git config --local --name-only --get-regexp 'core\.sshCommand' && git config --local --unset-all 'core.sshCommand' || :"
2026-10-07T14:38:51.1011343Z [command]/usr/bin/git config --local --name-only --get-regexp http\.https\:\/\/github\.com\/\.extraheader
2026-10-07T14:38:51.1049446Z http.https://github.com/.extraheader
2026-10-07T14:38:51.1062370Z [command]/usr/bin/git config --local --unset-all http.https://github.com/.extraheader
2026-10-07T14:38:51.1100751Z [command]/usr/bin/git submodule foreach --recursive sh -c "git config --local --name-only --get-regexp 'http\.https\:\/\/github\.com\/\.extraheader' && git config --local --unset-all 'http.https://github.com/.extraheader' || :"
2026-10-07T14:38:51.1385443Z [command]/usr/bin/git config --local --name-only --get-regexp ^includeIf\.gitdir:
2026-10-07T14:38:51.1429625Z [command]/usr/bin/git submodule foreach --recursive git config --local --show-origin --name-only --get-regexp remote.origin.url
2026-10-07T14:38:51.1885161Z Cleaning up orphan processes
2026-10-07T14:38:51.2251639Z Terminate orphan process: pid (2470) (bash)
2026-10-07T14:38:51.2472612Z Terminate orphan process: pid (7164) (sleep)
2026-10-07T14:38:51.2483865Z ##[warning]Node.js 20 is deprecated. The following actions target Node.js 20 but are being forced to run on Node.js 24: actions/checkout@v4, actions/upload-artifact@v4. For more information see: https://github.blog/changelog/2025-09-19-deprecation-of-node-20-on-github-actions-runners/
